Archive member included to satisfy reference by file (symbol)

/home/francabrera/Desktop/Electrónica Digital III/TP_FINAL_LPC1769_CORTEXM3/CMSISv2p00_LPC17xx/Debug/libCMSISv2p00_LPC17xx.a(system_LPC17xx.o)
                              ./src/cr_startup_lpc175x_6x.o (SystemInit)
/home/francabrera/Desktop/Electrónica Digital III/TP_FINAL_LPC1769_CORTEXM3/CMSISv2p00_LPC17xx/Debug/libCMSISv2p00_LPC17xx.a(lpc17xx_adc.o)
                              ./src/initialconfig.o (ADC_Init)
/home/francabrera/Desktop/Electrónica Digital III/TP_FINAL_LPC1769_CORTEXM3/CMSISv2p00_LPC17xx/Debug/libCMSISv2p00_LPC17xx.a(lpc17xx_clkpwr.o)
                              /home/francabrera/Desktop/Electrónica Digital III/TP_FINAL_LPC1769_CORTEXM3/CMSISv2p00_LPC17xx/Debug/libCMSISv2p00_LPC17xx.a(lpc17xx_adc.o) (CLKPWR_GetPCLK)
/home/francabrera/Desktop/Electrónica Digital III/TP_FINAL_LPC1769_CORTEXM3/CMSISv2p00_LPC17xx/Debug/libCMSISv2p00_LPC17xx.a(lpc17xx_libcfg_default.o)
                              /home/francabrera/Desktop/Electrónica Digital III/TP_FINAL_LPC1769_CORTEXM3/CMSISv2p00_LPC17xx/Debug/libCMSISv2p00_LPC17xx.a(lpc17xx_adc.o) (check_failed)
/home/francabrera/Desktop/Electrónica Digital III/TP_FINAL_LPC1769_CORTEXM3/CMSISv2p00_LPC17xx/Debug/libCMSISv2p00_LPC17xx.a(lpc17xx_timer.o)
                              ./src/TP_FINAL_Cabrera_Caramuti.o (TIM_ClearIntPending)
/home/francabrera/Desktop/Electrónica Digital III/TP_FINAL_LPC1769_CORTEXM3/CMSISv2p00_LPC17xx/Debug/libCMSISv2p00_LPC17xx.a(lpc17xx_uart.o)
                              ./src/initialconfig.o (UART_Init)
/usr/local/mcuxpressoide-11.6.0_8187/ide/plugins/com.nxp.mcuxpresso.tools.linux_11.6.0.202112161359/tools/bin/../lib/gcc/arm-none-eabi/10.3.1/../../../../arm-none-eabi/lib/thumb/v7-m/nofp/libcr_nohost.a(_cr__main.o)
                              ./src/cr_startup_lpc175x_6x.o (__main)
/usr/local/mcuxpressoide-11.6.0_8187/ide/plugins/com.nxp.mcuxpresso.tools.linux_11.6.0.202112161359/tools/bin/../lib/gcc/arm-none-eabi/10.3.1/../../../../arm-none-eabi/lib/thumb/v7-m/nofp/libcr_c.a(initio.o)
                              /usr/local/mcuxpressoide-11.6.0_8187/ide/plugins/com.nxp.mcuxpresso.tools.linux_11.6.0.202112161359/tools/bin/../lib/gcc/arm-none-eabi/10.3.1/../../../../arm-none-eabi/lib/thumb/v7-m/nofp/libcr_nohost.a(_cr__main.o) (_initio)
/usr/local/mcuxpressoide-11.6.0_8187/ide/plugins/com.nxp.mcuxpresso.tools.linux_11.6.0.202112161359/tools/bin/../lib/gcc/arm-none-eabi/10.3.1/../../../../arm-none-eabi/lib/thumb/v7-m/nofp/libcr_c.a(setvbuf.o)
                              /usr/local/mcuxpressoide-11.6.0_8187/ide/plugins/com.nxp.mcuxpresso.tools.linux_11.6.0.202112161359/tools/bin/../lib/gcc/arm-none-eabi/10.3.1/../../../../arm-none-eabi/lib/thumb/v7-m/nofp/libcr_c.a(initio.o) (setvbuf)
/usr/local/mcuxpressoide-11.6.0_8187/ide/plugins/com.nxp.mcuxpresso.tools.linux_11.6.0.202112161359/tools/bin/../lib/gcc/arm-none-eabi/10.3.1/../../../../arm-none-eabi/lib/thumb/v7-m/nofp/libcr_c.a(_fdopen.o)
                              /usr/local/mcuxpressoide-11.6.0_8187/ide/plugins/com.nxp.mcuxpresso.tools.linux_11.6.0.202112161359/tools/bin/../lib/gcc/arm-none-eabi/10.3.1/../../../../arm-none-eabi/lib/thumb/v7-m/nofp/libcr_c.a(initio.o) (_fdopen)
/usr/local/mcuxpressoide-11.6.0_8187/ide/plugins/com.nxp.mcuxpresso.tools.linux_11.6.0.202112161359/tools/bin/../lib/gcc/arm-none-eabi/10.3.1/../../../../arm-none-eabi/lib/thumb/v7-m/nofp/libcr_c.a(fclose.o)
                              /usr/local/mcuxpressoide-11.6.0_8187/ide/plugins/com.nxp.mcuxpresso.tools.linux_11.6.0.202112161359/tools/bin/../lib/gcc/arm-none-eabi/10.3.1/../../../../arm-none-eabi/lib/thumb/v7-m/nofp/libcr_c.a(initio.o) (fclose)
/usr/local/mcuxpressoide-11.6.0_8187/ide/plugins/com.nxp.mcuxpresso.tools.linux_11.6.0.202112161359/tools/bin/../lib/gcc/arm-none-eabi/10.3.1/../../../../arm-none-eabi/lib/thumb/v7-m/nofp/libcr_c.a(fflush.o)
                              /usr/local/mcuxpressoide-11.6.0_8187/ide/plugins/com.nxp.mcuxpresso.tools.linux_11.6.0.202112161359/tools/bin/../lib/gcc/arm-none-eabi/10.3.1/../../../../arm-none-eabi/lib/thumb/v7-m/nofp/libcr_c.a(fclose.o) (fflush)
/usr/local/mcuxpressoide-11.6.0_8187/ide/plugins/com.nxp.mcuxpresso.tools.linux_11.6.0.202112161359/tools/bin/../lib/gcc/arm-none-eabi/10.3.1/../../../../arm-none-eabi/lib/thumb/v7-m/nofp/libcr_c.a(fseek.o)
                              /usr/local/mcuxpressoide-11.6.0_8187/ide/plugins/com.nxp.mcuxpresso.tools.linux_11.6.0.202112161359/tools/bin/../lib/gcc/arm-none-eabi/10.3.1/../../../../arm-none-eabi/lib/thumb/v7-m/nofp/libcr_c.a(_fdopen.o) (fseek)
/usr/local/mcuxpressoide-11.6.0_8187/ide/plugins/com.nxp.mcuxpresso.tools.linux_11.6.0.202112161359/tools/bin/../lib/gcc/arm-none-eabi/10.3.1/../../../../arm-none-eabi/lib/thumb/v7-m/nofp/libcr_c.a(ftell.o)
[...]
Memory Configuration

Name             Origin             Length             Attributes
MFlash512        0x0000000000000000 0x0000000000080000 xr
RamLoc32         0x0000000010000000 0x0000000000008000 xrw
RamAHB32         0x000000002007c000 0x0000000000008000 xrw
*default*        0x0000000000000000 0xffffffffffffffff

Linker script and memory map

LOAD ./src/TP_FINAL_Cabrera_Caramuti.o
LOAD ./src/cr_startup_lpc175x_6x.o
LOAD ./src/crp.o
LOAD ./src/initialconfig.o
LOAD ./src/loadcell.o
LOAD /home/francabrera/Desktop/Electrónica Digital III/TP_FINAL_LPC1769_CORTEXM3/CMSISv2p00_LPC17xx/Debug/libCMSISv2p00_LPC17xx.a
START GROUP
LOAD /usr/local/mcuxpressoide-11.6.0_8187/ide/plugins/com.nxp.mcuxpresso.tools.linux_11.6.0.202112161359/tools/bin/../lib/gcc/arm-none-eabi/10.3.1/../../../../arm-none-eabi/lib/thumb/v7-m/nofp/libcr_nohost.a
LOAD /usr/local/mcuxpressoide-11.6.0_8187/ide/plugins/com.nxp.mcuxpresso.tools.linux_11.6.0.202112161359/tools/bin/../lib/gcc/arm-none-eabi/10.3.1/../../../../arm-none-eabi/lib/thumb/v7-m/nofp/libcr_c.a
LOAD /usr/local/mcuxpressoide-11.6.0_8187/ide/plugins/com.nxp.mcuxpresso.tools.linux_11.6.0.202112161359/tools/bin/../lib/gcc/arm-none-eabi/10.3.1/thumb/v7-m/nofp/libcr_eabihelpers.a
LOAD /usr/local/mcuxpressoide-11.6.0_8187/ide/plugins/com.nxp.mcuxpresso.tools.linux_11.6.0.202112161359/tools/bin/../lib/gcc/arm-none-eabi/10.3.1/thumb/v7-m/nofp/libgcc.a
END GROUP
                0x0000000000000000                __base_MFlash512 = 0x0
                0x0000000000000000                __base_Flash = 0x0
                0x0000000000080000                __top_MFlash512 = 0x80000
                0x0000000000080000                __top_Flash = 0x80000
                0x0000000010000000                __base_RamLoc32 = 0x10000000
                0x0000000010000000                __base_RAM = 0x10000000
                0x0000000010008000                __top_RamLoc32 = 0x10008000
                0x0000000010008000                __top_RAM = 0x10008000
                0x000000002007c000                __base_RamAHB32 = 0x2007c000
                0x000000002007c000                __base_RAM2 = 0x2007c000
                0x0000000020084000                __top_RamAHB32 = 0x20084000
                0x0000000020084000                __top_RAM2 = 0x20084000

.text           0x0000000000000000     0x1828
 FILL mask 0xff
                0x0000000000000000                __vectors_start__ = ABSOLUTE (.)
 *(.isr_vector)
 .isr_vector    0x0000000000000000       0xcc ./src/cr_startup_lpc175x_6x.o
                0x0000000000000000                g_pfnVectors
                0x00000000000000cc                . = ALIGN (0x4)
                0x00000000000000cc                __section_table_start = .
                0x00000000000000cc                __data_section_table = .
                0x00000000000000cc        0x4 LONG 0x1828 LOADADDR (.data)
                0x00000000000000d0        0x4 LONG 0x10000000 ADDR (.data)
                0x00000000000000d4        0x4 LONG 0x4 SIZEOF (.data)
                0x00000000000000d8        0x4 LONG 0x1828 LOADADDR (.data_RAM2)
                0x00000000000000dc        0x4 LONG 0x2007c000 ADDR (.data_RAM2)
                0x00000000000000e0        0x4 LONG 0x0 SIZEOF (.data_RAM2)
                0x00000000000000e4                __data_section_table_end = .
                0x00000000000000e4                __bss_section_table = .
                0x00000000000000e4        0x4 LONG 0x10000004 ADDR (.bss)
                0x00000000000000e8        0x4 LONG 0x1e8 SIZEOF (.bss)
                0x00000000000000ec        0x4 LONG 0x2007c000 ADDR (.bss_RAM2)
                0x00000000000000f0        0x4 LONG 0x0 SIZEOF (.bss_RAM2)
                0x00000000000000f4                __bss_section_table_end = .
                0x00000000000000f4                __section_table_end = .
 *(.after_vectors*)
 .after_vectors
                0x00000000000000f4      0x130 ./src/cr_startup_lpc175x_6x.o
                0x00000000000000f4                data_init
                0x0000000000000138                bss_init
                0x0000000000000170                ResetISR
                0x00000000000001e8                NMI_Handler
                0x00000000000001ee                HardFault_Handler
                0x00000000000001f4                MemManage_Handler
                0x00000000000001fa                BusFault_Handler
                0x0000000000000200                UsageFault_Handler
                0x0000000000000206                SVC_Handler
                0x000000000000020c                DebugMon_Handler
                0x0000000000000212                PendSV_Handler
                0x0000000000000218                SysTick_Handler
                0x000000000000021e                TIMER2_IRQHandler
                0x000000000000021e                RIT_IRQHandler
                0x000000000000021e                I2C0_IRQHandler
                0x000000000000021e                USBActivity_IRQHandler
                0x000000000000021e                PWM1_IRQHandler
                0x000000000000021e                I2C1_IRQHandler
                0x000000000000021e                UART1_IRQHandler
                0x000000000000021e                EINT3_IRQHandler
                0x000000000000021e                CANActivity_IRQHandler
                0x000000000000021e                TIMER3_IRQHandler
                0x000000000000021e                UART0_IRQHandler
                0x000000000000021e                IntDefaultHandler
                0x000000000000021e                PLL0_IRQHandler
                0x000000000000021e                CAN_IRQHandler
                0x000000000000021e                PLL1_IRQHandler
                0x000000000000021e                SSP0_IRQHandler
                0x000000000000021e                I2S_IRQHandler
                0x000000000000021e                I2C2_IRQHandler
                0x000000000000021e                RTC_IRQHandler
                0x000000000000021e                SPI_IRQHandler
                0x000000000000021e                TIMER1_IRQHandler
                0x000000000000021e                UART2_IRQHandler
                0x000000000000021e                SSP1_IRQHandler
                0x000000000000021e                USB_IRQHandler
                0x000000000000021e                BOD_IRQHandler
                0x000000000000021e                WDT_IRQHandler
                0x000000000000021e                QEI_IRQHandler
                0x000000000000021e                DMA_IRQHandler
                0x000000000000021e                UART3_IRQHandler
                0x000000000000021e                MCPWM_IRQHandler
                0x000000000000021e                ENET_IRQHandler
                0x00000000000002fc                . = 0x2fc
 *fill*         0x0000000000000224       0xd8 ff
                0x00000000000002fc                PROVIDE (__CRP_WORD_START__ = .)
 *(.crp)
 .crp           0x00000000000002fc        0x4 ./src/crp.o
                0x00000000000002fc                CRP_WORD
                0x0000000000000300                PROVIDE (__CRP_WORD_END__ = .)
                0x0000000000000001                ASSERT (! ((__CRP_WORD_START__ == __CRP_WORD_END__)), Linker CRP Enabled, but no CRP_WORD provided within application)
 *(.text*)
 .text.main     0x0000000000000300       0x38 ./src/TP_FINAL_Cabrera_Caramuti.o
                0x0000000000000300                main
 .text.EINT0_IRQHandler
                0x0000000000000338       0x2c ./src/TP_FINAL_Cabrera_Caramuti.o
                0x0000000000000338                EINT0_IRQHandler
 .text.EINT1_IRQHandler
                0x0000000000000364       0x28 ./src/TP_FINAL_Cabrera_Caramuti.o
                0x0000000000000364                EINT1_IRQHandler
 .text.EINT2_IRQHandler
                0x000000000000038c       0x38 ./src/TP_FINAL_Cabrera_Caramuti.o
                0x000000000000038c                EINT2_IRQHandler
 .text.ADC_IRQHandler
                0x00000000000003c4       0x18 ./src/TP_FINAL_Cabrera_Caramuti.o
                0x00000000000003c4                ADC_IRQHandler
 .text.TIMER0_IRQHandler
                0x00000000000003dc       0x44 ./src/TP_FINAL_Cabrera_Caramuti.o
                0x00000000000003dc                TIMER0_IRQHandler
 .text.NVIC_EnableIRQ
                0x0000000000000420       0x30 ./src/initialconfig.o
 .text.initialConfigurations
                0x0000000000000450       0x1e ./src/initialconfig.o
                0x0000000000000450                initialConfigurations
 *fill*         0x000000000000046e        0x2 ff
 .text.configEINT
                0x0000000000000470       0x90 ./src/initialconfig.o
 .text.configPIN
                0x0000000000000500       0x3c ./src/initialconfig.o
 .text.configADC
                0x000000000000053c       0x60 ./src/initialconfig.o
 .text.configTIMER
                0x000000000000059c       0x70 ./src/initialconfig.o
 .text.configUART
                0x000000000000060c       0x48 ./src/initialconfig.o
 .text.getWeight
                0x0000000000000654       0x3c ./src/loadcell.o
                0x0000000000000654                getWeight
 .text.blink    0x0000000000000690       0x84 ./src/loadcell.o
 .text.getTare  0x0000000000000714       0x58 ./src/loadcell.o
                0x0000000000000714                getTare
 .text.start    0x000000000000076c       0x50 ./src/loadcell.o
                0x000000000000076c                start
 .text.stop     0x00000000000007bc       0x40 ./src/loadcell.o
                0x00000000000007bc                stop
 .text.SystemInit
                0x00000000000007fc       0xd8 /home/francabrera/Desktop/Electrónica Digital III/TP_FINAL_LPC1769_CORTEXM3/CMSISv2p00_LPC17xx/Debug/libCMSISv2p00_LPC17xx.a(system_LPC17xx.o)
                0x00000000000007fc                SystemInit
 .text.ADC_Init
                0x00000000000008d4       0x58 /home/francabrera/Desktop/Electrónica Digital III/TP_FINAL_LPC1769_CORTEXM3/CMSISv2p00_LPC17xx/Debug/libCMSISv2p00_LPC17xx.a(lpc17xx_adc.o)
                0x00000000000008d4                ADC_Init
 .text.ADC_StartCmd
                0x000000000000092c       0x3c /home/francabrera/Desktop/Electrónica Digital III/TP_FINAL_LPC1769_CORTEXM3/CMSISv2p00_LPC17xx/Debug/libCMSISv2p00_LPC17xx.a(lpc17xx_adc.o)
                0x000000000000092c                ADC_StartCmd
 .text.ADC_EdgeStartConfig
                0x0000000000000968       0x3c /home/francabrera/Desktop/Electrónica Digital III/TP_FINAL_LPC1769_CORTEXM3/CMSISv2p00_LPC17xx/Debug/libCMSISv2p00_LPC17xx.a(lpc17xx_adc.o)
                0x0000000000000968                ADC_EdgeStartConfig
 .text.ADC_IntConfig
                0x00000000000009a4       0x44 /home/francabrera/Desktop/Electrónica Digital III/TP_FINAL_LPC1769_CORTEXM3/CMSISv2p00_LPC17xx/Debug/libCMSISv2p00_LPC17xx.a(lpc17xx_adc.o)
                0x00000000000009a4                ADC_IntConfig
 .text.ADC_ChannelCmd
                0x00000000000009e8       0x34 /home/francabrera/Desktop/Electrónica Digital III/TP_FINAL_LPC1769_CORTEXM3/CMSISv2p00_LPC17xx/Debug/libCMSISv2p00_LPC17xx.a(lpc17xx_adc.o)
                0x00000000000009e8                ADC_ChannelCmd
 .text.CLKPWR_SetPCLKDiv
                0x0000000000000a1c       0x4c /home/francabrera/Desktop/Electrónica Digital III/TP_FINAL_LPC1769_CORTEXM3/CMSISv2p00_LPC17xx/Debug/libCMSISv2p00_LPC17xx.a(lpc17xx_clkpwr.o)
                0x0000000000000a1c                CLKPWR_SetPCLKDiv
 .text.CLKPWR_GetPCLKSEL
                0x0000000000000a68       0x20 /home/francabrera/Desktop/Electrónica Digital III/TP_FINAL_LPC1769_CORTEXM3/CMSISv2p00_LPC17xx/Debug/libCMSISv2p00_LPC17xx.a(lpc17xx_clkpwr.o)
                0x0000000000000a68                CLKPWR_GetPCLKSEL
 .text.CLKPWR_GetPCLK
                0x0000000000000a88       0x20 /home/francabrera/Desktop/Electrónica Digital III/TP_FINAL_LPC1769_CORTEXM3/CMSISv2p00_LPC17xx/Debug/libCMSISv2p00_LPC17xx.a(lpc17xx_clkpwr.o)
                0x0000000000000a88                CLKPWR_GetPCLK
 .text.CLKPWR_ConfigPPWR
                0x0000000000000aa8       0x34 /home/francabrera/Desktop/Electrónica Digital III/TP_FINAL_LPC1769_CORTEXM3/CMSISv2p00_LPC17xx/Debug/libCMSISv2p00_LPC17xx.a(lpc17xx_clkpwr.o)
                0x0000000000000aa8                CLKPWR_ConfigPPWR
 .text.check_failed
                0x0000000000000adc        0x2 /home/francabrera/Desktop/Electrónica Digital III/TP_FINAL_LPC1769_CORTEXM3/CMSISv2p00_LPC17xx/Debug/libCMSISv2p00_LPC17xx.a(lpc17xx_libcfg_default.o)
                0x0000000000000adc                check_failed
 *fill*         0x0000000000000ade        0x2 ff
 .text.TIM_ClearIntPending
                0x0000000000000ae0       0x4c /home/francabrera/Desktop/Electrónica Digital III/TP_FINAL_LPC1769_CORTEXM3/CMSISv2p00_LPC17xx/Debug/libCMSISv2p00_LPC17xx.a(lpc17xx_timer.o)
                0x0000000000000ae0                TIM_ClearIntPending
 .text.TIM_Init
                0x0000000000000b2c      0x15c /home/francabrera/Desktop/Electrónica Digital III/TP_FINAL_LPC1769_CORTEXM3/CMSISv2p00_LPC17xx/Debug/libCMSISv2p00_LPC17xx.a(lpc17xx_timer.o)
                0x0000000000000b2c                TIM_Init
 .text.TIM_Cmd  0x0000000000000c88       0x48 /home/francabrera/Desktop/Electrónica Digital III/TP_FINAL_LPC1769_CORTEXM3/CMSISv2p00_LPC17xx/Debug/libCMSISv2p00_LPC17xx.a(lpc17xx_timer.o)
                0x0000000000000c88                TIM_Cmd
 .text.TIM_ConfigMatch
                0x0000000000000cd0       0xcc /home/francabrera/Desktop/Electrónica Digital III/TP_FINAL_LPC1769_CORTEXM3/CMSISv2p00_LPC17xx/Debug/libCMSISv2p00_LPC17xx.a(lpc17xx_timer.o)
                0x0000000000000cd0                TIM_ConfigMatch
 .text.UART_Init
                0x0000000000000d9c      0x28c /home/francabrera/Desktop/Electrónica Digital III/TP_FINAL_LPC1769_CORTEXM3/CMSISv2p00_LPC17xx/Debug/libCMSISv2p00_LPC17xx.a(lpc17xx_uart.o)
                0x0000000000000d9c                UART_Init
 .text.UART_SendByte
                0x0000000000001028       0x3c /home/francabrera/Desktop/Electrónica Digital III/TP_FINAL_LPC1769_CORTEXM3/CMSISv2p00_LPC17xx/Debug/libCMSISv2p00_LPC17xx.a(lpc17xx_uart.o)
                0x0000000000001028                UART_SendByte
 .text.UART_Send
                0x0000000000001064       0x84 /home/francabrera/Desktop/Electrónica Digital III/TP_FINAL_LPC1769_CORTEXM3/CMSISv2p00_LPC17xx/Debug/libCMSISv2p00_LPC17xx.a(lpc17xx_uart.o)
                0x0000000000001064                UART_Send
 .text.UART_TxCmd
                0x00000000000010e8       0x60 /home/francabrera/Desktop/Electrónica Digital III/TP_FINAL_LPC1769_CORTEXM3/CMSISv2p00_LPC17xx/Debug/libCMSISv2p00_LPC17xx.a(lpc17xx_uart.o)
                0x00000000000010e8                UART_TxCmd
 .text.__main   0x0000000000001148        0xe /usr/local/mcuxpressoide-11.6.0_8187/ide/plugins/com.nxp.mcuxpresso.tools.linux_11.6.0.202112161359/tools/bin/../lib/gcc/arm-none-eabi/10.3.1/../../../../arm-none-eabi/lib/thumb/v7-m/nofp/libcr_nohost.a(_cr__main.o)
                0x0000000000001148                __main
 *fill*         0x0000000000001156        0x2 ff
 .text._initio  0x0000000000001158       0x78 /usr/local/mcuxpressoide-11.6.0_8187/ide/plugins/com.nxp.mcuxpresso.tools.linux_11.6.0.202112161359/tools/bin/../lib/gcc/arm-none-eabi/10.3.1/../../../../arm-none-eabi/lib/thumb/v7-m/nofp/libcr_c.a(initio.o)
                0x0000000000001158                _initio
 .text.setvbuf  0x00000000000011d0       0x3e /usr/local/mcuxpressoide-11.6.0_8187/ide/plugins/com.nxp.mcuxpresso.tools.linux_11.6.0.202112161359/tools/bin/../lib/gcc/arm-none-eabi/10.3.1/../../../../arm-none-eabi/lib/thumb/v7-m/nofp/libcr_c.a(setvbuf.o)
                0x00000000000011d0                setvbuf
 .text._fdopen  0x000000000000120e       0x68 /usr/local/mcuxpressoide-11.6.0_8187/ide/plugins/com.nxp.mcuxpresso.tools.linux_11.6.0.202112161359/tools/bin/../lib/gcc/arm-none-eabi/10.3.1/../../../../arm-none-eabi/lib/thumb/v7-m/nofp/libcr_c.a(_fdopen.o)
                0x000000000000120e                _fdopen
 .text.fclose   0x0000000000001276       0x58 /usr/local/mcuxpressoide-11.6.0_8187/ide/plugins/com.nxp.mcuxpresso.tools.linux_11.6.0.202112161359/tools/bin/../lib/gcc/arm-none-eabi/10.3.1/../../../../arm-none-eabi/lib/thumb/v7-m/nofp/libcr_c.a(fclose.o)
                0x0000000000001276                fclose
 *fill*         0x00000000000012ce        0x2 ff
 .text.fflush   0x00000000000012d0       0x3c /usr/local/mcuxpressoide-11.6.0_8187/ide/plugins/com.nxp.mcuxpresso.tools.linux_11.6.0.202112161359/tools/bin/../lib/gcc/arm-none-eabi/10.3.1/../../../../arm-none-eabi/lib/thumb/v7-m/nofp/libcr_c.a(fflush.o)
                0x00000000000012d0                fflush
 .text.fseek    0x000000000000130c       0xfc /usr/local/mcuxpressoide-11.6.0_8187/ide/plugins/com.nxp.mcuxpresso.tools.linux_11.6.0.202112161359/tools/bin/../lib/gcc/arm-none-eabi/10.3.1/../../../../arm-none-eabi/lib/thumb/v7-m/nofp/libcr_c.a(fseek.o)
                0x000000000000130c                fseek
 .text.ftell    0x0000000000001408       0x44 /usr/local/mcuxpressoide-11.6.0_8187/ide/plugins/com.nxp.mcuxpresso.tools.linux_11.6.0.202112161359/tools/bin/../lib/gcc/arm-none-eabi/10.3.1/../../../../arm-none-eabi/lib/thumb/v7-m/nofp/libcr_c.a(ftell.o)
                0x0000000000001408                ftell
 .text.remove   0x000000000000144c       0x14 /usr/local/mcuxpressoide-11.6.0_8187/ide/plugins/com.nxp.mcuxpresso.tools.linux_11.6.0.202112161359/tools/bin/../lib/gcc/arm-none-eabi/10.3.1/../../../../arm-none-eabi/lib/thumb/v7-m/nofp/libcr_c.a(remove.o)
                0x000000000000144c                remove
 .text.strlen   0x0000000000001460       0x48 /usr/local/mcuxpressoide-11.6.0_8187/ide/plugins/com.nxp.mcuxpresso.tools.linux_11.6.0.202112161359/tools/bin/../lib/gcc/arm-none-eabi/10.3.1/../../../../arm-none-eabi/lib/thumb/v7-m/nofp/libcr_c.a(strlen.o)
                0x0000000000001460                strlen
 .text.memset   0x00000000000014a8        0x4 /usr/local/mcuxpressoide-11.6.0_8187/ide/plugins/com.nxp.mcuxpresso.tools.linux_11.6.0.202112161359/tools/bin/../lib/gcc/arm-none-eabi/10.3.1/../../../../arm-none-eabi/lib/thumb/v7-m/nofp/libcr_c.a(memset.o)
                0x00000000000014a8                memset
 .text._do_fflush
                0x00000000000014ac       0x40 /usr/local/mcuxpressoide-11.6.0_8187/ide/plugins/com.nxp.mcuxpresso.tools.linux_11.6.0.202112161359/tools/bin/../lib/gcc/arm-none-eabi/10.3.1/../../../../arm-none-eabi/lib/thumb/v7-m/nofp/libcr_c.a(_do_fflush.o)
                0x00000000000014ac                _do_fflush
 .text._fflush  0x00000000000014ec       0x52 /usr/local/mcuxpressoide-11.6.0_8187/ide/plugins/com.nxp.mcuxpresso.tools.linux_11.6.0.202112161359/tools/bin/../lib/gcc/arm-none-eabi/10.3.1/../../../../arm-none-eabi/lib/thumb/v7-m/nofp/libcr_c.a(_fflush.o)
                0x00000000000014ec                _fflush
 *fill*         0x000000000000153e        0x2 ff
 .text._Cwritebuf
                0x0000000000001540       0x6c /usr/local/mcuxpressoide-11.6.0_8187/ide/plugins/com.nxp.mcuxpresso.tools.linux_11.6.0.202112161359/tools/bin/../lib/gcc/arm-none-eabi/10.3.1/../../../../arm-none-eabi/lib/thumb/v7-m/nofp/libcr_c.a(_writebuf.o)
                0x0000000000001540                _Cwritebuf
 .text.free     0x00000000000015ac       0x30 /usr/local/mcuxpressoide-11.6.0_8187/ide/plugins/com.nxp.mcuxpresso.tools.linux_11.6.0.202112161359/tools/bin/../lib/gcc/arm-none-eabi/10.3.1/../../../../arm-none-eabi/lib/thumb/v7-m/nofp/libcr_c.a(alloc.o)
                0x00000000000015ac                free
 .text._deferredlazyseek
                0x00000000000015dc       0x40 /usr/local/mcuxpressoide-11.6.0_8187/ide/plugins/com.nxp.mcuxpresso.tools.linux_11.6.0.202112161359/tools/bin/../lib/gcc/arm-none-eabi/10.3.1/../../../../arm-none-eabi/lib/thumb/v7-m/nofp/libcr_c.a(_deferredlazyseek.o)
                0x00000000000015dc                _deferredlazyseek
 .text.__aeabi_division_uldivmod
                0x000000000000161c      0x174 /usr/local/mcuxpressoide-11.6.0_8187/ide/plugins/com.nxp.mcuxpresso.tools.linux_11.6.0.202112161359/tools/bin/../lib/gcc/arm-none-eabi/10.3.1/thumb/v7-m/nofp/libcr_eabihelpers.a(division_64.o)
                0x000000000000161c                __aeabi_uldivmod
                0x0000000000001620                __bhs_ldivmod1
 .text.__aeabi_division_idiv0
                0x0000000000001790        0x2 /usr/local/mcuxpressoide-11.6.0_8187/ide/plugins/com.nxp.mcuxpresso.tools.linux_11.6.0.202112161359/tools/bin/../lib/gcc/arm-none-eabi/10.3.1/thumb/v7-m/nofp/libcr_eabihelpers.a(division_idiv0.o)
                0x0000000000001790                __aeabi_idiv0
 .text.__aeabi_memset_lowlevel
                0x0000000000001792       0x32 /usr/local/mcuxpressoide-11.6.0_8187/ide/plugins/com.nxp.mcuxpresso.tools.linux_11.6.0.202112161359/tools/bin/../lib/gcc/arm-none-eabi/10.3.1/thumb/v7-m/nofp/libcr_eabihelpers.a(memcpy.o)
                0x0000000000001792                __aeabi_lowlevel_memset
 .text.__sys_close
                0x00000000000017c4        0x6 /usr/local/mcuxpressoide-11.6.0_8187/ide/plugins/com.nxp.mcuxpresso.tools.linux_11.6.0.202112161359/tools/bin/../lib/gcc/arm-none-eabi/10.3.1/../../../../arm-none-eabi/lib/thumb/v7-m/nofp/libcr_nohost.a(__sys_close.o)
                0x00000000000017c4                __sys_close
 .text.__sys_flen
                0x00000000000017ca        0x6 /usr/local/mcuxpressoide-11.6.0_8187/ide/plugins/com.nxp.mcuxpresso.tools.linux_11.6.0.202112161359/tools/bin/../lib/gcc/arm-none-eabi/10.3.1/../../../../arm-none-eabi/lib/thumb/v7-m/nofp/libcr_nohost.a(__sys_flen.o)
                0x00000000000017ca                __sys_flen
 .text.__sys_istty
                0x00000000000017d0        0x6 /usr/local/mcuxpressoide-11.6.0_8187/ide/plugins/com.nxp.mcuxpresso.tools.linux_11.6.0.202112161359/tools/bin/../lib/gcc/arm-none-eabi/10.3.1/../../../../arm-none-eabi/lib/thumb/v7-m/nofp/libcr_nohost.a(__sys_istty.o)
                0x00000000000017d0                __sys_istty
 .text.__sys_remove
                0x00000000000017d6        0x6 /usr/local/mcuxpressoide-11.6.0_8187/ide/plugins/com.nxp.mcuxpresso.tools.linux_11.6.0.202112161359/tools/bin/../lib/gcc/arm-none-eabi/10.3.1/../../../../arm-none-eabi/lib/thumb/v7-m/nofp/libcr_nohost.a(__sys_remove.o)
                0x00000000000017d6                __sys_remove
 .text.__sys_seek
                0x00000000000017dc        0x6 /usr/local/mcuxpressoide-11.6.0_8187/ide/plugins/com.nxp.mcuxpresso.tools.linux_11.6.0.202112161359/tools/bin/../lib/gcc/arm-none-eabi/10.3.1/../../../../arm-none-eabi/lib/thumb/v7-m/nofp/libcr_nohost.a(__sys_seek.o)
                0x00000000000017dc                __sys_seek
 .text.__sys_tmpnam
                0x00000000000017e2        0x6 /usr/local/mcuxpressoide-11.6.0_8187/ide/plugins/com.nxp.mcuxpresso.tools.linux_11.6.0.202112161359/tools/bin/../lib/gcc/arm-none-eabi/10.3.1/../../../../arm-none-eabi/lib/thumb/v7-m/nofp/libcr_nohost.a(__sys_tmpnam.o)
                0x00000000000017e2                __sys_tmpnam
 .text.__sys_write
                0x00000000000017e8        0x4 /usr/local/mcuxpressoide-11.6.0_8187/ide/plugins/com.nxp.mcuxpresso.tools.linux_11.6.0.202112161359/tools/bin/../lib/gcc/arm-none-eabi/10.3.1/../../../../arm-none-eabi/lib/thumb/v7-m/nofp/libcr_nohost.a(__sys_write.o)
                0x00000000000017e8                __sys_write
 *(.rodata .rodata.* .constdata .constdata.*)
 .rodata.ADC_Init.str1.1
                0x00000000000017ec        0xe /home/francabrera/Desktop/Electrónica Digital III/TP_FINAL_LPC1769_CORTEXM3/CMSISv2p00_LPC17xx/Debug/libCMSISv2p00_LPC17xx.a(lpc17xx_adc.o)
 .rodata.CSWTCH.5
                0x00000000000017fa        0x4 /home/francabrera/Desktop/Electrónica Digital III/TP_FINAL_LPC1769_CORTEXM3/CMSISv2p00_LPC17xx/Debug/libCMSISv2p00_LPC17xx.a(lpc17xx_clkpwr.o)
 .rodata.TIM_GetIntStatus.str1.1
                0x00000000000017fe       0x10 /home/francabrera/Desktop/Electrónica Digital III/TP_FINAL_LPC1769_CORTEXM3/CMSISv2p00_LPC17xx/Debug/libCMSISv2p00_LPC17xx.a(lpc17xx_timer.o)
 .rodata.UART_Init.str1.1
                0x000000000000180e        0xf /home/francabrera/Desktop/Electrónica Digital III/TP_FINAL_LPC1769_CORTEXM3/CMSISv2p00_LPC17xx/Debug/libCMSISv2p00_LPC17xx.a(lpc17xx_uart.o)
 .rodata._initio.str1.1
                0x000000000000181d        0x4 /usr/local/mcuxpressoide-11.6.0_8187/ide/plugins/com.nxp.mcuxpresso.tools.linux_11.6.0.202112161359/tools/bin/../lib/gcc/arm-none-eabi/10.3.1/../../../../arm-none-eabi/lib/thumb/v7-m/nofp/libcr_c.a(initio.o)
 *fill*         0x0000000000001821        0x3 ff
 .rodata.__num_Ciob_streams
                0x0000000000001824        0x4 /usr/local/mcuxpressoide-11.6.0_8187/ide/plugins/com.nxp.mcuxpresso.tools.linux_11.6.0.202112161359/tools/bin/../lib/gcc/arm-none-eabi/10.3.1/../../../../arm-none-eabi/lib/thumb/v7-m/nofp/libcr_nohost.a(__ciob.o)
                0x0000000000001824                __num_Ciob_streams
                0x0000000000001828                . = ALIGN (0x4)

.glue_7         0x0000000000001828        0x0
 .glue_7        0x0000000000001828        0x0 linker stubs

.glue_7t        0x0000000000001828        0x0
 .glue_7t       0x0000000000001828        0x0 linker stubs

.vfp11_veneer   0x0000000000001828        0x0
 .vfp11_veneer  0x0000000000001828        0x0 linker stubs

.v4_bx          0x0000000000001828        0x0
 .v4_bx         0x0000000000001828        0x0 linker stubs

.iplt           0x0000000000001828        0x0
 .iplt          0x0000000000001828        0x0 ./src/TP_FINAL_Cabrera_Caramuti.o

.rel.dyn        0x0000000000001828        0x0
 .rel.iplt      0x0000000000001828        0x0 ./src/TP_FINAL_Cabrera_Caramuti.o

.ARM.extab
 *(.ARM.extab* .gnu.linkonce.armextab.*)

.ARM.exidx      0x0000000000001828        0x0
                0x0000000000001828                __exidx_start = .
 *(.ARM.exidx* .gnu.linkonce.armexidx.*)
                0x0000000000001828                __exidx_end = .
                0x0000000000001828                _etext = .

.data_RAM2      0x000000002007c000        0x0 load address 0x0000000000001828
 FILL mask 0xff
                [!provide]                        PROVIDE (__start_data_RAM2 = .)
                [!provide]                        PROVIDE (__start_data_RamAHB32 = .)
 *(.ramfunc.$RAM2)
 *(.ramfunc.$RamAHB32)
 *(.data.$RAM2)
 *(.data.$RamAHB32)
 *(.data.$RAM2.*)
 *(.data.$RamAHB32.*)
                0x000000002007c000                . = ALIGN (0x4)
                [!provide]                        PROVIDE (__end_data_RAM2 = .)
                [!provide]                        PROVIDE (__end_data_RamAHB32 = .)

.uninit_RESERVED
                0x0000000010000000        0x0
                0x0000000010000000                _start_uninit_RESERVED = .
 *(.bss.$RESERVED*)
                0x0000000010000000                . = ALIGN (0x4)
                0x0000000010000000                _end_uninit_RESERVED = .

.data           0x0000000010000000        0x4 load address 0x0000000000001828
 FILL mask 0xff
                0x0000000010000000                _data = .
                [!provide]                        PROVIDE (__start_data_RAM = .)
                [!provide]                        PROVIDE (__start_data_RamLoc32 = .)
 *(vtable)
 *(.ramfunc*)
 *(CodeQuickAccess)
 *(DataQuickAccess)
 *(RamFunction)
 *(.data*)
 .data.SystemCoreClock
                0x0000000010000000        0x4 /home/francabrera/Desktop/Electrónica Digital III/TP_FINAL_LPC1769_CORTEXM3/CMSISv2p00_LPC17xx/Debug/libCMSISv2p00_LPC17xx.a(system_LPC17xx.o)
                0x0000000010000000                SystemCoreClock
                0x0000000010000004                . = ALIGN (0x4)
                0x0000000010000004                _edata = .
                [!provide]                        PROVIDE (__end_data_RAM = .)
                [!provide]                        PROVIDE (__end_data_RamLoc32 = .)

.igot.plt       0x0000000010000004        0x0 load address 0x000000000000182c
 .igot.plt      0x0000000010000004        0x0 ./src/TP_FINAL_Cabrera_Caramuti.o

.bss_RAM2       0x000000002007c000        0x0
                [!provide]                        PROVIDE (__start_bss_RAM2 = .)
                [!provide]                        PROVIDE (__start_bss_RamAHB32 = .)
 *(.bss.$RAM2)
 *(.bss.$RamAHB32)
 *(.bss.$RAM2.*)
 *(.bss.$RamAHB32.*)
                0x000000002007c000                . = ALIGN ((. != 0x0)?0x4:0x1)
                [!provide]                        PROVIDE (__end_bss_RAM2 = .)
                [!provide]                        PROVIDE (__end_bss_RamAHB32 = .)

.bss            0x0000000010000004      0x1e8
                0x0000000010000004                _bss = .
                [!provide]                        PROVIDE (__start_bss_RAM = .)
                [!provide]                        PROVIDE (__start_bss_RamLoc32 = .)
 *(.bss*)
 .bss.weight    0x0000000010000004        0x2 ./src/TP_FINAL_Cabrera_Caramuti.o
                0x0000000010000004                weight
 .bss.tare      0x0000000010000006        0x2 ./src/TP_FINAL_Cabrera_Caramuti.o
                0x0000000010000006                tare
 .bss.errno     0x0000000010000008        0x4 /usr/local/mcuxpressoide-11.6.0_8187/ide/plugins/com.nxp.mcuxpresso.tools.linux_11.6.0.202112161359/tools/bin/../lib/gcc/arm-none-eabi/10.3.1/../../../../arm-none-eabi/lib/thumb/v7-m/nofp/libcr_c.a(errno.o)
                0x0000000010000008                errno
 .bss.__Ciob    0x000000001000000c      0x1e0 /usr/local/mcuxpressoide-11.6.0_8187/ide/plugins/com.nxp.mcuxpresso.tools.linux_11.6.0.202112161359/tools/bin/../lib/gcc/arm-none-eabi/10.3.1/../../../../arm-none-eabi/lib/thumb/v7-m/nofp/libcr_nohost.a(__ciob.o)
                0x000000001000000c                __Ciob
 *(COMMON)
                0x00000000100001ec                . = ALIGN (0x4)
                0x00000000100001ec                _ebss = .
                [!provide]                        PROVIDE (__end_bss_RAM = .)
                [!provide]                        PROVIDE (__end_bss_RamLoc32 = .)
                [!provide]                        PROVIDE (end = .)

.noinit_RAM2    0x000000002007c000        0x0
                [!provide]                        PROVIDE (__start_noinit_RAM2 = .)
                [!provide]                        PROVIDE (__start_noinit_RamAHB32 = .)
 *(.noinit.$RAM2)
 *(.noinit.$RamAHB32)
 *(.noinit.$RAM2.*)
 *(.noinit.$RamAHB32.*)
                0x000000002007c000                . = ALIGN (0x4)
                [!provide]                        PROVIDE (__end_noinit_RAM2 = .)
                [!provide]                        PROVIDE (__end_noinit_RamAHB32 = .)

.noinit         0x00000000100001ec        0x0
                0x00000000100001ec                _noinit = .
                [!provide]                        PROVIDE (__start_noinit_RAM = .)
                [!provide]                        PROVIDE (__start_noinit_RamLoc32 = .)
 *(.noinit*)
                0x00000000100001ec                . = ALIGN (0x4)
                0x00000000100001ec                _end_noinit = .
                [!provide]                        PROVIDE (__end_noinit_RAM = .)
                [!provide]                        PROVIDE (__end_noinit_RamLoc32 = .)
                0x00000000100001ec                PROVIDE (_pvHeapStart = DEFINED (__user_heap_base)?__user_heap_base:.)
                0x0000000010008000                PROVIDE (_vStackTop = DEFINED (__user_stack_top)?__user_stack_top:(__top_RamLoc32 - 0x0))
                0xffffffffefff74c6                PROVIDE (__valid_user_code_checksum = (0x0 - ((((((_vStackTop + (ResetISR + 0x1)) + (NMI_Handler + 0x1)) + (HardFault_Handler + 0x1)) + (DEFINED (MemManage_Handler)?MemManage_Handler:0x0 + 0x1)) + (DEFINED (BusFault_Handler)?BusFault_Handler:0x0 + 0x1)) + (DEFINED (UsageFault_Handler)?UsageFault_Handler:0x0 + 0x1))))
                0x0000000000000000                _image_start = LOADADDR (.text)
                0x000000000000182c                _image_end = (LOADADDR (.data) + SIZEOF (.data))
                0x000000000000182c                _image_size = (_image_end - _image_start)
OUTPUT(TP_FINAL_Cabrera_Caramuti.axf elf32-littlearm)
LOAD linker stubs

.debug_info     0x0000000000000000     0x5c58
 .debug_info    0x0000000000000000      0x6c5 ./src/TP_FINAL_Cabrera_Caramuti.o
 .debug_info    0x00000000000006c5      0x27f ./src/cr_startup_lpc175x_6x.o
 .debug_info    0x0000000000000944       0x40 ./src/crp.o
 .debug_info    0x0000000000000984     0x10c9 ./src/initialconfig.o
 .debug_info    0x0000000000001a4d      0x546 ./src/loadcell.o
 .debug_info    0x0000000000001f93      0x347 /home/francabrera/Desktop/Electrónica Digital III/TP_FINAL_LPC1769_CORTEXM3/CMSISv2p00_LPC17xx/Debug/libCMSISv2p00_LPC17xx.a(system_LPC17xx.o)
 .debug_info    0x00000000000022da      0x8f0 /home/francabrera/Desktop/Electrónica Digital III/TP_FINAL_LPC1769_CORTEXM3/CMSISv2p00_LPC17xx/Debug/libCMSISv2p00_LPC17xx.a(lpc17xx_adc.o)
 .debug_info    0x0000000000002bca      0x6ca /home/francabrera/Desktop/Electrónica Digital III/TP_FINAL_LPC1769_CORTEXM3/CMSISv2p00_LPC17xx/Debug/libCMSISv2p00_LPC17xx.a(lpc17xx_clkpwr.o)
 .debug_info    0x0000000000003294       0xd4 /home/francabrera/Desktop/Electrónica Digital III/TP_FINAL_LPC1769_CORTEXM3/CMSISv2p00_LPC17xx/Debug/libCMSISv2p00_LPC17xx.a(lpc17xx_libcfg_default.o)
 .debug_info    0x0000000000003368      0xc54 /home/francabrera/Desktop/Electrónica Digital III/TP_FINAL_LPC1769_CORTEXM3/CMSISv2p00_LPC17xx/Debug/libCMSISv2p00_LPC17xx.a(lpc17xx_timer.o)
 .debug_info    0x0000000000003fbc     0x1c9c /home/francabrera/Desktop/Electrónica Digital III/TP_FINAL_LPC1769_CORTEXM3/CMSISv2p00_LPC17xx/Debug/libCMSISv2p00_LPC17xx.a(lpc17xx_uart.o)

.debug_abbrev   0x0000000000000000     0x1243
 .debug_abbrev  0x0000000000000000      0x1a6 ./src/TP_FINAL_Cabrera_Caramuti.o
 .debug_abbrev  0x00000000000001a6      0x122 ./src/cr_startup_lpc175x_6x.o
 .debug_abbrev  0x00000000000002c8       0x38 ./src/crp.o
 .debug_abbrev  0x0000000000000300      0x23e ./src/initialconfig.o
 .debug_abbrev  0x000000000000053e      0x1aa ./src/loadcell.o
 .debug_abbrev  0x00000000000006e8      0x10e /home/francabrera/Desktop/Electrónica Digital III/TP_FINAL_LPC1769_CORTEXM3/CMSISv2p00_LPC17xx/Debug/libCMSISv2p00_LPC17xx.a(system_LPC17xx.o)
 .debug_abbrev  0x00000000000007f6      0x1bb /home/francabrera/Desktop/Electrónica Digital III/TP_FINAL_LPC1769_CORTEXM3/CMSISv2p00_LPC17xx/Debug/libCMSISv2p00_LPC17xx.a(lpc17xx_adc.o)
 .debug_abbrev  0x00000000000009b1      0x1f1 /home/francabrera/Desktop/Electrónica Digital III/TP_FINAL_LPC1769_CORTEXM3/CMSISv2p00_LPC17xx/Debug/libCMSISv2p00_LPC17xx.a(lpc17xx_clkpwr.o)
 .debug_abbrev  0x0000000000000ba2       0x75 /home/francabrera/Desktop/Electrónica Digital III/TP_FINAL_LPC1769_CORTEXM3/CMSISv2p00_LPC17xx/Debug/libCMSISv2p00_LPC17xx.a(lpc17xx_libcfg_default.o)
 .debug_abbrev  0x0000000000000c17      0x2c8 /home/francabrera/Desktop/Electrónica Digital III/TP_FINAL_LPC1769_CORTEXM3/CMSISv2p00_LPC17xx/Debug/libCMSISv2p00_LPC17xx.a(lpc17xx_timer.o)
 .debug_abbrev  0x0000000000000edf      0x364 /home/francabrera/Desktop/Electrónica Digital III/TP_FINAL_LPC1769_CORTEXM3/CMSISv2p00_LPC17xx/Debug/libCMSISv2p00_LPC17xx.a(lpc17xx_uart.o)

.debug_aranges  0x0000000000000000      0x408
 .debug_aranges
                0x0000000000000000       0x48 ./src/TP_FINAL_Cabrera_Caramuti.o
 .debug_aranges
                0x0000000000000048       0x80 ./src/cr_startup_lpc175x_6x.o
 .debug_aranges
                0x00000000000000c8       0x18 ./src/crp.o
 .debug_aranges
                0x00000000000000e0       0x50 ./src/initialconfig.o
 .debug_aranges
                0x0000000000000130       0x40 ./src/loadcell.o
 .debug_aranges
                0x0000000000000170       0x28 /home/francabrera/Desktop/Electrónica Digital III/TP_FINAL_LPC1769_CORTEXM3/CMSISv2p00_LPC17xx/Debug/libCMSISv2p00_LPC17xx.a(system_LPC17xx.o)
 .debug_aranges
                0x0000000000000198       0x80 /home/francabrera/Desktop/Electrónica Digital III/TP_FINAL_LPC1769_CORTEXM3/CMSISv2p00_LPC17xx/Debug/libCMSISv2p00_LPC17xx.a(lpc17xx_adc.o)
 .debug_aranges
                0x0000000000000218       0x58 /home/francabrera/Desktop/Electrónica Digital III/TP_FINAL_LPC1769_CORTEXM3/CMSISv2p00_LPC17xx/Debug/libCMSISv2p00_LPC17xx.a(lpc17xx_clkpwr.o)
 .debug_aranges
                0x0000000000000270       0x20 /home/francabrera/Desktop/Electrónica Digital III/TP_FINAL_LPC1769_CORTEXM3/CMSISv2p00_LPC17xx/Debug/libCMSISv2p00_LPC17xx.a(lpc17xx_libcfg_default.o)
 .debug_aranges
                0x0000000000000290       0x80 /home/francabrera/Desktop/Electrónica Digital III/TP_FINAL_LPC1769_CORTEXM3/CMSISv2p00_LPC17xx/Debug/libCMSISv2p00_LPC17xx.a(lpc17xx_timer.o)
 .debug_aranges
                0x0000000000000310       0xf8 /home/francabrera/Desktop/Electrónica Digital III/TP_FINAL_LPC1769_CORTEXM3/CMSISv2p00_LPC17xx/Debug/libCMSISv2p00_LPC17xx.a(lpc17xx_uart.o)

.debug_ranges   0x0000000000000000      0x410
 .debug_ranges  0x0000000000000000       0x38 ./src/TP_FINAL_Cabrera_Caramuti.o
 .debug_ranges  0x0000000000000038       0x70 ./src/cr_startup_lpc175x_6x.o
 .debug_ranges  0x00000000000000a8       0x40 ./src/initialconfig.o
 .debug_ranges  0x00000000000000e8       0x30 ./src/loadcell.o
 .debug_ranges  0x0000000000000118       0x18 /home/francabrera/Desktop/Electrónica Digital III/TP_FINAL_LPC1769_CORTEXM3/CMSISv2p00_LPC17xx/Debug/libCMSISv2p00_LPC17xx.a(system_LPC17xx.o)
 .debug_ranges  0x0000000000000130       0x70 /home/francabrera/Desktop/Electrónica Digital III/TP_FINAL_LPC1769_CORTEXM3/CMSISv2p00_LPC17xx/Debug/libCMSISv2p00_LPC17xx.a(lpc17xx_adc.o)
 .debug_ranges  0x00000000000001a0       0x48 /home/francabrera/Desktop/Electrónica Digital III/TP_FINAL_LPC1769_CORTEXM3/CMSISv2p00_LPC17xx/Debug/libCMSISv2p00_LPC17xx.a(lpc17xx_clkpwr.o)
 .debug_ranges  0x00000000000001e8       0x10 /home/francabrera/Desktop/Electrónica Digital III/TP_FINAL_LPC1769_CORTEXM3/CMSISv2p00_LPC17xx/Debug/libCMSISv2p00_LPC17xx.a(lpc17xx_libcfg_default.o)
 .debug_ranges  0x00000000000001f8       0xe8 /home/francabrera/Desktop/Electrónica Digital III/TP_FINAL_LPC1769_CORTEXM3/CMSISv2p00_LPC17xx/Debug/libCMSISv2p00_LPC17xx.a(lpc17xx_timer.o)
 .debug_ranges  0x00000000000002e0      0x130 /home/francabrera/Desktop/Electrónica Digital III/TP_FINAL_LPC1769_CORTEXM3/CMSISv2p00_LPC17xx/Debug/libCMSISv2p00_LPC17xx.a(lpc17xx_uart.o)

.debug_macro    0x0000000000000000     0x4103
 .debug_macro   0x0000000000000000       0xc6 ./src/TP_FINAL_Cabrera_Caramuti.o
 .debug_macro   0x00000000000000c6      0xa7e ./src/TP_FINAL_Cabrera_Caramuti.o
 .debug_macro   0x0000000000000b44       0x10 ./src/TP_FINAL_Cabrera_Caramuti.o
 .debug_macro   0x0000000000000b54      0x12e ./src/TP_FINAL_Cabrera_Caramuti.o
 .debug_macro   0x0000000000000c82       0xa0 ./src/TP_FINAL_Cabrera_Caramuti.o
 .debug_macro   0x0000000000000d22       0x1c ./src/TP_FINAL_Cabrera_Caramuti.o
 .debug_macro   0x0000000000000d3e       0x2e ./src/TP_FINAL_Cabrera_Caramuti.o
 .debug_macro   0x0000000000000d6c      0x5b3 ./src/TP_FINAL_Cabrera_Caramuti.o
 .debug_macro   0x000000000000131f       0x18 ./src/TP_FINAL_Cabrera_Caramuti.o
 .debug_macro   0x0000000000001337      0x7af ./src/TP_FINAL_Cabrera_Caramuti.o
 .debug_macro   0x0000000000001ae6      0x2c7 ./src/TP_FINAL_Cabrera_Caramuti.o
 .debug_macro   0x0000000000001dad       0x5d ./src/TP_FINAL_Cabrera_Caramuti.o
 .debug_macro   0x0000000000001e0a      0x334 ./src/TP_FINAL_Cabrera_Caramuti.o
 .debug_macro   0x000000000000213e       0xea ./src/TP_FINAL_Cabrera_Caramuti.o
 .debug_macro   0x0000000000002228       0x2e ./src/TP_FINAL_Cabrera_Caramuti.o
 .debug_macro   0x0000000000002256       0x1d ./src/cr_startup_lpc175x_6x.o
 .debug_macro   0x0000000000002273       0x1a ./src/crp.o
 .debug_macro   0x000000000000228d       0x34 ./src/crp.o
 .debug_macro   0x00000000000022c1       0xb2 ./src/initialconfig.o
 .debug_macro   0x0000000000002373       0x63 ./src/initialconfig.o
 .debug_macro   0x00000000000023d6       0xe5 ./src/initialconfig.o
 .debug_macro   0x00000000000024bb      0x33a ./src/initialconfig.o
 .debug_macro   0x00000000000027f5       0x88 ./src/loadcell.o
 .debug_macro   0x000000000000287d      0x12b /home/francabrera/Desktop/Electrónica Digital III/TP_FINAL_LPC1769_CORTEXM3/CMSISv2p00_LPC17xx/Debug/libCMSISv2p00_LPC17xx.a(system_LPC17xx.o)
 .debug_macro   0x00000000000029a8      0xa78 /home/francabrera/Desktop/Electrónica Digital III/TP_FINAL_LPC1769_CORTEXM3/CMSISv2p00_LPC17xx/Debug/libCMSISv2p00_LPC17xx.a(system_LPC17xx.o)
 .debug_macro   0x0000000000003420       0x9f /home/francabrera/Desktop/Electrónica Digital III/TP_FINAL_LPC1769_CORTEXM3/CMSISv2p00_LPC17xx/Debug/libCMSISv2p00_LPC17xx.a(lpc17xx_adc.o)
 .debug_macro   0x00000000000034bf      0x2f7 /home/francabrera/Desktop/Electrónica Digital III/TP_FINAL_LPC1769_CORTEXM3/CMSISv2p00_LPC17xx/Debug/libCMSISv2p00_LPC17xx.a(lpc17xx_adc.o)
 .debug_macro   0x00000000000037b6       0xd7 /home/francabrera/Desktop/Electrónica Digital III/TP_FINAL_LPC1769_CORTEXM3/CMSISv2p00_LPC17xx/Debug/libCMSISv2p00_LPC17xx.a(lpc17xx_adc.o)
 .debug_macro   0x000000000000388d       0x8d /home/francabrera/Desktop/Electrónica Digital III/TP_FINAL_LPC1769_CORTEXM3/CMSISv2p00_LPC17xx/Debug/libCMSISv2p00_LPC17xx.a(lpc17xx_clkpwr.o)
 .debug_macro   0x000000000000391a      0x2f1 /home/francabrera/Desktop/Electrónica Digital III/TP_FINAL_LPC1769_CORTEXM3/CMSISv2p00_LPC17xx/Debug/libCMSISv2p00_LPC17xx.a(lpc17xx_clkpwr.o)
 .debug_macro   0x0000000000003c0b       0x5a /home/francabrera/Desktop/Electrónica Digital III/TP_FINAL_LPC1769_CORTEXM3/CMSISv2p00_LPC17xx/Debug/libCMSISv2p00_LPC17xx.a(lpc17xx_libcfg_default.o)
 .debug_macro   0x0000000000003c65       0x5d /home/francabrera/Desktop/Electrónica Digital III/TP_FINAL_LPC1769_CORTEXM3/CMSISv2p00_LPC17xx/Debug/libCMSISv2p00_LPC17xx.a(lpc17xx_libcfg_default.o)
 .debug_macro   0x0000000000003cc2       0xd1 /home/francabrera/Desktop/Electrónica Digital III/TP_FINAL_LPC1769_CORTEXM3/CMSISv2p00_LPC17xx/Debug/libCMSISv2p00_LPC17xx.a(lpc17xx_libcfg_default.o)
 .debug_macro   0x0000000000003d93       0xa8 /home/francabrera/Desktop/Electrónica Digital III/TP_FINAL_LPC1769_CORTEXM3/CMSISv2p00_LPC17xx/Debug/libCMSISv2p00_LPC17xx.a(lpc17xx_timer.o)
 .debug_macro   0x0000000000003e3b       0xe4 /home/francabrera/Desktop/Electrónica Digital III/TP_FINAL_LPC1769_CORTEXM3/CMSISv2p00_LPC17xx/Debug/libCMSISv2p00_LPC17xx.a(lpc17xx_timer.o)
 .debug_macro   0x0000000000003f1f      0x145 /home/francabrera/Desktop/Electrónica Digital III/TP_FINAL_LPC1769_CORTEXM3/CMSISv2p00_LPC17xx/Debug/libCMSISv2p00_LPC17xx.a(lpc17xx_timer.o)
 .debug_macro   0x0000000000004064       0x9f /home/francabrera/Desktop/Electrónica Digital III/TP_FINAL_LPC1769_CORTEXM3/CMSISv2p00_LPC17xx/Debug/libCMSISv2p00_LPC17xx.a(lpc17xx_uart.o)

.debug_line     0x0000000000000000     0x3a31
 .debug_line    0x0000000000000000      0x3ce ./src/TP_FINAL_Cabrera_Caramuti.o
 .debug_line    0x00000000000003ce      0x160 ./src/cr_startup_lpc175x_6x.o
 .debug_line    0x000000000000052e       0xb5 ./src/crp.o
 .debug_line    0x00000000000005e3      0x410 ./src/initialconfig.o
 .debug_line    0x00000000000009f3      0x325 ./src/loadcell.o
 .debug_line    0x0000000000000d18      0x43c /home/francabrera/Desktop/Electrónica Digital III/TP_FINAL_LPC1769_CORTEXM3/CMSISv2p00_LPC17xx/Debug/libCMSISv2p00_LPC17xx.a(system_LPC17xx.o)
 .debug_line    0x0000000000001154      0x6b2 /home/francabrera/Desktop/Electrónica Digital III/TP_FINAL_LPC1769_CORTEXM3/CMSISv2p00_LPC17xx/Debug/libCMSISv2p00_LPC17xx.a(lpc17xx_adc.o)
 .debug_line    0x0000000000001806      0x483 /home/francabrera/Desktop/Electrónica Digital III/TP_FINAL_LPC1769_CORTEXM3/CMSISv2p00_LPC17xx/Debug/libCMSISv2p00_LPC17xx.a(lpc17xx_clkpwr.o)
 .debug_line    0x0000000000001c89      0x23d /home/francabrera/Desktop/Electrónica Digital III/TP_FINAL_LPC1769_CORTEXM3/CMSISv2p00_LPC17xx/Debug/libCMSISv2p00_LPC17xx.a(lpc17xx_libcfg_default.o)
 .debug_line    0x0000000000001ec6      0x963 /home/francabrera/Desktop/Electrónica Digital III/TP_FINAL_LPC1769_CORTEXM3/CMSISv2p00_LPC17xx/Debug/libCMSISv2p00_LPC17xx.a(lpc17xx_timer.o)
 .debug_line    0x0000000000002829     0x1208 /home/francabrera/Desktop/Electrónica Digital III/TP_FINAL_LPC1769_CORTEXM3/CMSISv2p00_LPC17xx/Debug/libCMSISv2p00_LPC17xx.a(lpc17xx_uart.o)

.debug_str      0x0000000000000000     0xe7d3
 .debug_str     0x0000000000000000     0xaa07 ./src/TP_FINAL_Cabrera_Caramuti.o
                                       0xaaa0 (size before relaxing)
 .debug_str     0x000000000000aa07      0x1c2 ./src/cr_startup_lpc175x_6x.o
                                       0x2eec (size before relaxing)
 .debug_str     0x000000000000abc9       0xe9 ./src/crp.o
                                       0x2e0d (size before relaxing)
 .debug_str     0x000000000000acb2     0x1026 ./src/initialconfig.o
                                       0xb795 (size before relaxing)
 .debug_str     0x000000000000bcd8       0x2f ./src/loadcell.o
                                       0x8710 (size before relaxing)
 .debug_str     0x000000000000bd07      0x454 /home/francabrera/Desktop/Electrónica Digital III/TP_FINAL_LPC1769_CORTEXM3/CMSISv2p00_LPC17xx/Debug/libCMSISv2p00_LPC17xx.a(system_LPC17xx.o)
                                       0x88cb (size before relaxing)
 .debug_str     0x000000000000c15b     0x15a5 /home/francabrera/Desktop/Electrónica Digital III/TP_FINAL_LPC1769_CORTEXM3/CMSISv2p00_LPC17xx/Debug/libCMSISv2p00_LPC17xx.a(lpc17xx_adc.o)
                                       0xa4ab (size before relaxing)
 .debug_str     0x000000000000d700      0x100 /home/francabrera/Desktop/Electrónica Digital III/TP_FINAL_LPC1769_CORTEXM3/CMSISv2p00_LPC17xx/Debug/libCMSISv2p00_LPC17xx.a(lpc17xx_clkpwr.o)
                                       0x9ac5 (size before relaxing)
 .debug_str     0x000000000000d800       0x2d /home/francabrera/Desktop/Electrónica Digital III/TP_FINAL_LPC1769_CORTEXM3/CMSISv2p00_LPC17xx/Debug/libCMSISv2p00_LPC17xx.a(lpc17xx_libcfg_default.o)
                                       0x46ec (size before relaxing)
 .debug_str     0x000000000000d82d      0x73b /home/francabrera/Desktop/Electrónica Digital III/TP_FINAL_LPC1769_CORTEXM3/CMSISv2p00_LPC17xx/Debug/libCMSISv2p00_LPC17xx.a(lpc17xx_timer.o)
                                       0xaae3 (size before relaxing)
 .debug_str     0x000000000000df68      0x86b /home/francabrera/Desktop/Electrónica Digital III/TP_FINAL_LPC1769_CORTEXM3/CMSISv2p00_LPC17xx/Debug/libCMSISv2p00_LPC17xx.a(lpc17xx_uart.o)
                                       0xbb73 (size before relaxing)

.comment        0x0000000000000000       0x49
 .comment       0x0000000000000000       0x49 ./src/TP_FINAL_Cabrera_Caramuti.o
                                         0x4a (size before relaxing)
 .comment       0x0000000000000049       0x4a ./src/cr_startup_lpc175x_6x.o
 .comment       0x0000000000000049       0x4a ./src/crp.o
 .comment       0x0000000000000049       0x4a ./src/initialconfig.o
 .comment       0x0000000000000049       0x4a ./src/loadcell.o
 .comment       0x0000000000000049       0x4a /home/francabrera/Desktop/Electrónica Digital III/TP_FINAL_LPC1769_CORTEXM3/CMSISv2p00_LPC17xx/Debug/libCMSISv2p00_LPC17xx.a(system_LPC17xx.o)
 .comment       0x0000000000000049       0x4a /home/francabrera/Desktop/Electrónica Digital III/TP_FINAL_LPC1769_CORTEXM3/CMSISv2p00_LPC17xx/Debug/libCMSISv2p00_LPC17xx.a(lpc17xx_adc.o)
 .comment       0x0000000000000049       0x4a /home/francabrera/Desktop/Electrónica Digital III/TP_FINAL_LPC1769_CORTEXM3/CMSISv2p00_LPC17xx/Debug/libCMSISv2p00_LPC17xx.a(lpc17xx_clkpwr.o)
 .comment       0x0000000000000049       0x4a /home/francabrera/Desktop/Electrónica Digital III/TP_FINAL_LPC1769_CORTEXM3/CMSISv2p00_LPC17xx/Debug/libCMSISv2p00_LPC17xx.a(lpc17xx_libcfg_default.o)
 .comment       0x0000000000000049       0x4a /home/francabrera/Desktop/Electrónica Digital III/TP_FINAL_LPC1769_CORTEXM3/CMSISv2p00_LPC17xx/Debug/libCMSISv2p00_LPC17xx.a(lpc17xx_timer.o)
 .comment       0x0000000000000049       0x4a /home/francabrera/Desktop/Electrónica Digital III/TP_FINAL_LPC1769_CORTEXM3/CMSISv2p00_LPC17xx/Debug/libCMSISv2p00_LPC17xx.a(lpc17xx_uart.o)
 .comment       0x0000000000000049       0x4a /usr/local/mcuxpressoide-11.6.0_8187/ide/plugins/com.nxp.mcuxpresso.tools.linux_11.6.0.202112161359/tools/bin/../lib/gcc/arm-none-eabi/10.3.1/../../../../arm-none-eabi/lib/thumb/v7-m/nofp/libcr_nohost.a(_cr__main.o)
 .comment       0x0000000000000049       0x4a /usr/local/mcuxpressoide-11.6.0_8187/ide/plugins/com.nxp.mcuxpresso.tools.linux_11.6.0.202112161359/tools/bin/../lib/gcc/arm-none-eabi/10.3.1/../../../../arm-none-eabi/lib/thumb/v7-m/nofp/libcr_c.a(initio.o)
 .comment       0x0000000000000049       0x4a /usr/local/mcuxpressoide-11.6.0_8187/ide/plugins/com.nxp.mcuxpresso.tools.linux_11.6.0.202112161359/tools/bin/../lib/gcc/arm-none-eabi/10.3.1/../../../../arm-none-eabi/lib/thumb/v7-m/nofp/libcr_c.a(setvbuf.o)
 .comment       0x0000000000000049       0x4a /usr/local/mcuxpressoide-11.6.0_8187/ide/plugins/com.nxp.mcuxpresso.tools.linux_11.6.0.202112161359/tools/bin/../lib/gcc/arm-none-eabi/10.3.1/../../../../arm-none-eabi/lib/thumb/v7-m/nofp/libcr_c.a(_fdopen.o)
 .comment       0x0000000000000049       0x4a /usr/local/mcuxpressoide-11.6.0_8187/ide/plugins/com.nxp.mcuxpresso.tools.linux_11.6.0.202112161359/tools/bin/../lib/gcc/arm-none-eabi/10.3.1/../../../../arm-none-eabi/lib/thumb/v7-m/nofp/libcr_c.a(fclose.o)
 .comment       0x0000000000000049       0x4a /usr/local/mcuxpressoide-11.6.0_8187/ide/plugins/com.nxp.mcuxpresso.tools.linux_11.6.0.202112161359/tools/bin/../lib/gcc/arm-none-eabi/10.3.1/../../../../arm-none-eabi/lib/thumb/v7-m/nofp/libcr_c.a(fflush.o)
 .comment       0x0000000000000049       0x4a /usr/local/mcuxpressoide-11.6.0_8187/ide/plugins/com.nxp.mcuxpresso.tools.linux_11.6.0.202112161359/tools/bin/../lib/gcc/arm-none-eabi/10.3.1/../../../../arm-none-eabi/lib/thumb/v7-m/nofp/libcr_c.a(fseek.o)
 .comment       0x0000000000000049       0x4a /usr/local/mcuxpressoide-11.6.0_8187/ide/plugins/com.nxp.mcuxpresso.tools.linux_11.6.0.202112161359/tools/bin/../lib/gcc/arm-none-eabi/10.3.1/../../../../arm-none-eabi/lib/thumb/v7-m/nofp/libcr_c.a(ftell.o)
 .comment       0x0000000000000049       0x4a /usr/local/mcuxpressoide-11.6.0_8187/ide/plugins/com.nxp.mcuxpresso.tools.linux_11.6.0.202112161359/tools/bin/../lib/gcc/arm-none-eabi/10.3.1/../../../../arm-none-eabi/lib/thumb/v7-m/nofp/libcr_c.a(remove.o)
 .comment       0x0000000000000049       0x4a /usr/local/mcuxpressoide-11.6.0_8187/ide/plugins/com.nxp.mcuxpresso.tools.linux_11.6.0.202112161359/tools/bin/../lib/gcc/arm-none-eabi/10.3.1/../../../../arm-none-eabi/lib/thumb/v7-m/nofp/libcr_c.a(strlen.o)
 .comment       0x0000000000000049       0x4a /usr/local/mcuxpressoide-11.6.0_8187/ide/plugins/com.nxp.mcuxpresso.tools.linux_11.6.0.202112161359/tools/bin/../lib/gcc/arm-none-eabi/10.3.1/../../../../arm-none-eabi/lib/thumb/v7-m/nofp/libcr_c.a(memset.o)
 .comment       0x0000000000000049       0x4a /usr/local/mcuxpressoide-11.6.0_8187/ide/plugins/com.nxp.mcuxpresso.tools.linux_11.6.0.202112161359/tools/bin/../lib/gcc/arm-none-eabi/10.3.1/../../../../arm-none-eabi/lib/thumb/v7-m/nofp/libcr_c.a(_do_fflush.o)
 .comment       0x0000000000000049       0x4a /usr/local/mcuxpressoide-11.6.0_8187/ide/plugins/com.nxp.mcuxpresso.tools.linux_11.6.0.202112161359/tools/bin/../lib/gcc/arm-none-eabi/10.3.1/../../../../arm-none-eabi/lib/thumb/v7-m/nofp/libcr_c.a(_fflush.o)
 .comment       0x0000000000000049       0x4a /usr/local/mcuxpressoide-11.6.0_8187/ide/plugins/com.nxp.mcuxpresso.tools.linux_11.6.0.202112161359/tools/bin/../lib/gcc/arm-none-eabi/10.3.1/../../../../arm-none-eabi/lib/thumb/v7-m/nofp/libcr_c.a(_writebuf.o)
 .comment       0x0000000000000049       0x4a /usr/local/mcuxpressoide-11.6.0_8187/ide/plugins/com.nxp.mcuxpresso.tools.linux_11.6.0.202112161359/tools/bin/../lib/gcc/arm-none-eabi/10.3.1/../../../../arm-none-eabi/lib/thumb/v7-m/nofp/libcr_c.a(alloc.o)
 .comment       0x0000000000000049       0x4a /usr/local/mcuxpressoide-11.6.0_8187/ide/plugins/com.nxp.mcuxpresso.tools.linux_11.6.0.202112161359/tools/bin/../lib/gcc/arm-none-eabi/10.3.1/../../../../arm-none-eabi/lib/thumb/v7-m/nofp/libcr_c.a(errno.o)
 .comment       0x0000000000000049       0x4a /usr/local/mcuxpressoide-11.6.0_8187/ide/plugins/com.nxp.mcuxpresso.tools.linux_11.6.0.202112161359/tools/bin/../lib/gcc/arm-none-eabi/10.3.1/../../../../arm-none-eabi/lib/thumb/v7-m/nofp/libcr_c.a(_deferredlazyseek.o)
 .comment       0x0000000000000049       0x4a /usr/local/mcuxpressoide-11.6.0_8187/ide/plugins/com.nxp.mcuxpresso.tools.linux_11.6.0.202112161359/tools/bin/../lib/gcc/arm-none-eabi/10.3.1/../../../../arm-none-eabi/lib/thumb/v7-m/nofp/libcr_nohost.a(__ciob.o)
 .comment       0x0000000000000049       0x4a /usr/local/mcuxpressoide-11.6.0_8187/ide/plugins/com.nxp.mcuxpresso.tools.linux_11.6.0.202112161359/tools/bin/../lib/gcc/arm-none-eabi/10.3.1/../../../../arm-none-eabi/lib/thumb/v7-m/nofp/libcr_nohost.a(__sys_close.o)
 .comment       0x0000000000000049       0x4a /usr/local/mcuxpressoide-11.6.0_8187/ide/plugins/com.nxp.mcuxpresso.tools.linux_11.6.0.202112161359/tools/bin/../lib/gcc/arm-none-eabi/10.3.1/../../../../arm-none-eabi/lib/thumb/v7-m/nofp/libcr_nohost.a(__sys_flen.o)
 .comment       0x0000000000000049       0x4a /usr/local/mcuxpressoide-11.6.0_8187/ide/plugins/com.nxp.mcuxpresso.tools.linux_11.6.0.202112161359/tools/bin/../lib/gcc/arm-none-eabi/10.3.1/../../../../arm-none-eabi/lib/thumb/v7-m/nofp/libcr_nohost.a(__sys_istty.o)
 .comment       0x0000000000000049       0x4a /usr/local/mcuxpressoide-11.6.0_8187/ide/plugins/com.nxp.mcuxpresso.tools.linux_11.6.0.202112161359/tools/bin/../lib/gcc/arm-none-eabi/10.3.1/../../../../arm-none-eabi/lib/thumb/v7-m/nofp/libcr_nohost.a(__sys_remove.o)
 .comment       0x0000000000000049       0x4a /usr/local/mcuxpressoide-11.6.0_8187/ide/plugins/com.nxp.mcuxpresso.tools.linux_11.6.0.202112161359/tools/bin/../lib/gcc/arm-none-eabi/10.3.1/../../../../arm-none-eabi/lib/thumb/v7-m/nofp/libcr_nohost.a(__sys_seek.o)
 .comment       0x0000000000000049       0x4a /usr/local/mcuxpressoide-11.6.0_8187/ide/plugins/com.nxp.mcuxpresso.tools.linux_11.6.0.202112161359/tools/bin/../lib/gcc/arm-none-eabi/10.3.1/../../../../arm-none-eabi/lib/thumb/v7-m/nofp/libcr_nohost.a(__sys_tmpnam.o)
 .comment       0x0000000000000049       0x4a /usr/local/mcuxpressoide-11.6.0_8187/ide/plugins/com.nxp.mcuxpresso.tools.linux_11.6.0.202112161359/tools/bin/../lib/gcc/arm-none-eabi/10.3.1/../../../../arm-none-eabi/lib/thumb/v7-m/nofp/libcr_nohost.a(__sys_write.o)

.ARM.attributes
                0x0000000000000000       0x2b
 .ARM.attributes
                0x0000000000000000       0x2d ./src/TP_FINAL_Cabrera_Caramuti.o
 .ARM.attributes
                0x000000000000002d       0x2d ./src/cr_startup_lpc175x_6x.o
 .ARM.attributes
                0x000000000000005a       0x2d ./src/crp.o
 .ARM.attributes
                0x0000000000000087       0x2d ./src/initialconfig.o
 .ARM.attributes
                0x00000000000000b4       0x2d ./src/loadcell.o
 .ARM.attributes
                0x00000000000000e1       0x2d /home/francabrera/Desktop/Electrónica Digital III/TP_FINAL_LPC1769_CORTEXM3/CMSISv2p00_LPC17xx/Debug/libCMSISv2p00_LPC17xx.a(system_LPC17xx.o)
 .ARM.attributes
                0x000000000000010e       0x2d /home/francabrera/Desktop/Electrónica Digital III/TP_FINAL_LPC1769_CORTEXM3/CMSISv2p00_LPC17xx/Debug/libCMSISv2p00_LPC17xx.a(lpc17xx_adc.o)
 .ARM.attributes
                0x000000000000013b       0x2d /home/francabrera/Desktop/Electrónica Digital III/TP_FINAL_LPC1769_CORTEXM3/CMSISv2p00_LPC17xx/Debug/libCMSISv2p00_LPC17xx.a(lpc17xx_clkpwr.o)
 .ARM.attributes
                0x0000000000000168       0x2d /home/francabrera/Desktop/Electrónica Digital III/TP_FINAL_LPC1769_CORTEXM3/CMSISv2p00_LPC17xx/Debug/libCMSISv2p00_LPC17xx.a(lpc17xx_libcfg_default.o)
 .ARM.attributes
                0x0000000000000195       0x2d /home/francabrera/Desktop/Electrónica Digital III/TP_FINAL_LPC1769_CORTEXM3/CMSISv2p00_LPC17xx/Debug/libCMSISv2p00_LPC17xx.a(lpc17xx_timer.o)
 .ARM.attributes
                0x00000000000001c2       0x2d /home/francabrera/Desktop/Electrónica Digital III/TP_FINAL_LPC1769_CORTEXM3/CMSISv2p00_LPC17xx/Debug/libCMSISv2p00_LPC17xx.a(lpc17xx_uart.o)
 .ARM.attributes
                0x00000000000001ef       0x2d /usr/local/mcuxpressoide-11.6.0_8187/ide/plugins/com.nxp.mcuxpresso.tools.linux_11.6.0.202112161359/tools/bin/../lib/gcc/arm-none-eabi/10.3.1/../../../../arm-none-eabi/lib/thumb/v7-m/nofp/libcr_nohost.a(_cr__main.o)
 .ARM.attributes
                0x000000000000021c       0x2d /usr/local/mcuxpressoide-11.6.0_8187/ide/plugins/com.nxp.mcuxpresso.tools.linux_11.6.0.202112161359/tools/bin/../lib/gcc/arm-none-eabi/10.3.1/../../../../arm-none-eabi/lib/thumb/v7-m/nofp/libcr_c.a(initio.o)
 .ARM.attributes
                0x0000000000000249       0x2d /usr/local/mcuxpressoide-11.6.0_8187/ide/plugins/com.nxp.mcuxpresso.tools.linux_11.6.0.202112161359/tools/bin/../lib/gcc/arm-none-eabi/10.3.1/../../../../arm-none-eabi/lib/thumb/v7-m/nofp/libcr_c.a(setvbuf.o)
 .ARM.attributes
                0x0000000000000276       0x2d /usr/local/mcuxpressoide-11.6.0_8187/ide/plugins/com.nxp.mcuxpresso.tools.linux_11.6.0.202112161359/tools/bin/../lib/gcc/arm-none-eabi/10.3.1/../../../../arm-none-eabi/lib/thumb/v7-m/nofp/libcr_c.a(_fdopen.o)
 .ARM.attributes
                0x00000000000002a3       0x2d /usr/local/mcuxpressoide-11.6.0_8187/ide/plugins/com.nxp.mcuxpresso.tools.linux_11.6.0.202112161359/tools/bin/../lib/gcc/arm-none-eabi/10.3.1/../../../../arm-none-eabi/lib/thumb/v7-m/nofp/libcr_c.a(fclose.o)
 .ARM.attributes
                0x00000000000002d0       0x2d /usr/local/mcuxpressoide-11.6.0_8187/ide/plugins/com.nxp.mcuxpresso.tools.linux_11.6.0.202112161359/tools/bin/../lib/gcc/arm-none-eabi/10.3.1/../../../../arm-none-eabi/lib/thumb/v7-m/nofp/libcr_c.a(fflush.o)
 .ARM.attributes
                0x00000000000002fd       0x2d /usr/local/mcuxpressoide-11.6.0_8187/ide/plugins/com.nxp.mcuxpresso.tools.linux_11.6.0.202112161359/tools/bin/../lib/gcc/arm-none-eabi/10.3.1/../../../../arm-none-eabi/lib/thumb/v7-m/nofp/libcr_c.a(fseek.o)
 .ARM.attributes
                0x000000000000032a       0x2d /usr/local/mcuxpressoide-11.6.0_8187/ide/plugins/com.nxp.mcuxpresso.tools.linux_11.6.0.202112161359/tools/bin/../lib/gcc/arm-none-eabi/10.3.1/../../../../arm-none-eabi/lib/thumb/v7-m/nofp/libcr_c.a(ftell.o)
 .ARM.attributes
                0x0000000000000357       0x2d /usr/local/mcuxpressoide-11.6.0_8187/ide/plugins/com.nxp.mcuxpresso.tools.linux_11.6.0.202112161359/tools/bin/../lib/gcc/arm-none-eabi/10.3.1/../../../../arm-none-eabi/lib/thumb/v7-m/nofp/libcr_c.a(remove.o)
 .ARM.attributes
                0x0000000000000384       0x2d /usr/local/mcuxpressoide-11.6.0_8187/ide/plugins/com.nxp.mcuxpresso.tools.linux_11.6.0.202112161359/tools/bin/../lib/gcc/arm-none-eabi/10.3.1/../../../../arm-none-eabi/lib/thumb/v7-m/nofp/libcr_c.a(strlen.o)
 .ARM.attributes
                0x00000000000003b1       0x2d /usr/local/mcuxpressoide-11.6.0_8187/ide/plugins/com.nxp.mcuxpresso.tools.linux_11.6.0.202112161359/tools/bin/../lib/gcc/arm-none-eabi/10.3.1/../../../../arm-none-eabi/lib/thumb/v7-m/nofp/libcr_c.a(memset.o)
 .ARM.attributes
                0x00000000000003de       0x2d /usr/local/mcuxpressoide-11.6.0_8187/ide/plugins/com.nxp.mcuxpresso.tools.linux_11.6.0.202112161359/tools/bin/../lib/gcc/arm-none-eabi/10.3.1/../../../../arm-none-eabi/lib/thumb/v7-m/nofp/libcr_c.a(_do_fflush.o)
 .ARM.attributes
                0x000000000000040b       0x2d /usr/local/mcuxpressoide-11.6.0_8187/ide/plugins/com.nxp.mcuxpresso.tools.linux_11.6.0.202112161359/tools/bin/../lib/gcc/arm-none-eabi/10.3.1/../../../../arm-none-eabi/lib/thumb/v7-m/nofp/libcr_c.a(_fflush.o)
 .ARM.attributes
                0x0000000000000438       0x2d /usr/local/mcuxpressoide-11.6.0_8187/ide/plugins/com.nxp.mcuxpresso.tools.linux_11.6.0.202112161359/tools/bin/../lib/gcc/arm-none-eabi/10.3.1/../../../../arm-none-eabi/lib/thumb/v7-m/nofp/libcr_c.a(_writebuf.o)
 .ARM.attributes
                0x0000000000000465       0x2d /usr/local/mcuxpressoide-11.6.0_8187/ide/plugins/com.nxp.mcuxpresso.tools.linux_11.6.0.202112161359/tools/bin/../lib/gcc/arm-none-eabi/10.3.1/../../../../arm-none-eabi/lib/thumb/v7-m/nofp/libcr_c.a(alloc.o)
 .ARM.attributes
                0x0000000000000492       0x2d /usr/local/mcuxpressoide-11.6.0_8187/ide/plugins/com.nxp.mcuxpresso.tools.linux_11.6.0.202112161359/tools/bin/../lib/gcc/arm-none-eabi/10.3.1/../../../../arm-none-eabi/lib/thumb/v7-m/nofp/libcr_c.a(errno.o)
 .ARM.attributes
                0x00000000000004bf       0x2d /usr/local/mcuxpressoide-11.6.0_8187/ide/plugins/com.nxp.mcuxpresso.tools.linux_11.6.0.202112161359/tools/bin/../lib/gcc/arm-none-eabi/10.3.1/../../../../arm-none-eabi/lib/thumb/v7-m/nofp/libcr_c.a(_deferredlazyseek.o)
 .ARM.attributes
                0x00000000000004ec       0x1b /usr/local/mcuxpressoide-11.6.0_8187/ide/plugins/com.nxp.mcuxpresso.tools.linux_11.6.0.202112161359/tools/bin/../lib/gcc/arm-none-eabi/10.3.1/thumb/v7-m/nofp/libcr_eabihelpers.a(division_64.o)
 .ARM.attributes
                0x0000000000000507       0x1b /usr/local/mcuxpressoide-11.6.0_8187/ide/plugins/com.nxp.mcuxpresso.tools.linux_11.6.0.202112161359/tools/bin/../lib/gcc/arm-none-eabi/10.3.1/thumb/v7-m/nofp/libcr_eabihelpers.a(division_idiv0.o)
 .ARM.attributes
                0x0000000000000522       0x1b /usr/local/mcuxpressoide-11.6.0_8187/ide/plugins/com.nxp.mcuxpresso.tools.linux_11.6.0.202112161359/tools/bin/../lib/gcc/arm-none-eabi/10.3.1/thumb/v7-m/nofp/libcr_eabihelpers.a(memcpy.o)
 .ARM.attributes
                0x000000000000053d       0x2d /usr/local/mcuxpressoide-11.6.0_8187/ide/plugins/com.nxp.mcuxpresso.tools.linux_11.6.0.202112161359/tools/bin/../lib/gcc/arm-none-eabi/10.3.1/../../../../arm-none-eabi/lib/thumb/v7-m/nofp/libcr_nohost.a(__ciob.o)
 .ARM.attributes
                0x000000000000056a       0x2d /usr/local/mcuxpressoide-11.6.0_8187/ide/plugins/com.nxp.mcuxpresso.tools.linux_11.6.0.202112161359/tools/bin/../lib/gcc/arm-none-eabi/10.3.1/../../../../arm-none-eabi/lib/thumb/v7-m/nofp/libcr_nohost.a(__sys_close.o)
 .ARM.attributes
                0x0000000000000597       0x2d /usr/local/mcuxpressoide-11.6.0_8187/ide/plugins/com.nxp.mcuxpresso.tools.linux_11.6.0.202112161359/tools/bin/../lib/gcc/arm-none-eabi/10.3.1/../../../../arm-none-eabi/lib/thumb/v7-m/nofp/libcr_nohost.a(__sys_flen.o)
 .ARM.attributes
                0x00000000000005c4       0x2d /usr/local/mcuxpressoide-11.6.0_8187/ide/plugins/com.nxp.mcuxpresso.tools.linux_11.6.0.202112161359/tools/bin/../lib/gcc/arm-none-eabi/10.3.1/../../../../arm-none-eabi/lib/thumb/v7-m/nofp/libcr_nohost.a(__sys_istty.o)
 .ARM.attributes
                0x00000000000005f1       0x2d /usr/local/mcuxpressoide-11.6.0_8187/ide/plugins/com.nxp.mcuxpresso.tools.linux_11.6.0.202112161359/tools/bin/../lib/gcc/arm-none-eabi/10.3.1/../../../../arm-none-eabi/lib/thumb/v7-m/nofp/libcr_nohost.a(__sys_remove.o)
 .ARM.attributes
                0x000000000000061e       0x2d /usr/local/mcuxpressoide-11.6.0_8187/ide/plugins/com.nxp.mcuxpresso.tools.linux_11.6.0.202112161359/tools/bin/../lib/gcc/arm-none-eabi/10.3.1/../../../../arm-none-eabi/lib/thumb/v7-m/nofp/libcr_nohost.a(__sys_seek.o)
 .ARM.attributes
                0x000000000000064b       0x2d /usr/local/mcuxpressoide-11.6.0_8187/ide/plugins/com.nxp.mcuxpresso.tools.linux_11.6.0.202112161359/tools/bin/../lib/gcc/arm-none-eabi/10.3.1/../../../../arm-none-eabi/lib/thumb/v7-m/nofp/libcr_nohost.a(__sys_tmpnam.o)
 .ARM.attributes
                0x0000000000000678       0x2d /usr/local/mcuxpressoide-11.6.0_8187/ide/plugins/com.nxp.mcuxpresso.tools.linux_11.6.0.202112161359/tools/bin/../lib/gcc/arm-none-eabi/10.3.1/../../../../arm-none-eabi/lib/thumb/v7-m/nofp/libcr_nohost.a(__sys_write.o)

.debug_frame    0x0000000000000000      0xad4
 .debug_frame   0x0000000000000000       0xc0 ./src/TP_FINAL_Cabrera_Caramuti.o
 .debug_frame   0x00000000000000c0      0x170 ./src/cr_startup_lpc175x_6x.o
 .debug_frame   0x0000000000000230       0xf4 ./src/initialconfig.o
 .debug_frame   0x0000000000000324       0xd0 ./src/loadcell.o
 .debug_frame   0x00000000000003f4       0x3c /home/francabrera/Desktop/Electrónica Digital III/TP_FINAL_LPC1769_CORTEXM3/CMSISv2p00_LPC17xx/Debug/libCMSISv2p00_LPC17xx.a(system_LPC17xx.o)
 .debug_frame   0x0000000000000430      0x16c /home/francabrera/Desktop/Electrónica Digital III/TP_FINAL_LPC1769_CORTEXM3/CMSISv2p00_LPC17xx/Debug/libCMSISv2p00_LPC17xx.a(lpc17xx_adc.o)
 .debug_frame   0x000000000000059c       0xa0 /home/francabrera/Desktop/Electrónica Digital III/TP_FINAL_LPC1769_CORTEXM3/CMSISv2p00_LPC17xx/Debug/libCMSISv2p00_LPC17xx.a(lpc17xx_clkpwr.o)
 .debug_frame   0x000000000000063c       0x20 /home/francabrera/Desktop/Electrónica Digital III/TP_FINAL_LPC1769_CORTEXM3/CMSISv2p00_LPC17xx/Debug/libCMSISv2p00_LPC17xx.a(lpc17xx_libcfg_default.o)
 .debug_frame   0x000000000000065c      0x174 /home/francabrera/Desktop/Electrónica Digital III/TP_FINAL_LPC1769_CORTEXM3/CMSISv2p00_LPC17xx/Debug/libCMSISv2p00_LPC17xx.a(lpc17xx_timer.o)
 .debug_frame   0x00000000000007d0      0x304 /home/francabrera/Desktop/Electrónica Digital III/TP_FINAL_LPC1769_CORTEXM3/CMSISv2p00_LPC17xx/Debug/libCMSISv2p00_LPC17xx.a(lpc17xx_uart.o)

.debug_loc      0x0000000000000000     0x231f
 .debug_loc     0x0000000000000000      0x5a9 /home/francabrera/Desktop/Electrónica Digital III/TP_FINAL_LPC1769_CORTEXM3/CMSISv2p00_LPC17xx/Debug/libCMSISv2p00_LPC17xx.a(lpc17xx_adc.o)
 .debug_loc     0x00000000000005a9      0x1fa /home/francabrera/Desktop/Electrónica Digital III/TP_FINAL_LPC1769_CORTEXM3/CMSISv2p00_LPC17xx/Debug/libCMSISv2p00_LPC17xx.a(lpc17xx_clkpwr.o)
 .debug_loc     0x00000000000007a3       0x2a /home/francabrera/Desktop/Electrónica Digital III/TP_FINAL_LPC1769_CORTEXM3/CMSISv2p00_LPC17xx/Debug/libCMSISv2p00_LPC17xx.a(lpc17xx_libcfg_default.o)
 .debug_loc     0x00000000000007cd      0x6ca /home/francabrera/Desktop/Electrónica Digital III/TP_FINAL_LPC1769_CORTEXM3/CMSISv2p00_LPC17xx/Debug/libCMSISv2p00_LPC17xx.a(lpc17xx_timer.o)
 .debug_loc     0x0000000000000e97     0x1488 /home/francabrera/Desktop/Electrónica Digital III/TP_FINAL_LPC1769_CORTEXM3/CMSISv2p00_LPC17xx/Debug/libCMSISv2p00_LPC17xx.a(lpc17xx_uart.o)

Cross Reference Table

Symbol                                            File
ADC_BurstCmd                                      /home/francabrera/Desktop/Electrónica Digital III/TP_FINAL_LPC1769_CORTEXM3/CMSISv2p00_LPC17xx/Debug/libCMSISv2p00_LPC17xx.a(lpc17xx_adc.o)
ADC_ChannelCmd                                    /home/francabrera/Desktop/Electrónica Digital III/TP_FINAL_LPC1769_CORTEXM3/CMSISv2p00_LPC17xx/Debug/libCMSISv2p00_LPC17xx.a(lpc17xx_adc.o)
                                                  ./src/initialconfig.o
ADC_ChannelGetData                                /home/francabrera/Desktop/Electrónica Digital III/TP_FINAL_LPC1769_CORTEXM3/CMSISv2p00_LPC17xx/Debug/libCMSISv2p00_LPC17xx.a(lpc17xx_adc.o)
ADC_ChannelGetStatus                              /home/francabrera/Desktop/Electrónica Digital III/TP_FINAL_LPC1769_CORTEXM3/CMSISv2p00_LPC17xx/Debug/libCMSISv2p00_LPC17xx.a(lpc17xx_adc.o)
ADC_DeInit                                        /home/francabrera/Desktop/Electrónica Digital III/TP_FINAL_LPC1769_CORTEXM3/CMSISv2p00_LPC17xx/Debug/libCMSISv2p00_LPC17xx.a(lpc17xx_adc.o)
ADC_EdgeStartConfig                               /home/francabrera/Desktop/Electrónica Digital III/TP_FINAL_LPC1769_CORTEXM3/CMSISv2p00_LPC17xx/Debug/libCMSISv2p00_LPC17xx.a(lpc17xx_adc.o)
                                                  ./src/initialconfig.o
ADC_GetData                                       /home/francabrera/Desktop/Electrónica Digital III/TP_FINAL_LPC1769_CORTEXM3/CMSISv2p00_LPC17xx/Debug/libCMSISv2p00_LPC17xx.a(lpc17xx_adc.o)
ADC_GlobalGetData                                 /home/francabrera/Desktop/Electrónica Digital III/TP_FINAL_LPC1769_CORTEXM3/CMSISv2p00_LPC17xx/Debug/libCMSISv2p00_LPC17xx.a(lpc17xx_adc.o)
ADC_GlobalGetStatus                               /home/francabrera/Desktop/Electrónica Digital III/TP_FINAL_LPC1769_CORTEXM3/CMSISv2p00_LPC17xx/Debug/libCMSISv2p00_LPC17xx.a(lpc17xx_adc.o)
ADC_IRQHandler                                    ./src/TP_FINAL_Cabrera_Caramuti.o
ADC_Init                                          /home/francabrera/Desktop/Electrónica Digital III/TP_FINAL_LPC1769_CORTEXM3/CMSISv2p00_LPC17xx/Debug/libCMSISv2p00_LPC17xx.a(lpc17xx_adc.o)
                                                  ./src/initialconfig.o
ADC_IntConfig                                     /home/francabrera/Desktop/Electrónica Digital III/TP_FINAL_LPC1769_CORTEXM3/CMSISv2p00_LPC17xx/Debug/libCMSISv2p00_LPC17xx.a(lpc17xx_adc.o)
                                                  ./src/initialconfig.o
ADC_PowerdownCmd                                  /home/francabrera/Desktop/Electrónica Digital III/TP_FINAL_LPC1769_CORTEXM3/CMSISv2p00_LPC17xx/Debug/libCMSISv2p00_LPC17xx.a(lpc17xx_adc.o)
ADC_StartCmd                                      /home/francabrera/Desktop/Electrónica Digital III/TP_FINAL_LPC1769_CORTEXM3/CMSISv2p00_LPC17xx/Debug/libCMSISv2p00_LPC17xx.a(lpc17xx_adc.o)
                                                  ./src/initialconfig.o
BOD_IRQHandler                                    ./src/cr_startup_lpc175x_6x.o
BusFault_Handler                                  ./src/cr_startup_lpc175x_6x.o
CANActivity_IRQHandler                            ./src/cr_startup_lpc175x_6x.o
CAN_IRQHandler                                    ./src/cr_startup_lpc175x_6x.o
CLKPWR_ConfigPPWR                                 /home/francabrera/Desktop/Electrónica Digital III/TP_FINAL_LPC1769_CORTEXM3/CMSISv2p00_LPC17xx/Debug/libCMSISv2p00_LPC17xx.a(lpc17xx_clkpwr.o)
                                                  /home/francabrera/Desktop/Electrónica Digital III/TP_FINAL_LPC1769_CORTEXM3/CMSISv2p00_LPC17xx/Debug/libCMSISv2p00_LPC17xx.a(lpc17xx_uart.o)
                                                  /home/francabrera/Desktop/Electrónica Digital III/TP_FINAL_LPC1769_CORTEXM3/CMSISv2p00_LPC17xx/Debug/libCMSISv2p00_LPC17xx.a(lpc17xx_timer.o)
                                                  /home/francabrera/Desktop/Electrónica Digital III/TP_FINAL_LPC1769_CORTEXM3/CMSISv2p00_LPC17xx/Debug/libCMSISv2p00_LPC17xx.a(lpc17xx_adc.o)
CLKPWR_DeepPowerDown                              /home/francabrera/Desktop/Electrónica Digital III/TP_FINAL_LPC1769_CORTEXM3/CMSISv2p00_LPC17xx/Debug/libCMSISv2p00_LPC17xx.a(lpc17xx_clkpwr.o)
CLKPWR_DeepSleep                                  /home/francabrera/Desktop/Electrónica Digital III/TP_FINAL_LPC1769_CORTEXM3/CMSISv2p00_LPC17xx/Debug/libCMSISv2p00_LPC17xx.a(lpc17xx_clkpwr.o)
CLKPWR_GetPCLK                                    /home/francabrera/Desktop/Electrónica Digital III/TP_FINAL_LPC1769_CORTEXM3/CMSISv2p00_LPC17xx/Debug/libCMSISv2p00_LPC17xx.a(lpc17xx_clkpwr.o)
                                                  /home/francabrera/Desktop/Electrónica Digital III/TP_FINAL_LPC1769_CORTEXM3/CMSISv2p00_LPC17xx/Debug/libCMSISv2p00_LPC17xx.a(lpc17xx_uart.o)
                                                  /home/francabrera/Desktop/Electrónica Digital III/TP_FINAL_LPC1769_CORTEXM3/CMSISv2p00_LPC17xx/Debug/libCMSISv2p00_LPC17xx.a(lpc17xx_timer.o)
                                                  /home/francabrera/Desktop/Electrónica Digital III/TP_FINAL_LPC1769_CORTEXM3/CMSISv2p00_LPC17xx/Debug/libCMSISv2p00_LPC17xx.a(lpc17xx_adc.o)
CLKPWR_GetPCLKSEL                                 /home/francabrera/Desktop/Electrónica Digital III/TP_FINAL_LPC1769_CORTEXM3/CMSISv2p00_LPC17xx/Debug/libCMSISv2p00_LPC17xx.a(lpc17xx_clkpwr.o)
CLKPWR_PowerDown                                  /home/francabrera/Desktop/Electrónica Digital III/TP_FINAL_LPC1769_CORTEXM3/CMSISv2p00_LPC17xx/Debug/libCMSISv2p00_LPC17xx.a(lpc17xx_clkpwr.o)
CLKPWR_SetPCLKDiv                                 /home/francabrera/Desktop/Electrónica Digital III/TP_FINAL_LPC1769_CORTEXM3/CMSISv2p00_LPC17xx/Debug/libCMSISv2p00_LPC17xx.a(lpc17xx_clkpwr.o)
                                                  /home/francabrera/Desktop/Electrónica Digital III/TP_FINAL_LPC1769_CORTEXM3/CMSISv2p00_LPC17xx/Debug/libCMSISv2p00_LPC17xx.a(lpc17xx_timer.o)
CLKPWR_Sleep                                      /home/francabrera/Desktop/Electrónica Digital III/TP_FINAL_LPC1769_CORTEXM3/CMSISv2p00_LPC17xx/Debug/libCMSISv2p00_LPC17xx.a(lpc17xx_clkpwr.o)
CRP_WORD                                          ./src/crp.o
DMA_IRQHandler                                    ./src/cr_startup_lpc175x_6x.o
DebugMon_Handler                                  ./src/cr_startup_lpc175x_6x.o
EINT0_IRQHandler                                  ./src/TP_FINAL_Cabrera_Caramuti.o
EINT1_IRQHandler                                  ./src/TP_FINAL_Cabrera_Caramuti.o
EINT2_IRQHandler                                  ./src/TP_FINAL_Cabrera_Caramuti.o
EINT3_IRQHandler                                  ./src/cr_startup_lpc175x_6x.o
ENET_IRQHandler                                   ./src/cr_startup_lpc175x_6x.o
HardFault_Handler                                 ./src/cr_startup_lpc175x_6x.o
I2C0_IRQHandler                                   ./src/cr_startup_lpc175x_6x.o
I2C1_IRQHandler                                   ./src/cr_startup_lpc175x_6x.o
I2C2_IRQHandler                                   ./src/cr_startup_lpc175x_6x.o
I2S_IRQHandler                                    ./src/cr_startup_lpc175x_6x.o
IntDefaultHandler                                 ./src/cr_startup_lpc175x_6x.o
MCPWM_IRQHandler                                  ./src/cr_startup_lpc175x_6x.o
MemManage_Handler                                 ./src/cr_startup_lpc175x_6x.o
NMI_Handler                                       ./src/cr_startup_lpc175x_6x.o
PLL0_IRQHandler                                   ./src/cr_startup_lpc175x_6x.o
PLL1_IRQHandler                                   ./src/cr_startup_lpc175x_6x.o
PWM1_IRQHandler                                   ./src/cr_startup_lpc175x_6x.o
PendSV_Handler                                    ./src/cr_startup_lpc175x_6x.o
QEI_IRQHandler                                    ./src/cr_startup_lpc175x_6x.o
RIT_IRQHandler                                    ./src/cr_startup_lpc175x_6x.o
RTC_IRQHandler                                    ./src/cr_startup_lpc175x_6x.o
ResetISR                                          ./src/cr_startup_lpc175x_6x.o
SPI_IRQHandler                                    ./src/cr_startup_lpc175x_6x.o
SSP0_IRQHandler                                   ./src/cr_startup_lpc175x_6x.o
SSP1_IRQHandler                                   ./src/cr_startup_lpc175x_6x.o
SVC_Handler                                       ./src/cr_startup_lpc175x_6x.o
SysTick_Handler                                   ./src/cr_startup_lpc175x_6x.o
SystemCoreClock                                   /home/francabrera/Desktop/Electrónica Digital III/TP_FINAL_LPC1769_CORTEXM3/CMSISv2p00_LPC17xx/Debug/libCMSISv2p00_LPC17xx.a(system_LPC17xx.o)
                                                  /home/francabrera/Desktop/Electrónica Digital III/TP_FINAL_LPC1769_CORTEXM3/CMSISv2p00_LPC17xx/Debug/libCMSISv2p00_LPC17xx.a(lpc17xx_clkpwr.o)
SystemCoreClockUpdate                             /home/francabrera/Desktop/Electrónica Digital III/TP_FINAL_LPC1769_CORTEXM3/CMSISv2p00_LPC17xx/Debug/libCMSISv2p00_LPC17xx.a(system_LPC17xx.o)
SystemInit                                        /home/francabrera/Desktop/Electrónica Digital III/TP_FINAL_LPC1769_CORTEXM3/CMSISv2p00_LPC17xx/Debug/libCMSISv2p00_LPC17xx.a(system_LPC17xx.o)
                                                  ./src/cr_startup_lpc175x_6x.o
TIMER0_IRQHandler                                 ./src/TP_FINAL_Cabrera_Caramuti.o
TIMER1_IRQHandler                                 ./src/cr_startup_lpc175x_6x.o
TIMER2_IRQHandler                                 ./src/cr_startup_lpc175x_6x.o
TIMER3_IRQHandler                                 ./src/cr_startup_lpc175x_6x.o
TIM_ClearIntCapturePending                        /home/francabrera/Desktop/Electrónica Digital III/TP_FINAL_LPC1769_CORTEXM3/CMSISv2p00_LPC17xx/Debug/libCMSISv2p00_LPC17xx.a(lpc17xx_timer.o)
TIM_ClearIntPending                               /home/francabrera/Desktop/Electrónica Digital III/TP_FINAL_LPC1769_CORTEXM3/CMSISv2p00_LPC17xx/Debug/libCMSISv2p00_LPC17xx.a(lpc17xx_timer.o)
                                                  ./src/TP_FINAL_Cabrera_Caramuti.o
TIM_Cmd                                           /home/francabrera/Desktop/Electrónica Digital III/TP_FINAL_LPC1769_CORTEXM3/CMSISv2p00_LPC17xx/Debug/libCMSISv2p00_LPC17xx.a(lpc17xx_timer.o)
                                                  ./src/initialconfig.o
TIM_ConfigCapture                                 /home/francabrera/Desktop/Electrónica Digital III/TP_FINAL_LPC1769_CORTEXM3/CMSISv2p00_LPC17xx/Debug/libCMSISv2p00_LPC17xx.a(lpc17xx_timer.o)
TIM_ConfigMatch                                   /home/francabrera/Desktop/Electrónica Digital III/TP_FINAL_LPC1769_CORTEXM3/CMSISv2p00_LPC17xx/Debug/libCMSISv2p00_LPC17xx.a(lpc17xx_timer.o)
                                                  ./src/initialconfig.o
TIM_ConfigStructInit                              /home/francabrera/Desktop/Electrónica Digital III/TP_FINAL_LPC1769_CORTEXM3/CMSISv2p00_LPC17xx/Debug/libCMSISv2p00_LPC17xx.a(lpc17xx_timer.o)
TIM_DeInit                                        /home/francabrera/Desktop/Electrónica Digital III/TP_FINAL_LPC1769_CORTEXM3/CMSISv2p00_LPC17xx/Debug/libCMSISv2p00_LPC17xx.a(lpc17xx_timer.o)
TIM_GetCaptureValue                               /home/francabrera/Desktop/Electrónica Digital III/TP_FINAL_LPC1769_CORTEXM3/CMSISv2p00_LPC17xx/Debug/libCMSISv2p00_LPC17xx.a(lpc17xx_timer.o)
TIM_GetIntCaptureStatus                           /home/francabrera/Desktop/Electrónica Digital III/TP_FINAL_LPC1769_CORTEXM3/CMSISv2p00_LPC17xx/Debug/libCMSISv2p00_LPC17xx.a(lpc17xx_timer.o)
TIM_GetIntStatus                                  /home/francabrera/Desktop/Electrónica Digital III/TP_FINAL_LPC1769_CORTEXM3/CMSISv2p00_LPC17xx/Debug/libCMSISv2p00_LPC17xx.a(lpc17xx_timer.o)
TIM_Init                                          /home/francabrera/Desktop/Electrónica Digital III/TP_FINAL_LPC1769_CORTEXM3/CMSISv2p00_LPC17xx/Debug/libCMSISv2p00_LPC17xx.a(lpc17xx_timer.o)
                                                  ./src/initialconfig.o
TIM_ResetCounter                                  /home/francabrera/Desktop/Electrónica Digital III/TP_FINAL_LPC1769_CORTEXM3/CMSISv2p00_LPC17xx/Debug/libCMSISv2p00_LPC17xx.a(lpc17xx_timer.o)
TIM_UpdateMatchValue                              /home/francabrera/Desktop/Electrónica Digital III/TP_FINAL_LPC1769_CORTEXM3/CMSISv2p00_LPC17xx/Debug/libCMSISv2p00_LPC17xx.a(lpc17xx_timer.o)
UART0_IRQHandler                                  ./src/cr_startup_lpc175x_6x.o
UART1_IRQHandler                                  ./src/cr_startup_lpc175x_6x.o
UART2_IRQHandler                                  ./src/cr_startup_lpc175x_6x.o
UART3_IRQHandler                                  ./src/cr_startup_lpc175x_6x.o
UART_ABClearIntPending                            /home/francabrera/Desktop/Electrónica Digital III/TP_FINAL_LPC1769_CORTEXM3/CMSISv2p00_LPC17xx/Debug/libCMSISv2p00_LPC17xx.a(lpc17xx_uart.o)
UART_ABCmd                                        /home/francabrera/Desktop/Electrónica Digital III/TP_FINAL_LPC1769_CORTEXM3/CMSISv2p00_LPC17xx/Debug/libCMSISv2p00_LPC17xx.a(lpc17xx_uart.o)
UART_CheckBusy                                    /home/francabrera/Desktop/Electrónica Digital III/TP_FINAL_LPC1769_CORTEXM3/CMSISv2p00_LPC17xx/Debug/libCMSISv2p00_LPC17xx.a(lpc17xx_uart.o)
UART_ConfigStructInit                             /home/francabrera/Desktop/Electrónica Digital III/TP_FINAL_LPC1769_CORTEXM3/CMSISv2p00_LPC17xx/Debug/libCMSISv2p00_LPC17xx.a(lpc17xx_uart.o)
UART_DeInit                                       /home/francabrera/Desktop/Electrónica Digital III/TP_FINAL_LPC1769_CORTEXM3/CMSISv2p00_LPC17xx/Debug/libCMSISv2p00_LPC17xx.a(lpc17xx_uart.o)
UART_FIFOConfig                                   /home/francabrera/Desktop/Electrónica Digital III/TP_FINAL_LPC1769_CORTEXM3/CMSISv2p00_LPC17xx/Debug/libCMSISv2p00_LPC17xx.a(lpc17xx_uart.o)
UART_FIFOConfigStructInit                         /home/francabrera/Desktop/Electrónica Digital III/TP_FINAL_LPC1769_CORTEXM3/CMSISv2p00_LPC17xx/Debug/libCMSISv2p00_LPC17xx.a(lpc17xx_uart.o)
UART_ForceBreak                                   /home/francabrera/Desktop/Electrónica Digital III/TP_FINAL_LPC1769_CORTEXM3/CMSISv2p00_LPC17xx/Debug/libCMSISv2p00_LPC17xx.a(lpc17xx_uart.o)
UART_FullModemConfigMode                          /home/francabrera/Desktop/Electrónica Digital III/TP_FINAL_LPC1769_CORTEXM3/CMSISv2p00_LPC17xx/Debug/libCMSISv2p00_LPC17xx.a(lpc17xx_uart.o)
UART_FullModemForcePinState                       /home/francabrera/Desktop/Electrónica Digital III/TP_FINAL_LPC1769_CORTEXM3/CMSISv2p00_LPC17xx/Debug/libCMSISv2p00_LPC17xx.a(lpc17xx_uart.o)
UART_FullModemGetStatus                           /home/francabrera/Desktop/Electrónica Digital III/TP_FINAL_LPC1769_CORTEXM3/CMSISv2p00_LPC17xx/Debug/libCMSISv2p00_LPC17xx.a(lpc17xx_uart.o)
UART_GetIntId                                     /home/francabrera/Desktop/Electrónica Digital III/TP_FINAL_LPC1769_CORTEXM3/CMSISv2p00_LPC17xx/Debug/libCMSISv2p00_LPC17xx.a(lpc17xx_uart.o)
UART_GetLineStatus                                /home/francabrera/Desktop/Electrónica Digital III/TP_FINAL_LPC1769_CORTEXM3/CMSISv2p00_LPC17xx/Debug/libCMSISv2p00_LPC17xx.a(lpc17xx_uart.o)
UART_Init                                         /home/francabrera/Desktop/Electrónica Digital III/TP_FINAL_LPC1769_CORTEXM3/CMSISv2p00_LPC17xx/Debug/libCMSISv2p00_LPC17xx.a(lpc17xx_uart.o)
                                                  ./src/initialconfig.o
UART_IntConfig                                    /home/francabrera/Desktop/Electrónica Digital III/TP_FINAL_LPC1769_CORTEXM3/CMSISv2p00_LPC17xx/Debug/libCMSISv2p00_LPC17xx.a(lpc17xx_uart.o)
UART_IrDACmd                                      /home/francabrera/Desktop/Electrónica Digital III/TP_FINAL_LPC1769_CORTEXM3/CMSISv2p00_LPC17xx/Debug/libCMSISv2p00_LPC17xx.a(lpc17xx_uart.o)
UART_IrDAInvtInputCmd                             /home/francabrera/Desktop/Electrónica Digital III/TP_FINAL_LPC1769_CORTEXM3/CMSISv2p00_LPC17xx/Debug/libCMSISv2p00_LPC17xx.a(lpc17xx_uart.o)
UART_IrDAPulseDivConfig                           /home/francabrera/Desktop/Electrónica Digital III/TP_FINAL_LPC1769_CORTEXM3/CMSISv2p00_LPC17xx/Debug/libCMSISv2p00_LPC17xx.a(lpc17xx_uart.o)
UART_RS485Config                                  /home/francabrera/Desktop/Electrónica Digital III/TP_FINAL_LPC1769_CORTEXM3/CMSISv2p00_LPC17xx/Debug/libCMSISv2p00_LPC17xx.a(lpc17xx_uart.o)
UART_RS485ReceiverCmd                             /home/francabrera/Desktop/Electrónica Digital III/TP_FINAL_LPC1769_CORTEXM3/CMSISv2p00_LPC17xx/Debug/libCMSISv2p00_LPC17xx.a(lpc17xx_uart.o)
UART_RS485Send                                    /home/francabrera/Desktop/Electrónica Digital III/TP_FINAL_LPC1769_CORTEXM3/CMSISv2p00_LPC17xx/Debug/libCMSISv2p00_LPC17xx.a(lpc17xx_uart.o)
UART_RS485SendData                                /home/francabrera/Desktop/Electrónica Digital III/TP_FINAL_LPC1769_CORTEXM3/CMSISv2p00_LPC17xx/Debug/libCMSISv2p00_LPC17xx.a(lpc17xx_uart.o)
UART_RS485SendSlvAddr                             /home/francabrera/Desktop/Electrónica Digital III/TP_FINAL_LPC1769_CORTEXM3/CMSISv2p00_LPC17xx/Debug/libCMSISv2p00_LPC17xx.a(lpc17xx_uart.o)
UART_Receive                                      /home/francabrera/Desktop/Electrónica Digital III/TP_FINAL_LPC1769_CORTEXM3/CMSISv2p00_LPC17xx/Debug/libCMSISv2p00_LPC17xx.a(lpc17xx_uart.o)
UART_ReceiveByte                                  /home/francabrera/Desktop/Electrónica Digital III/TP_FINAL_LPC1769_CORTEXM3/CMSISv2p00_LPC17xx/Debug/libCMSISv2p00_LPC17xx.a(lpc17xx_uart.o)
UART_Send                                         /home/francabrera/Desktop/Electrónica Digital III/TP_FINAL_LPC1769_CORTEXM3/CMSISv2p00_LPC17xx/Debug/libCMSISv2p00_LPC17xx.a(lpc17xx_uart.o)
                                                  ./src/TP_FINAL_Cabrera_Caramuti.o
UART_SendByte                                     /home/francabrera/Desktop/Electrónica Digital III/TP_FINAL_LPC1769_CORTEXM3/CMSISv2p00_LPC17xx/Debug/libCMSISv2p00_LPC17xx.a(lpc17xx_uart.o)
UART_TxCmd                                        /home/francabrera/Desktop/Electrónica Digital III/TP_FINAL_LPC1769_CORTEXM3/CMSISv2p00_LPC17xx/Debug/libCMSISv2p00_LPC17xx.a(lpc17xx_uart.o)
                                                  ./src/initialconfig.o
USBActivity_IRQHandler                            ./src/cr_startup_lpc175x_6x.o
USB_IRQHandler                                    ./src/cr_startup_lpc175x_6x.o
UsageFault_Handler                                ./src/cr_startup_lpc175x_6x.o
WDT_IRQHandler                                    ./src/cr_startup_lpc175x_6x.o
_Csys_alloc                                       /usr/local/mcuxpressoide-11.6.0_8187/ide/plugins/com.nxp.mcuxpresso.tools.linux_11.6.0.202112161359/tools/bin/../lib/gcc/arm-none-eabi/10.3.1/../../../../arm-none-eabi/lib/thumb/v7-m/nofp/libcr_c.a(alloc.o)
                                                  /usr/local/mcuxpressoide-11.6.0_8187/ide/plugins/com.nxp.mcuxpresso.tools.linux_11.6.0.202112161359/tools/bin/../lib/gcc/arm-none-eabi/10.3.1/../../../../arm-none-eabi/lib/thumb/v7-m/nofp/libcr_c.a(_deferredlazyseek.o)
_Cwritebuf                                        /usr/local/mcuxpressoide-11.6.0_8187/ide/plugins/com.nxp.mcuxpresso.tools.linux_11.6.0.202112161359/tools/bin/../lib/gcc/arm-none-eabi/10.3.1/../../../../arm-none-eabi/lib/thumb/v7-m/nofp/libcr_c.a(_writebuf.o)
                                                  /usr/local/mcuxpressoide-11.6.0_8187/ide/plugins/com.nxp.mcuxpresso.tools.linux_11.6.0.202112161359/tools/bin/../lib/gcc/arm-none-eabi/10.3.1/../../../../arm-none-eabi/lib/thumb/v7-m/nofp/libcr_c.a(_deferredlazyseek.o)
                                                  /usr/local/mcuxpressoide-11.6.0_8187/ide/plugins/com.nxp.mcuxpresso.tools.linux_11.6.0.202112161359/tools/bin/../lib/gcc/arm-none-eabi/10.3.1/../../../../arm-none-eabi/lib/thumb/v7-m/nofp/libcr_c.a(_fflush.o)
__Ciob                                            /usr/local/mcuxpressoide-11.6.0_8187/ide/plugins/com.nxp.mcuxpresso.tools.linux_11.6.0.202112161359/tools/bin/../lib/gcc/arm-none-eabi/10.3.1/../../../../arm-none-eabi/lib/thumb/v7-m/nofp/libcr_nohost.a(__ciob.o)
                                                  /usr/local/mcuxpressoide-11.6.0_8187/ide/plugins/com.nxp.mcuxpresso.tools.linux_11.6.0.202112161359/tools/bin/../lib/gcc/arm-none-eabi/10.3.1/../../../../arm-none-eabi/lib/thumb/v7-m/nofp/libcr_c.a(fflush.o)
                                                  /usr/local/mcuxpressoide-11.6.0_8187/ide/plugins/com.nxp.mcuxpresso.tools.linux_11.6.0.202112161359/tools/bin/../lib/gcc/arm-none-eabi/10.3.1/../../../../arm-none-eabi/lib/thumb/v7-m/nofp/libcr_c.a(initio.o)
__aeabi_idiv0                                     /usr/local/mcuxpressoide-11.6.0_8187/ide/plugins/com.nxp.mcuxpresso.tools.linux_11.6.0.202112161359/tools/bin/../lib/gcc/arm-none-eabi/10.3.1/thumb/v7-m/nofp/libcr_eabihelpers.a(division_idiv0.o)
                                                  /usr/local/mcuxpressoide-11.6.0_8187/ide/plugins/com.nxp.mcuxpresso.tools.linux_11.6.0.202112161359/tools/bin/../lib/gcc/arm-none-eabi/10.3.1/thumb/v7-m/nofp/libcr_eabihelpers.a(division_64.o)
__aeabi_ldivmod                                   /usr/local/mcuxpressoide-11.6.0_8187/ide/plugins/com.nxp.mcuxpresso.tools.linux_11.6.0.202112161359/tools/bin/../lib/gcc/arm-none-eabi/10.3.1/thumb/v7-m/nofp/libcr_eabihelpers.a(division_64.o)
                                                  /home/francabrera/Desktop/Electrónica Digital III/TP_FINAL_LPC1769_CORTEXM3/CMSISv2p00_LPC17xx/Debug/libCMSISv2p00_LPC17xx.a(system_LPC17xx.o)
__aeabi_lowlevel_memset                           /usr/local/mcuxpressoide-11.6.0_8187/ide/plugins/com.nxp.mcuxpresso.tools.linux_11.6.0.202112161359/tools/bin/../lib/gcc/arm-none-eabi/10.3.1/thumb/v7-m/nofp/libcr_eabihelpers.a(memcpy.o)
                                                  /usr/local/mcuxpressoide-11.6.0_8187/ide/plugins/com.nxp.mcuxpresso.tools.linux_11.6.0.202112161359/tools/bin/../lib/gcc/arm-none-eabi/10.3.1/../../../../arm-none-eabi/lib/thumb/v7-m/nofp/libcr_c.a(memset.o)
__aeabi_memclr                                    /usr/local/mcuxpressoide-11.6.0_8187/ide/plugins/com.nxp.mcuxpresso.tools.linux_11.6.0.202112161359/tools/bin/../lib/gcc/arm-none-eabi/10.3.1/thumb/v7-m/nofp/libcr_eabihelpers.a(memcpy.o)
__aeabi_memclr4                                   /usr/local/mcuxpressoide-11.6.0_8187/ide/plugins/com.nxp.mcuxpresso.tools.linux_11.6.0.202112161359/tools/bin/../lib/gcc/arm-none-eabi/10.3.1/thumb/v7-m/nofp/libcr_eabihelpers.a(memcpy.o)
__aeabi_memclr8                                   /usr/local/mcuxpressoide-11.6.0_8187/ide/plugins/com.nxp.mcuxpresso.tools.linux_11.6.0.202112161359/tools/bin/../lib/gcc/arm-none-eabi/10.3.1/thumb/v7-m/nofp/libcr_eabihelpers.a(memcpy.o)
__aeabi_memcpy                                    /usr/local/mcuxpressoide-11.6.0_8187/ide/plugins/com.nxp.mcuxpresso.tools.linux_11.6.0.202112161359/tools/bin/../lib/gcc/arm-none-eabi/10.3.1/thumb/v7-m/nofp/libcr_eabihelpers.a(memcpy.o)
                                                  /usr/local/mcuxpressoide-11.6.0_8187/ide/plugins/com.nxp.mcuxpresso.tools.linux_11.6.0.202112161359/tools/bin/../lib/gcc/arm-none-eabi/10.3.1/../../../../arm-none-eabi/lib/thumb/v7-m/nofp/libcr_c.a(memcpy.o)
__aeabi_memcpy4                                   /usr/local/mcuxpressoide-11.6.0_8187/ide/plugins/com.nxp.mcuxpresso.tools.linux_11.6.0.202112161359/tools/bin/../lib/gcc/arm-none-eabi/10.3.1/thumb/v7-m/nofp/libcr_eabihelpers.a(memcpy.o)
__aeabi_memcpy8                                   /usr/local/mcuxpressoide-11.6.0_8187/ide/plugins/com.nxp.mcuxpresso.tools.linux_11.6.0.202112161359/tools/bin/../lib/gcc/arm-none-eabi/10.3.1/thumb/v7-m/nofp/libcr_eabihelpers.a(memcpy.o)
__aeabi_memmove                                   /usr/local/mcuxpressoide-11.6.0_8187/ide/plugins/com.nxp.mcuxpresso.tools.linux_11.6.0.202112161359/tools/bin/../lib/gcc/arm-none-eabi/10.3.1/thumb/v7-m/nofp/libcr_eabihelpers.a(memcpy.o)
__aeabi_memmove4                                  /usr/local/mcuxpressoide-11.6.0_8187/ide/plugins/com.nxp.mcuxpresso.tools.linux_11.6.0.202112161359/tools/bin/../lib/gcc/arm-none-eabi/10.3.1/thumb/v7-m/nofp/libcr_eabihelpers.a(memcpy.o)
__aeabi_memmove8                                  /usr/local/mcuxpressoide-11.6.0_8187/ide/plugins/com.nxp.mcuxpresso.tools.linux_11.6.0.202112161359/tools/bin/../lib/gcc/arm-none-eabi/10.3.1/thumb/v7-m/nofp/libcr_eabihelpers.a(memcpy.o)
__aeabi_memset                                    /usr/local/mcuxpressoide-11.6.0_8187/ide/plugins/com.nxp.mcuxpresso.tools.linux_11.6.0.202112161359/tools/bin/../lib/gcc/arm-none-eabi/10.3.1/thumb/v7-m/nofp/libcr_eabihelpers.a(memcpy.o)
__aeabi_memset4                                   /usr/local/mcuxpressoide-11.6.0_8187/ide/plugins/com.nxp.mcuxpresso.tools.linux_11.6.0.202112161359/tools/bin/../lib/gcc/arm-none-eabi/10.3.1/thumb/v7-m/nofp/libcr_eabihelpers.a(memcpy.o)
__aeabi_memset8                                   /usr/local/mcuxpressoide-11.6.0_8187/ide/plugins/com.nxp.mcuxpresso.tools.linux_11.6.0.202112161359/tools/bin/../lib/gcc/arm-none-eabi/10.3.1/thumb/v7-m/nofp/libcr_eabihelpers.a(memcpy.o)
__aeabi_uldivmod                                  /usr/local/mcuxpressoide-11.6.0_8187/ide/plugins/com.nxp.mcuxpresso.tools.linux_11.6.0.202112161359/tools/bin/../lib/gcc/arm-none-eabi/10.3.1/thumb/v7-m/nofp/libcr_eabihelpers.a(division_64.o)
                                                  /home/francabrera/Desktop/Electrónica Digital III/TP_FINAL_LPC1769_CORTEXM3/CMSISv2p00_LPC17xx/Debug/libCMSISv2p00_LPC17xx.a(lpc17xx_timer.o)
                                                  /home/francabrera/Desktop/Electrónica Digital III/TP_FINAL_LPC1769_CORTEXM3/CMSISv2p00_LPC17xx/Debug/libCMSISv2p00_LPC17xx.a(system_LPC17xx.o)
__bhs_ldivmod1                                    /usr/local/mcuxpressoide-11.6.0_8187/ide/plugins/com.nxp.mcuxpresso.tools.linux_11.6.0.202112161359/tools/bin/../lib/gcc/arm-none-eabi/10.3.1/thumb/v7-m/nofp/libcr_eabihelpers.a(division_64.o)
__bss_section_table_end                           ./src/cr_startup_lpc175x_6x.o
__check_heap_overflow                             /usr/local/mcuxpressoide-11.6.0_8187/ide/plugins/com.nxp.mcuxpresso.tools.linux_11.6.0.202112161359/tools/bin/../lib/gcc/arm-none-eabi/10.3.1/../../../../arm-none-eabi/lib/thumb/v7-m/nofp/libcr_c.a(_cr_check_heap.o)
                                                  /usr/local/mcuxpressoide-11.6.0_8187/ide/plugins/com.nxp.mcuxpresso.tools.linux_11.6.0.202112161359/tools/bin/../lib/gcc/arm-none-eabi/10.3.1/../../../../arm-none-eabi/lib/thumb/v7-m/nofp/libcr_c.a(_cr_sbrk.o)
__data_section_table                              ./src/cr_startup_lpc175x_6x.o
__data_section_table_end                          ./src/cr_startup_lpc175x_6x.o
__end_of_heap                                     /usr/local/mcuxpressoide-11.6.0_8187/ide/plugins/com.nxp.mcuxpresso.tools.linux_11.6.0.202112161359/tools/bin/../lib/gcc/arm-none-eabi/10.3.1/../../../../arm-none-eabi/lib/thumb/v7-m/nofp/libcr_c.a(__init_alloc.o)
                                                  /usr/local/mcuxpressoide-11.6.0_8187/ide/plugins/com.nxp.mcuxpresso.tools.linux_11.6.0.202112161359/tools/bin/../lib/gcc/arm-none-eabi/10.3.1/../../../../arm-none-eabi/lib/thumb/v7-m/nofp/libcr_c.a(_cr_sbrk.o)
__exit                                            /usr/local/mcuxpressoide-11.6.0_8187/ide/plugins/com.nxp.mcuxpresso.tools.linux_11.6.0.202112161359/tools/bin/../lib/gcc/arm-none-eabi/10.3.1/../../../../arm-none-eabi/lib/thumb/v7-m/nofp/libcr_nohost.a(__sys_appexit.o)
__flsbuf                                          /usr/local/mcuxpressoide-11.6.0_8187/ide/plugins/com.nxp.mcuxpresso.tools.linux_11.6.0.202112161359/tools/bin/../lib/gcc/arm-none-eabi/10.3.1/../../../../arm-none-eabi/lib/thumb/v7-m/nofp/libcr_c.a(_deferredlazyseek.o)