Archive member included to satisfy reference by file (symbol)

/home/francabrera/Desktop/Electrónica Digital III/TP_FINAL_LPC1769_CORTEXM3/CMSISv2p00_LPC17xx/Debug/libCMSISv2p00_LPC17xx.a(system_LPC17xx.o)
                              ./src/cr_startup_lpc175x_6x.o (SystemInit)
/home/francabrera/Desktop/Electrónica Digital III/TP_FINAL_LPC1769_CORTEXM3/CMSISv2p00_LPC17xx/Debug/libCMSISv2p00_LPC17xx.a(lpc17xx_adc.o)
                              ./src/initialconfig.o (ADC_Init)
/home/francabrera/Desktop/Electrónica Digital III/TP_FINAL_LPC1769_CORTEXM3/CMSISv2p00_LPC17xx/Debug/libCMSISv2p00_LPC17xx.a(lpc17xx_clkpwr.o)
                              /home/francabrera/Desktop/Electrónica Digital III/TP_FINAL_LPC1769_CORTEXM3/CMSISv2p00_LPC17xx/Debug/libCMSISv2p00_LPC17xx.a(lpc17xx_adc.o) (CLKPWR_GetPCLK)
/home/francabrera/Desktop/Electrónica Digital III/TP_FINAL_LPC1769_CORTEXM3/CMSISv2p00_LPC17xx/Debug/libCMSISv2p00_LPC17xx.a(lpc17xx_libcfg_default.o)
                              /home/francabrera/Desktop/Electrónica Digital III/TP_FINAL_LPC1769_CORTEXM3/CMSISv2p00_LPC17xx/Debug/libCMSISv2p00_LPC17xx.a(lpc17xx_adc.o) (check_failed)
/home/francabrera/Desktop/Electrónica Digital III/TP_FINAL_LPC1769_CORTEXM3/CMSISv2p00_LPC17xx/Debug/libCMSISv2p00_LPC17xx.a(lpc17xx_timer.o)
                              ./src/initialconfig.o (TIM_Init)
/usr/local/mcuxpressoide-11.6.0_8187/ide/plugins/com.nxp.mcuxpresso.tools.linux_11.6.0.202112161359/tools/bin/../lib/gcc/arm-none-eabi/10.3.1/../../../../arm-none-eabi/lib/thumb/v7-m/nofp/libcr_c.a(__weak__main.o)
                              ./src/cr_startup_lpc175x_6x.o (__main)
/usr/local/mcuxpressoide-11.6.0_8187/ide/plugins/com.nxp.mcuxpresso.tools.linux_11.6.0.202112161359/tools/bin/../lib/gcc/arm-none-eabi/10.3.1/thumb/v7-m/nofp/libcr_eabihelpers.a(division_64.o)
                              /home/francabrera/Desktop/Electrónica Digital III/TP_FINAL_LPC1769_CORTEXM3/CMSISv2p00_LPC17xx/Debug/libCMSISv2p00_LPC17xx.a(system_LPC17xx.o) (__aeabi_ldivmod)
/usr/local/mcuxpressoide-11.6.0_8187/ide/plugins/com.nxp.mcuxpresso.tools.linux_11.6.0.202112161359/tools/bin/../lib/gcc/arm-none-eabi/10.3.1/thumb/v7-m/nofp/libcr_eabihelpers.a(division_idiv0.o)
                              /usr/local/mcuxpressoide-11.6.0_8187/ide/plugins/com.nxp.mcuxpresso.tools.linux_11.6.0.202112161359/tools/bin/../lib/gcc/arm-none-eabi/10.3.1/thumb/v7-m/nofp/libcr_eabihelpers.a(division_64.o) (__aeabi_idiv0)

Discarded input sections

 .group         0x0000000000000000        0xc ./src/TP_FINAL_Cabrera_Caramuti.o
 .group         0x0000000000000000        0xc ./src/TP_FINAL_Cabrera_Caramuti.o
 .group         0x0000000000000000        0xc ./src/TP_FINAL_Cabrera_Caramuti.o
 .group         0x0000000000000000        0xc ./src/TP_FINAL_Cabrera_Caramuti.o
 .group         0x0000000000000000        0xc ./src/TP_FINAL_Cabrera_Caramuti.o
 .group         0x0000000000000000        0xc ./src/TP_FINAL_Cabrera_Caramuti.o
 .group         0x0000000000000000        0xc ./src/TP_FINAL_Cabrera_Caramuti.o
 .group         0x0000000000000000        0xc ./src/TP_FINAL_Cabrera_Caramuti.o
 .group         0x0000000000000000        0xc ./src/TP_FINAL_Cabrera_Caramuti.o
 .group         0x0000000000000000        0xc ./src/TP_FINAL_Cabrera_Caramuti.o
 .text          0x0000000000000000        0x0 ./src/TP_FINAL_Cabrera_Caramuti.o
 .data          0x0000000000000000        0x0 ./src/TP_FINAL_Cabrera_Caramuti.o
 .bss           0x0000000000000000        0x0 ./src/TP_FINAL_Cabrera_Caramuti.o
 .group         0x0000000000000000        0xc ./src/cr_startup_lpc175x_6x.o
 .text          0x0000000000000000        0x0 ./src/cr_startup_lpc175x_6x.o
 .data          0x0000000000000000        0x0 ./src/cr_startup_lpc175x_6x.o
 .bss           0x0000000000000000        0x0 ./src/cr_startup_lpc175x_6x.o
 .debug_macro   0x0000000000000000      0xa7e ./src/cr_startup_lpc175x_6x.o
 .group         0x0000000000000000        0xc ./src/crp.o
 .group         0x0000000000000000        0xc ./src/crp.o
 .text          0x0000000000000000        0x0 ./src/crp.o
 .data          0x0000000000000000        0x0 ./src/crp.o
 .bss           0x0000000000000000        0x0 ./src/crp.o
 .debug_macro   0x0000000000000000      0xa7e ./src/crp.o
 .group         0x0000000000000000        0xc ./src/initialconfig.o
 .group         0x0000000000000000        0xc ./src/initialconfig.o
 .group         0x0000000000000000        0xc ./src/initialconfig.o
 .group         0x0000000000000000        0xc ./src/initialconfig.o
 .group         0x0000000000000000        0xc ./src/initialconfig.o
 .group         0x0000000000000000        0xc ./src/initialconfig.o
 .group         0x0000000000000000        0xc ./src/initialconfig.o
 .group         0x0000000000000000        0xc ./src/initialconfig.o
 .group         0x0000000000000000        0xc ./src/initialconfig.o
 .group         0x0000000000000000        0xc ./src/initialconfig.o
 .group         0x0000000000000000        0xc ./src/initialconfig.o
 .group         0x0000000000000000        0xc ./src/initialconfig.o
 .group         0x0000000000000000        0xc ./src/initialconfig.o
 .text          0x0000000000000000        0x0 ./src/initialconfig.o
 .data          0x0000000000000000        0x0 ./src/initialconfig.o
 .bss           0x0000000000000000        0x0 ./src/initialconfig.o
 .debug_macro   0x0000000000000000      0xa7e ./src/initialconfig.o
 .debug_macro   0x0000000000000000       0x1c ./src/initialconfig.o
 .debug_macro   0x0000000000000000       0x2e ./src/initialconfig.o
 .debug_macro   0x0000000000000000       0x10 ./src/initialconfig.o
 .debug_macro   0x0000000000000000      0x12e ./src/initialconfig.o
 .debug_macro   0x0000000000000000      0x5b3 ./src/initialconfig.o
 .debug_macro   0x0000000000000000       0x18 ./src/initialconfig.o
 .debug_macro   0x0000000000000000      0x7af ./src/initialconfig.o
 .debug_macro   0x0000000000000000      0x2c7 ./src/initialconfig.o
 .debug_macro   0x0000000000000000       0x28 ./src/initialconfig.o
 .group         0x0000000000000000        0xc /home/francabrera/Desktop/Electrónica Digital III/TP_FINAL_LPC1769_CORTEXM3/CMSISv2p00_LPC17xx/Debug/libCMSISv2p00_LPC17xx.a(system_LPC17xx.o)
 .group         0x0000000000000000        0xc /home/francabrera/Desktop/Electrónica Digital III/TP_FINAL_LPC1769_CORTEXM3/CMSISv2p00_LPC17xx/Debug/libCMSISv2p00_LPC17xx.a(system_LPC17xx.o)
 .group         0x0000000000000000        0xc /home/francabrera/Desktop/Electrónica Digital III/TP_FINAL_LPC1769_CORTEXM3/CMSISv2p00_LPC17xx/Debug/libCMSISv2p00_LPC17xx.a(system_LPC17xx.o)
 .group         0x0000000000000000        0xc /home/francabrera/Desktop/Electrónica Digital III/TP_FINAL_LPC1769_CORTEXM3/CMSISv2p00_LPC17xx/Debug/libCMSISv2p00_LPC17xx.a(system_LPC17xx.o)
 .group         0x0000000000000000        0xc /home/francabrera/Desktop/Electrónica Digital III/TP_FINAL_LPC1769_CORTEXM3/CMSISv2p00_LPC17xx/Debug/libCMSISv2p00_LPC17xx.a(system_LPC17xx.o)
 .group         0x0000000000000000        0xc /home/francabrera/Desktop/Electrónica Digital III/TP_FINAL_LPC1769_CORTEXM3/CMSISv2p00_LPC17xx/Debug/libCMSISv2p00_LPC17xx.a(system_LPC17xx.o)
 .group         0x0000000000000000        0xc /home/francabrera/Desktop/Electrónica Digital III/TP_FINAL_LPC1769_CORTEXM3/CMSISv2p00_LPC17xx/Debug/libCMSISv2p00_LPC17xx.a(system_LPC17xx.o)
 .group         0x0000000000000000        0xc /home/francabrera/Desktop/Electrónica Digital III/TP_FINAL_LPC1769_CORTEXM3/CMSISv2p00_LPC17xx/Debug/libCMSISv2p00_LPC17xx.a(system_LPC17xx.o)
 .group         0x0000000000000000        0xc /home/francabrera/Desktop/Electrónica Digital III/TP_FINAL_LPC1769_CORTEXM3/CMSISv2p00_LPC17xx/Debug/libCMSISv2p00_LPC17xx.a(system_LPC17xx.o)
 .text          0x0000000000000000        0x0 /home/francabrera/Desktop/Electrónica Digital III/TP_FINAL_LPC1769_CORTEXM3/CMSISv2p00_LPC17xx/Debug/libCMSISv2p00_LPC17xx.a(system_LPC17xx.o)
 .data          0x0000000000000000        0x0 /home/francabrera/Desktop/Electrónica Digital III/TP_FINAL_LPC1769_CORTEXM3/CMSISv2p00_LPC17xx/Debug/libCMSISv2p00_LPC17xx.a(system_LPC17xx.o)
 .bss           0x0000000000000000        0x0 /home/francabrera/Desktop/Electrónica Digital III/TP_FINAL_LPC1769_CORTEXM3/CMSISv2p00_LPC17xx/Debug/libCMSISv2p00_LPC17xx.a(system_LPC17xx.o)
 .text.SystemCoreClockUpdate
                0x0000000000000000       0xb8 /home/francabrera/Desktop/Electrónica Digital III/TP_FINAL_LPC1769_CORTEXM3/CMSISv2p00_LPC17xx/Debug/libCMSISv2p00_LPC17xx.a(system_LPC17xx.o)
 .debug_macro   0x0000000000000000       0x10 /home/francabrera/Desktop/Electrónica Digital III/TP_FINAL_LPC1769_CORTEXM3/CMSISv2p00_LPC17xx/Debug/libCMSISv2p00_LPC17xx.a(system_LPC17xx.o)
 .debug_macro   0x0000000000000000      0x12e /home/francabrera/Desktop/Electrónica Digital III/TP_FINAL_LPC1769_CORTEXM3/CMSISv2p00_LPC17xx/Debug/libCMSISv2p00_LPC17xx.a(system_LPC17xx.o)
 .debug_macro   0x0000000000000000      0x5b3 /home/francabrera/Desktop/Electrónica Digital III/TP_FINAL_LPC1769_CORTEXM3/CMSISv2p00_LPC17xx/Debug/libCMSISv2p00_LPC17xx.a(system_LPC17xx.o)
 .debug_macro   0x0000000000000000       0x1c /home/francabrera/Desktop/Electrónica Digital III/TP_FINAL_LPC1769_CORTEXM3/CMSISv2p00_LPC17xx/Debug/libCMSISv2p00_LPC17xx.a(system_LPC17xx.o)
 .debug_macro   0x0000000000000000       0x2e /home/francabrera/Desktop/Electrónica Digital III/TP_FINAL_LPC1769_CORTEXM3/CMSISv2p00_LPC17xx/Debug/libCMSISv2p00_LPC17xx.a(system_LPC17xx.o)
 .debug_macro   0x0000000000000000       0x18 /home/francabrera/Desktop/Electrónica Digital III/TP_FINAL_LPC1769_CORTEXM3/CMSISv2p00_LPC17xx/Debug/libCMSISv2p00_LPC17xx.a(system_LPC17xx.o)
 .debug_macro   0x0000000000000000      0x7af /home/francabrera/Desktop/Electrónica Digital III/TP_FINAL_LPC1769_CORTEXM3/CMSISv2p00_LPC17xx/Debug/libCMSISv2p00_LPC17xx.a(system_LPC17xx.o)
 .debug_macro   0x0000000000000000      0x2c7 /home/francabrera/Desktop/Electrónica Digital III/TP_FINAL_LPC1769_CORTEXM3/CMSISv2p00_LPC17xx/Debug/libCMSISv2p00_LPC17xx.a(system_LPC17xx.o)
 .group         0x0000000000000000        0xc /home/francabrera/Desktop/Electrónica Digital III/TP_FINAL_LPC1769_CORTEXM3/CMSISv2p00_LPC17xx/Debug/libCMSISv2p00_LPC17xx.a(lpc17xx_adc.o)
 .group         0x0000000000000000        0xc /home/francabrera/Desktop/Electrónica Digital III/TP_FINAL_LPC1769_CORTEXM3/CMSISv2p00_LPC17xx/Debug/libCMSISv2p00_LPC17xx.a(lpc17xx_adc.o)
 .group         0x0000000000000000        0xc /home/francabrera/Desktop/Electrónica Digital III/TP_FINAL_LPC1769_CORTEXM3/CMSISv2p00_LPC17xx/Debug/libCMSISv2p00_LPC17xx.a(lpc17xx_adc.o)
 .group         0x0000000000000000        0xc /home/francabrera/Desktop/Electrónica Digital III/TP_FINAL_LPC1769_CORTEXM3/CMSISv2p00_LPC17xx/Debug/libCMSISv2p00_LPC17xx.a(lpc17xx_adc.o)
 .group         0x0000000000000000        0xc /home/francabrera/Desktop/Electrónica Digital III/TP_FINAL_LPC1769_CORTEXM3/CMSISv2p00_LPC17xx/Debug/libCMSISv2p00_LPC17xx.a(lpc17xx_adc.o)
 .group         0x0000000000000000        0xc /home/francabrera/Desktop/Electrónica Digital III/TP_FINAL_LPC1769_CORTEXM3/CMSISv2p00_LPC17xx/Debug/libCMSISv2p00_LPC17xx.a(lpc17xx_adc.o)
 .group         0x0000000000000000        0xc /home/francabrera/Desktop/Electrónica Digital III/TP_FINAL_LPC1769_CORTEXM3/CMSISv2p00_LPC17xx/Debug/libCMSISv2p00_LPC17xx.a(lpc17xx_adc.o)
 .group         0x0000000000000000        0xc /home/francabrera/Desktop/Electrónica Digital III/TP_FINAL_LPC1769_CORTEXM3/CMSISv2p00_LPC17xx/Debug/libCMSISv2p00_LPC17xx.a(lpc17xx_adc.o)
 .group         0x0000000000000000        0xc /home/francabrera/Desktop/Electrónica Digital III/TP_FINAL_LPC1769_CORTEXM3/CMSISv2p00_LPC17xx/Debug/libCMSISv2p00_LPC17xx.a(lpc17xx_adc.o)
 .group         0x0000000000000000        0xc /home/francabrera/Desktop/Electrónica Digital III/TP_FINAL_LPC1769_CORTEXM3/CMSISv2p00_LPC17xx/Debug/libCMSISv2p00_LPC17xx.a(lpc17xx_adc.o)
 .group         0x0000000000000000        0xc /home/francabrera/Desktop/Electrónica Digital III/TP_FINAL_LPC1769_CORTEXM3/CMSISv2p00_LPC17xx/Debug/libCMSISv2p00_LPC17xx.a(lpc17xx_adc.o)
 .group         0x0000000000000000        0xc /home/francabrera/Desktop/Electrónica Digital III/TP_FINAL_LPC1769_CORTEXM3/CMSISv2p00_LPC17xx/Debug/libCMSISv2p00_LPC17xx.a(lpc17xx_adc.o)
 .group         0x0000000000000000        0xc /home/francabrera/Desktop/Electrónica Digital III/TP_FINAL_LPC1769_CORTEXM3/CMSISv2p00_LPC17xx/Debug/libCMSISv2p00_LPC17xx.a(lpc17xx_adc.o)
 .text          0x0000000000000000        0x0 /home/francabrera/Desktop/Electrónica Digital III/TP_FINAL_LPC1769_CORTEXM3/CMSISv2p00_LPC17xx/Debug/libCMSISv2p00_LPC17xx.a(lpc17xx_adc.o)
 .data          0x0000000000000000        0x0 /home/francabrera/Desktop/Electrónica Digital III/TP_FINAL_LPC1769_CORTEXM3/CMSISv2p00_LPC17xx/Debug/libCMSISv2p00_LPC17xx.a(lpc17xx_adc.o)
 .bss           0x0000000000000000        0x0 /home/francabrera/Desktop/Electrónica Digital III/TP_FINAL_LPC1769_CORTEXM3/CMSISv2p00_LPC17xx/Debug/libCMSISv2p00_LPC17xx.a(lpc17xx_adc.o)
 .text.ADC_DeInit
                0x0000000000000000       0x30 /home/francabrera/Desktop/Electrónica Digital III/TP_FINAL_LPC1769_CORTEXM3/CMSISv2p00_LPC17xx/Debug/libCMSISv2p00_LPC17xx.a(lpc17xx_adc.o)
 .text.ADC_GetData
                0x0000000000000000       0x10 /home/francabrera/Desktop/Electrónica Digital III/TP_FINAL_LPC1769_CORTEXM3/CMSISv2p00_LPC17xx/Debug/libCMSISv2p00_LPC17xx.a(lpc17xx_adc.o)
 .text.ADC_BurstCmd
                0x0000000000000000       0x30 /home/francabrera/Desktop/Electrónica Digital III/TP_FINAL_LPC1769_CORTEXM3/CMSISv2p00_LPC17xx/Debug/libCMSISv2p00_LPC17xx.a(lpc17xx_adc.o)
 .text.ADC_PowerdownCmd
                0x0000000000000000       0x30 /home/francabrera/Desktop/Electrónica Digital III/TP_FINAL_LPC1769_CORTEXM3/CMSISv2p00_LPC17xx/Debug/libCMSISv2p00_LPC17xx.a(lpc17xx_adc.o)
 .text.ADC_ChannelGetData
                0x0000000000000000       0x28 /home/francabrera/Desktop/Electrónica Digital III/TP_FINAL_LPC1769_CORTEXM3/CMSISv2p00_LPC17xx/Debug/libCMSISv2p00_LPC17xx.a(lpc17xx_adc.o)
 .text.ADC_ChannelGetStatus
                0x0000000000000000       0x48 /home/francabrera/Desktop/Electrónica Digital III/TP_FINAL_LPC1769_CORTEXM3/CMSISv2p00_LPC17xx/Debug/libCMSISv2p00_LPC17xx.a(lpc17xx_adc.o)
 .text.ADC_GlobalGetData
                0x0000000000000000       0x20 /home/francabrera/Desktop/Electrónica Digital III/TP_FINAL_LPC1769_CORTEXM3/CMSISv2p00_LPC17xx/Debug/libCMSISv2p00_LPC17xx.a(lpc17xx_adc.o)
 .text.ADC_GlobalGetStatus
                0x0000000000000000       0x44 /home/francabrera/Desktop/Electrónica Digital III/TP_FINAL_LPC1769_CORTEXM3/CMSISv2p00_LPC17xx/Debug/libCMSISv2p00_LPC17xx.a(lpc17xx_adc.o)
 .debug_macro   0x0000000000000000      0xa78 /home/francabrera/Desktop/Electrónica Digital III/TP_FINAL_LPC1769_CORTEXM3/CMSISv2p00_LPC17xx/Debug/libCMSISv2p00_LPC17xx.a(lpc17xx_adc.o)
 .debug_macro   0x0000000000000000       0x1c /home/francabrera/Desktop/Electrónica Digital III/TP_FINAL_LPC1769_CORTEXM3/CMSISv2p00_LPC17xx/Debug/libCMSISv2p00_LPC17xx.a(lpc17xx_adc.o)
 .debug_macro   0x0000000000000000       0x2e /home/francabrera/Desktop/Electrónica Digital III/TP_FINAL_LPC1769_CORTEXM3/CMSISv2p00_LPC17xx/Debug/libCMSISv2p00_LPC17xx.a(lpc17xx_adc.o)
 .debug_macro   0x0000000000000000       0x10 /home/francabrera/Desktop/Electrónica Digital III/TP_FINAL_LPC1769_CORTEXM3/CMSISv2p00_LPC17xx/Debug/libCMSISv2p00_LPC17xx.a(lpc17xx_adc.o)
 .debug_macro   0x0000000000000000      0x12e /home/francabrera/Desktop/Electrónica Digital III/TP_FINAL_LPC1769_CORTEXM3/CMSISv2p00_LPC17xx/Debug/libCMSISv2p00_LPC17xx.a(lpc17xx_adc.o)
 .debug_macro   0x0000000000000000      0x5b3 /home/francabrera/Desktop/Electrónica Digital III/TP_FINAL_LPC1769_CORTEXM3/CMSISv2p00_LPC17xx/Debug/libCMSISv2p00_LPC17xx.a(lpc17xx_adc.o)
 .debug_macro   0x0000000000000000       0x18 /home/francabrera/Desktop/Electrónica Digital III/TP_FINAL_LPC1769_CORTEXM3/CMSISv2p00_LPC17xx/Debug/libCMSISv2p00_LPC17xx.a(lpc17xx_adc.o)
 .debug_macro   0x0000000000000000      0x7af /home/francabrera/Desktop/Electrónica Digital III/TP_FINAL_LPC1769_CORTEXM3/CMSISv2p00_LPC17xx/Debug/libCMSISv2p00_LPC17xx.a(lpc17xx_adc.o)
 .debug_macro   0x0000000000000000      0x2c7 /home/francabrera/Desktop/Electrónica Digital III/TP_FINAL_LPC1769_CORTEXM3/CMSISv2p00_LPC17xx/Debug/libCMSISv2p00_LPC17xx.a(lpc17xx_adc.o)
 .debug_macro   0x0000000000000000       0x63 /home/francabrera/Desktop/Electrónica Digital III/TP_FINAL_LPC1769_CORTEXM3/CMSISv2p00_LPC17xx/Debug/libCMSISv2p00_LPC17xx.a(lpc17xx_adc.o)
 .debug_macro   0x0000000000000000       0xe5 /home/francabrera/Desktop/Electrónica Digital III/TP_FINAL_LPC1769_CORTEXM3/CMSISv2p00_LPC17xx/Debug/libCMSISv2p00_LPC17xx.a(lpc17xx_adc.o)
 .group         0x0000000000000000        0xc /home/francabrera/Desktop/Electrónica Digital III/TP_FINAL_LPC1769_CORTEXM3/CMSISv2p00_LPC17xx/Debug/libCMSISv2p00_LPC17xx.a(lpc17xx_clkpwr.o)
 .group         0x0000000000000000        0xc /home/francabrera/Desktop/Electrónica Digital III/TP_FINAL_LPC1769_CORTEXM3/CMSISv2p00_LPC17xx/Debug/libCMSISv2p00_LPC17xx.a(lpc17xx_clkpwr.o)
 .group         0x0000000000000000        0xc /home/francabrera/Desktop/Electrónica Digital III/TP_FINAL_LPC1769_CORTEXM3/CMSISv2p00_LPC17xx/Debug/libCMSISv2p00_LPC17xx.a(lpc17xx_clkpwr.o)
 .group         0x0000000000000000        0xc /home/francabrera/Desktop/Electrónica Digital III/TP_FINAL_LPC1769_CORTEXM3/CMSISv2p00_LPC17xx/Debug/libCMSISv2p00_LPC17xx.a(lpc17xx_clkpwr.o)
 .group         0x0000000000000000        0xc /home/francabrera/Desktop/Electrónica Digital III/TP_FINAL_LPC1769_CORTEXM3/CMSISv2p00_LPC17xx/Debug/libCMSISv2p00_LPC17xx.a(lpc17xx_clkpwr.o)
 .group         0x0000000000000000        0xc /home/francabrera/Desktop/Electrónica Digital III/TP_FINAL_LPC1769_CORTEXM3/CMSISv2p00_LPC17xx/Debug/libCMSISv2p00_LPC17xx.a(lpc17xx_clkpwr.o)
 .group         0x0000000000000000        0xc /home/francabrera/Desktop/Electrónica Digital III/TP_FINAL_LPC1769_CORTEXM3/CMSISv2p00_LPC17xx/Debug/libCMSISv2p00_LPC17xx.a(lpc17xx_clkpwr.o)
 .group         0x0000000000000000        0xc /home/francabrera/Desktop/Electrónica Digital III/TP_FINAL_LPC1769_CORTEXM3/CMSISv2p00_LPC17xx/Debug/libCMSISv2p00_LPC17xx.a(lpc17xx_clkpwr.o)
 .group         0x0000000000000000        0xc /home/francabrera/Desktop/Electrónica Digital III/TP_FINAL_LPC1769_CORTEXM3/CMSISv2p00_LPC17xx/Debug/libCMSISv2p00_LPC17xx.a(lpc17xx_clkpwr.o)
 .group         0x0000000000000000        0xc /home/francabrera/Desktop/Electrónica Digital III/TP_FINAL_LPC1769_CORTEXM3/CMSISv2p00_LPC17xx/Debug/libCMSISv2p00_LPC17xx.a(lpc17xx_clkpwr.o)
 .group         0x0000000000000000        0xc /home/francabrera/Desktop/Electrónica Digital III/TP_FINAL_LPC1769_CORTEXM3/CMSISv2p00_LPC17xx/Debug/libCMSISv2p00_LPC17xx.a(lpc17xx_clkpwr.o)
 .text          0x0000000000000000        0x0 /home/francabrera/Desktop/Electrónica Digital III/TP_FINAL_LPC1769_CORTEXM3/CMSISv2p00_LPC17xx/Debug/libCMSISv2p00_LPC17xx.a(lpc17xx_clkpwr.o)
 .data          0x0000000000000000        0x0 /home/francabrera/Desktop/Electrónica Digital III/TP_FINAL_LPC1769_CORTEXM3/CMSISv2p00_LPC17xx/Debug/libCMSISv2p00_LPC17xx.a(lpc17xx_clkpwr.o)
 .bss           0x0000000000000000        0x0 /home/francabrera/Desktop/Electrónica Digital III/TP_FINAL_LPC1769_CORTEXM3/CMSISv2p00_LPC17xx/Debug/libCMSISv2p00_LPC17xx.a(lpc17xx_clkpwr.o)
 .text.CLKPWR_Sleep
                0x0000000000000000       0x10 /home/francabrera/Desktop/Electrónica Digital III/TP_FINAL_LPC1769_CORTEXM3/CMSISv2p00_LPC17xx/Debug/libCMSISv2p00_LPC17xx.a(lpc17xx_clkpwr.o)
 .text.CLKPWR_DeepSleep
                0x0000000000000000       0x1c /home/francabrera/Desktop/Electrónica Digital III/TP_FINAL_LPC1769_CORTEXM3/CMSISv2p00_LPC17xx/Debug/libCMSISv2p00_LPC17xx.a(lpc17xx_clkpwr.o)
 .text.CLKPWR_PowerDown
                0x0000000000000000       0x1c /home/francabrera/Desktop/Electrónica Digital III/TP_FINAL_LPC1769_CORTEXM3/CMSISv2p00_LPC17xx/Debug/libCMSISv2p00_LPC17xx.a(lpc17xx_clkpwr.o)
 .text.CLKPWR_DeepPowerDown
                0x0000000000000000       0x1c /home/francabrera/Desktop/Electrónica Digital III/TP_FINAL_LPC1769_CORTEXM3/CMSISv2p00_LPC17xx/Debug/libCMSISv2p00_LPC17xx.a(lpc17xx_clkpwr.o)
 .debug_macro   0x0000000000000000      0xa78 /home/francabrera/Desktop/Electrónica Digital III/TP_FINAL_LPC1769_CORTEXM3/CMSISv2p00_LPC17xx/Debug/libCMSISv2p00_LPC17xx.a(lpc17xx_clkpwr.o)
 .debug_macro   0x0000000000000000       0x1c /home/francabrera/Desktop/Electrónica Digital III/TP_FINAL_LPC1769_CORTEXM3/CMSISv2p00_LPC17xx/Debug/libCMSISv2p00_LPC17xx.a(lpc17xx_clkpwr.o)
 .debug_macro   0x0000000000000000       0x2e /home/francabrera/Desktop/Electrónica Digital III/TP_FINAL_LPC1769_CORTEXM3/CMSISv2p00_LPC17xx/Debug/libCMSISv2p00_LPC17xx.a(lpc17xx_clkpwr.o)
 .debug_macro   0x0000000000000000       0x10 /home/francabrera/Desktop/Electrónica Digital III/TP_FINAL_LPC1769_CORTEXM3/CMSISv2p00_LPC17xx/Debug/libCMSISv2p00_LPC17xx.a(lpc17xx_clkpwr.o)
 .debug_macro   0x0000000000000000      0x12e /home/francabrera/Desktop/Electrónica Digital III/TP_FINAL_LPC1769_CORTEXM3/CMSISv2p00_LPC17xx/Debug/libCMSISv2p00_LPC17xx.a(lpc17xx_clkpwr.o)
 .debug_macro   0x0000000000000000      0x5b3 /home/francabrera/Desktop/Electrónica Digital III/TP_FINAL_LPC1769_CORTEXM3/CMSISv2p00_LPC17xx/Debug/libCMSISv2p00_LPC17xx.a(lpc17xx_clkpwr.o)
 .debug_macro   0x0000000000000000       0x18 /home/francabrera/Desktop/Electrónica Digital III/TP_FINAL_LPC1769_CORTEXM3/CMSISv2p00_LPC17xx/Debug/libCMSISv2p00_LPC17xx.a(lpc17xx_clkpwr.o)
 .debug_macro   0x0000000000000000      0x7af /home/francabrera/Desktop/Electrónica Digital III/TP_FINAL_LPC1769_CORTEXM3/CMSISv2p00_LPC17xx/Debug/libCMSISv2p00_LPC17xx.a(lpc17xx_clkpwr.o)
 .debug_macro   0x0000000000000000      0x2c7 /home/francabrera/Desktop/Electrónica Digital III/TP_FINAL_LPC1769_CORTEXM3/CMSISv2p00_LPC17xx/Debug/libCMSISv2p00_LPC17xx.a(lpc17xx_clkpwr.o)
 .debug_macro   0x0000000000000000       0x63 /home/francabrera/Desktop/Electrónica Digital III/TP_FINAL_LPC1769_CORTEXM3/CMSISv2p00_LPC17xx/Debug/libCMSISv2p00_LPC17xx.a(lpc17xx_clkpwr.o)
 .group         0x0000000000000000        0xc /home/francabrera/Desktop/Electrónica Digital III/TP_FINAL_LPC1769_CORTEXM3/CMSISv2p00_LPC17xx/Debug/libCMSISv2p00_LPC17xx.a(lpc17xx_libcfg_default.o)
 .group         0x0000000000000000        0xc /home/francabrera/Desktop/Electrónica Digital III/TP_FINAL_LPC1769_CORTEXM3/CMSISv2p00_LPC17xx/Debug/libCMSISv2p00_LPC17xx.a(lpc17xx_libcfg_default.o)
 .group         0x0000000000000000        0xc /home/francabrera/Desktop/Electrónica Digital III/TP_FINAL_LPC1769_CORTEXM3/CMSISv2p00_LPC17xx/Debug/libCMSISv2p00_LPC17xx.a(lpc17xx_libcfg_default.o)
 .group         0x0000000000000000        0xc /home/francabrera/Desktop/Electrónica Digital III/TP_FINAL_LPC1769_CORTEXM3/CMSISv2p00_LPC17xx/Debug/libCMSISv2p00_LPC17xx.a(lpc17xx_libcfg_default.o)
 .group         0x0000000000000000        0xc /home/francabrera/Desktop/Electrónica Digital III/TP_FINAL_LPC1769_CORTEXM3/CMSISv2p00_LPC17xx/Debug/libCMSISv2p00_LPC17xx.a(lpc17xx_libcfg_default.o)
 .group         0x0000000000000000        0xc /home/francabrera/Desktop/Electrónica Digital III/TP_FINAL_LPC1769_CORTEXM3/CMSISv2p00_LPC17xx/Debug/libCMSISv2p00_LPC17xx.a(lpc17xx_libcfg_default.o)
 .text          0x0000000000000000        0x0 /home/francabrera/Desktop/Electrónica Digital III/TP_FINAL_LPC1769_CORTEXM3/CMSISv2p00_LPC17xx/Debug/libCMSISv2p00_LPC17xx.a(lpc17xx_libcfg_default.o)
 .data          0x0000000000000000        0x0 /home/francabrera/Desktop/Electrónica Digital III/TP_FINAL_LPC1769_CORTEXM3/CMSISv2p00_LPC17xx/Debug/libCMSISv2p00_LPC17xx.a(lpc17xx_libcfg_default.o)
 .bss           0x0000000000000000        0x0 /home/francabrera/Desktop/Electrónica Digital III/TP_FINAL_LPC1769_CORTEXM3/CMSISv2p00_LPC17xx/Debug/libCMSISv2p00_LPC17xx.a(lpc17xx_libcfg_default.o)
 .debug_macro   0x0000000000000000      0xa78 /home/francabrera/Desktop/Electrónica Digital III/TP_FINAL_LPC1769_CORTEXM3/CMSISv2p00_LPC17xx/Debug/libCMSISv2p00_LPC17xx.a(lpc17xx_libcfg_default.o)
 .debug_macro   0x0000000000000000       0x10 /home/francabrera/Desktop/Electrónica Digital III/TP_FINAL_LPC1769_CORTEXM3/CMSISv2p00_LPC17xx/Debug/libCMSISv2p00_LPC17xx.a(lpc17xx_libcfg_default.o)
 .debug_macro   0x0000000000000000      0x12e /home/francabrera/Desktop/Electrónica Digital III/TP_FINAL_LPC1769_CORTEXM3/CMSISv2p00_LPC17xx/Debug/libCMSISv2p00_LPC17xx.a(lpc17xx_libcfg_default.o)
 .debug_macro   0x0000000000000000      0x5b3 /home/francabrera/Desktop/Electrónica Digital III/TP_FINAL_LPC1769_CORTEXM3/CMSISv2p00_LPC17xx/Debug/libCMSISv2p00_LPC17xx.a(lpc17xx_libcfg_default.o)
 .group         0x0000000000000000        0xc /home/francabrera/Desktop/Electrónica Digital III/TP_FINAL_LPC1769_CORTEXM3/CMSISv2p00_LPC17xx/Debug/libCMSISv2p00_LPC17xx.a(lpc17xx_timer.o)
 .group         0x0000000000000000        0xc /home/francabrera/Desktop/Electrónica Digital III/TP_FINAL_LPC1769_CORTEXM3/CMSISv2p00_LPC17xx/Debug/libCMSISv2p00_LPC17xx.a(lpc17xx_timer.o)
 .group         0x0000000000000000        0xc /home/francabrera/Desktop/Electrónica Digital III/TP_FINAL_LPC1769_CORTEXM3/CMSISv2p00_LPC17xx/Debug/libCMSISv2p00_LPC17xx.a(lpc17xx_timer.o)
 .group         0x0000000000000000        0xc /home/francabrera/Desktop/Electrónica Digital III/TP_FINAL_LPC1769_CORTEXM3/CMSISv2p00_LPC17xx/Debug/libCMSISv2p00_LPC17xx.a(lpc17xx_timer.o)
 .group         0x0000000000000000        0xc /home/francabrera/Desktop/Electrónica Digital III/TP_FINAL_LPC1769_CORTEXM3/CMSISv2p00_LPC17xx/Debug/libCMSISv2p00_LPC17xx.a(lpc17xx_timer.o)
 .group         0x0000000000000000        0xc /home/francabrera/Desktop/Electrónica Digital III/TP_FINAL_LPC1769_CORTEXM3/CMSISv2p00_LPC17xx/Debug/libCMSISv2p00_LPC17xx.a(lpc17xx_timer.o)
 .group         0x0000000000000000        0xc /home/francabrera/Desktop/Electrónica Digital III/TP_FINAL_LPC1769_CORTEXM3/CMSISv2p00_LPC17xx/Debug/libCMSISv2p00_LPC17xx.a(lpc17xx_timer.o)
 .group         0x0000000000000000        0xc /home/francabrera/Desktop/Electrónica Digital III/TP_FINAL_LPC1769_CORTEXM3/CMSISv2p00_LPC17xx/Debug/libCMSISv2p00_LPC17xx.a(lpc17xx_timer.o)
 .group         0x0000000000000000        0xc /home/francabrera/Desktop/Electrónica Digital III/TP_FINAL_LPC1769_CORTEXM3/CMSISv2p00_LPC17xx/Debug/libCMSISv2p00_LPC17xx.a(lpc17xx_timer.o)
 .group         0x0000000000000000        0xc /home/francabrera/Desktop/Electrónica Digital III/TP_FINAL_LPC1769_CORTEXM3/CMSISv2p00_LPC17xx/Debug/libCMSISv2p00_LPC17xx.a(lpc17xx_timer.o)
 .group         0x0000000000000000        0xc /home/francabrera/Desktop/Electrónica Digital III/TP_FINAL_LPC1769_CORTEXM3/CMSISv2p00_LPC17xx/Debug/libCMSISv2p00_LPC17xx.a(lpc17xx_timer.o)
 .group         0x0000000000000000        0xc /home/francabrera/Desktop/Electrónica Digital III/TP_FINAL_LPC1769_CORTEXM3/CMSISv2p00_LPC17xx/Debug/libCMSISv2p00_LPC17xx.a(lpc17xx_timer.o)
 .group         0x0000000000000000        0xc /home/francabrera/Desktop/Electrónica Digital III/TP_FINAL_LPC1769_CORTEXM3/CMSISv2p00_LPC17xx/Debug/libCMSISv2p00_LPC17xx.a(lpc17xx_timer.o)
 .group         0x0000000000000000        0xc /home/francabrera/Desktop/Electrónica Digital III/TP_FINAL_LPC1769_CORTEXM3/CMSISv2p00_LPC17xx/Debug/libCMSISv2p00_LPC17xx.a(lpc17xx_timer.o)
 .text          0x0000000000000000        0x0 /home/francabrera/Desktop/Electrónica Digital III/TP_FINAL_LPC1769_CORTEXM3/CMSISv2p00_LPC17xx/Debug/libCMSISv2p00_LPC17xx.a(lpc17xx_timer.o)
 .data          0x0000000000000000        0x0 /home/francabrera/Desktop/Electrónica Digital III/TP_FINAL_LPC1769_CORTEXM3/CMSISv2p00_LPC17xx/Debug/libCMSISv2p00_LPC17xx.a(lpc17xx_timer.o)
 .bss           0x0000000000000000        0x0 /home/francabrera/Desktop/Electrónica Digital III/TP_FINAL_LPC1769_CORTEXM3/CMSISv2p00_LPC17xx/Debug/libCMSISv2p00_LPC17xx.a(lpc17xx_timer.o)
 .text.TIM_GetIntStatus
                0x0000000000000000       0x50 /home/francabrera/Desktop/Electrónica Digital III/TP_FINAL_LPC1769_CORTEXM3/CMSISv2p00_LPC17xx/Debug/libCMSISv2p00_LPC17xx.a(lpc17xx_timer.o)
 .text.TIM_GetIntCaptureStatus
                0x0000000000000000       0x54 /home/francabrera/Desktop/Electrónica Digital III/TP_FINAL_LPC1769_CORTEXM3/CMSISv2p00_LPC17xx/Debug/libCMSISv2p00_LPC17xx.a(lpc17xx_timer.o)
 .text.TIM_ClearIntPending
                0x0000000000000000       0x4c /home/francabrera/Desktop/Electrónica Digital III/TP_FINAL_LPC1769_CORTEXM3/CMSISv2p00_LPC17xx/Debug/libCMSISv2p00_LPC17xx.a(lpc17xx_timer.o)
 .text.TIM_ClearIntCapturePending
                0x0000000000000000       0x50 /home/francabrera/Desktop/Electrónica Digital III/TP_FINAL_LPC1769_CORTEXM3/CMSISv2p00_LPC17xx/Debug/libCMSISv2p00_LPC17xx.a(lpc17xx_timer.o)
 .text.TIM_ConfigStructInit
                0x0000000000000000       0x10 /home/francabrera/Desktop/Electrónica Digital III/TP_FINAL_LPC1769_CORTEXM3/CMSISv2p00_LPC17xx/Debug/libCMSISv2p00_LPC17xx.a(lpc17xx_timer.o)
 .text.TIM_DeInit
                0x0000000000000000       0x70 /home/francabrera/Desktop/Electrónica Digital III/TP_FINAL_LPC1769_CORTEXM3/CMSISv2p00_LPC17xx/Debug/libCMSISv2p00_LPC17xx.a(lpc17xx_timer.o)
 .text.TIM_ResetCounter
                0x0000000000000000       0x44 /home/francabrera/Desktop/Electrónica Digital III/TP_FINAL_LPC1769_CORTEXM3/CMSISv2p00_LPC17xx/Debug/libCMSISv2p00_LPC17xx.a(lpc17xx_timer.o)
 .text.TIM_UpdateMatchValue
                0x0000000000000000       0x54 /home/francabrera/Desktop/Electrónica Digital III/TP_FINAL_LPC1769_CORTEXM3/CMSISv2p00_LPC17xx/Debug/libCMSISv2p00_LPC17xx.a(lpc17xx_timer.o)
 .text.TIM_ConfigCapture
                0x0000000000000000       0x78 /home/francabrera/Desktop/Electrónica Digital III/TP_FINAL_LPC1769_CORTEXM3/CMSISv2p00_LPC17xx/Debug/libCMSISv2p00_LPC17xx.a(lpc17xx_timer.o)
 .text.TIM_GetCaptureValue
                0x0000000000000000       0x50 /home/francabrera/Desktop/Electrónica Digital III/TP_FINAL_LPC1769_CORTEXM3/CMSISv2p00_LPC17xx/Debug/libCMSISv2p00_LPC17xx.a(lpc17xx_timer.o)
 .debug_macro   0x0000000000000000      0xa78 /home/francabrera/Desktop/Electrónica Digital III/TP_FINAL_LPC1769_CORTEXM3/CMSISv2p00_LPC17xx/Debug/libCMSISv2p00_LPC17xx.a(lpc17xx_timer.o)
 .debug_macro   0x0000000000000000       0x1c /home/francabrera/Desktop/Electrónica Digital III/TP_FINAL_LPC1769_CORTEXM3/CMSISv2p00_LPC17xx/Debug/libCMSISv2p00_LPC17xx.a(lpc17xx_timer.o)
 .debug_macro   0x0000000000000000       0x2e /home/francabrera/Desktop/Electrónica Digital III/TP_FINAL_LPC1769_CORTEXM3/CMSISv2p00_LPC17xx/Debug/libCMSISv2p00_LPC17xx.a(lpc17xx_timer.o)
 .debug_macro   0x0000000000000000       0x10 /home/francabrera/Desktop/Electrónica Digital III/TP_FINAL_LPC1769_CORTEXM3/CMSISv2p00_LPC17xx/Debug/libCMSISv2p00_LPC17xx.a(lpc17xx_timer.o)
 .debug_macro   0x0000000000000000      0x12e /home/francabrera/Desktop/Electrónica Digital III/TP_FINAL_LPC1769_CORTEXM3/CMSISv2p00_LPC17xx/Debug/libCMSISv2p00_LPC17xx.a(lpc17xx_timer.o)
 .debug_macro   0x0000000000000000      0x5b3 /home/francabrera/Desktop/Electrónica Digital III/TP_FINAL_LPC1769_CORTEXM3/CMSISv2p00_LPC17xx/Debug/libCMSISv2p00_LPC17xx.a(lpc17xx_timer.o)
 .debug_macro   0x0000000000000000       0x18 /home/francabrera/Desktop/Electrónica Digital III/TP_FINAL_LPC1769_CORTEXM3/CMSISv2p00_LPC17xx/Debug/libCMSISv2p00_LPC17xx.a(lpc17xx_timer.o)
 .debug_macro   0x0000000000000000      0x7af /home/francabrera/Desktop/Electrónica Digital III/TP_FINAL_LPC1769_CORTEXM3/CMSISv2p00_LPC17xx/Debug/libCMSISv2p00_LPC17xx.a(lpc17xx_timer.o)
 .debug_macro   0x0000000000000000      0x2c7 /home/francabrera/Desktop/Electrónica Digital III/TP_FINAL_LPC1769_CORTEXM3/CMSISv2p00_LPC17xx/Debug/libCMSISv2p00_LPC17xx.a(lpc17xx_timer.o)
 .debug_macro   0x0000000000000000       0x63 /home/francabrera/Desktop/Electrónica Digital III/TP_FINAL_LPC1769_CORTEXM3/CMSISv2p00_LPC17xx/Debug/libCMSISv2p00_LPC17xx.a(lpc17xx_timer.o)
 .debug_macro   0x0000000000000000      0x2f7 /home/francabrera/Desktop/Electrónica Digital III/TP_FINAL_LPC1769_CORTEXM3/CMSISv2p00_LPC17xx/Debug/libCMSISv2p00_LPC17xx.a(lpc17xx_timer.o)
 .debug_macro   0x0000000000000000       0xd7 /home/francabrera/Desktop/Electrónica Digital III/TP_FINAL_LPC1769_CORTEXM3/CMSISv2p00_LPC17xx/Debug/libCMSISv2p00_LPC17xx.a(lpc17xx_timer.o)
 .text          0x0000000000000000        0x0 /usr/local/mcuxpressoide-11.6.0_8187/ide/plugins/com.nxp.mcuxpresso.tools.linux_11.6.0.202112161359/tools/bin/../lib/gcc/arm-none-eabi/10.3.1/../../../../arm-none-eabi/lib/thumb/v7-m/nofp/libcr_c.a(__weak__main.o)
 .data          0x0000000000000000        0x0 /usr/local/mcuxpressoide-11.6.0_8187/ide/plugins/com.nxp.mcuxpresso.tools.linux_11.6.0.202112161359/tools/bin/../lib/gcc/arm-none-eabi/10.3.1/../../../../arm-none-eabi/lib/thumb/v7-m/nofp/libcr_c.a(__weak__main.o)
 .bss           0x0000000000000000        0x0 /usr/local/mcuxpressoide-11.6.0_8187/ide/plugins/com.nxp.mcuxpresso.tools.linux_11.6.0.202112161359/tools/bin/../lib/gcc/arm-none-eabi/10.3.1/../../../../arm-none-eabi/lib/thumb/v7-m/nofp/libcr_c.a(__weak__main.o)
 .text          0x0000000000000000        0x0 /usr/local/mcuxpressoide-11.6.0_8187/ide/plugins/com.nxp.mcuxpresso.tools.linux_11.6.0.202112161359/tools/bin/../lib/gcc/arm-none-eabi/10.3.1/thumb/v7-m/nofp/libcr_eabihelpers.a(division_64.o)
 .data          0x0000000000000000        0x0 /usr/local/mcuxpressoide-11.6.0_8187/ide/plugins/com.nxp.mcuxpresso.tools.linux_11.6.0.202112161359/tools/bin/../lib/gcc/arm-none-eabi/10.3.1/thumb/v7-m/nofp/libcr_eabihelpers.a(division_64.o)
 .bss           0x0000000000000000        0x0 /usr/local/mcuxpressoide-11.6.0_8187/ide/plugins/com.nxp.mcuxpresso.tools.linux_11.6.0.202112161359/tools/bin/../lib/gcc/arm-none-eabi/10.3.1/thumb/v7-m/nofp/libcr_eabihelpers.a(division_64.o)
 .text.__aeabi_division_ldivmod
                0x0000000000000000       0x26 /usr/local/mcuxpressoide-11.6.0_8187/ide/plugins/com.nxp.mcuxpresso.tools.linux_11.6.0.202112161359/tools/bin/../lib/gcc/arm-none-eabi/10.3.1/thumb/v7-m/nofp/libcr_eabihelpers.a(division_64.o)
 .text          0x0000000000000000        0x0 /usr/local/mcuxpressoide-11.6.0_8187/ide/plugins/com.nxp.mcuxpresso.tools.linux_11.6.0.202112161359/tools/bin/../lib/gcc/arm-none-eabi/10.3.1/thumb/v7-m/nofp/libcr_eabihelpers.a(division_idiv0.o)
 .data          0x0000000000000000        0x0 /usr/local/mcuxpressoide-11.6.0_8187/ide/plugins/com.nxp.mcuxpresso.tools.linux_11.6.0.202112161359/tools/bin/../lib/gcc/arm-none-eabi/10.3.1/thumb/v7-m/nofp/libcr_eabihelpers.a(division_idiv0.o)
 .bss           0x0000000000000000        0x0 /usr/local/mcuxpressoide-11.6.0_8187/ide/plugins/com.nxp.mcuxpresso.tools.linux_11.6.0.202112161359/tools/bin/../lib/gcc/arm-none-eabi/10.3.1/thumb/v7-m/nofp/libcr_eabihelpers.a(division_idiv0.o)

Memory Configuration

Name             Origin             Length             Attributes
MFlash512        0x0000000000000000 0x0000000000080000 xr
RamLoc32         0x0000000010000000 0x0000000000008000 xrw
RamAHB32         0x000000002007c000 0x0000000000008000 xrw
*default*        0x0000000000000000 0xffffffffffffffff

Linker script and memory map

LOAD ./src/TP_FINAL_Cabrera_Caramuti.o
LOAD ./src/cr_startup_lpc175x_6x.o
LOAD ./src/crp.o
LOAD ./src/initialconfig.o
LOAD /home/francabrera/Desktop/Electrónica Digital III/TP_FINAL_LPC1769_CORTEXM3/CMSISv2p00_LPC17xx/Debug/libCMSISv2p00_LPC17xx.a
START GROUP
LOAD /usr/local/mcuxpressoide-11.6.0_8187/ide/plugins/com.nxp.mcuxpresso.tools.linux_11.6.0.202112161359/tools/bin/../lib/gcc/arm-none-eabi/10.3.1/../../../../arm-none-eabi/lib/thumb/v7-m/nofp/libcr_c.a
LOAD /usr/local/mcuxpressoide-11.6.0_8187/ide/plugins/com.nxp.mcuxpresso.tools.linux_11.6.0.202112161359/tools/bin/../lib/gcc/arm-none-eabi/10.3.1/thumb/v7-m/nofp/libcr_eabihelpers.a
LOAD /usr/local/mcuxpressoide-11.6.0_8187/ide/plugins/com.nxp.mcuxpresso.tools.linux_11.6.0.202112161359/tools/bin/../lib/gcc/arm-none-eabi/10.3.1/thumb/v7-m/nofp/libgcc.a
END GROUP
                0x0000000000000000                __base_MFlash512 = 0x0
                0x0000000000000000                __base_Flash = 0x0
                0x0000000000080000                __top_MFlash512 = 0x80000
                0x0000000000080000                __top_Flash = 0x80000
                0x0000000010000000                __base_RamLoc32 = 0x10000000
                0x0000000010000000                __base_RAM = 0x10000000
                0x0000000010008000                __top_RamLoc32 = 0x10008000
                0x0000000010008000                __top_RAM = 0x10008000
                0x000000002007c000                __base_RamAHB32 = 0x2007c000
                0x000000002007c000                __base_RAM2 = 0x2007c000
                0x0000000020084000                __top_RamAHB32 = 0x20084000
                0x0000000020084000                __top_RAM2 = 0x20084000

.text           0x0000000000000000      0xce4
 FILL mask 0xff
                0x0000000000000000                __vectors_start__ = ABSOLUTE (.)
 *(.isr_vector)
 .isr_vector    0x0000000000000000       0xcc ./src/cr_startup_lpc175x_6x.o
                0x0000000000000000                g_pfnVectors
                0x00000000000000cc                . = ALIGN (0x4)
                0x00000000000000cc                __section_table_start = .
                0x00000000000000cc                __data_section_table = .
                0x00000000000000cc        0x4 LONG 0xce4 LOADADDR (.data)
                0x00000000000000d0        0x4 LONG 0x10000000 ADDR (.data)
                0x00000000000000d4        0x4 LONG 0x4 SIZEOF (.data)
                0x00000000000000d8        0x4 LONG 0xce4 LOADADDR (.data_RAM2)
                0x00000000000000dc        0x4 LONG 0x2007c000 ADDR (.data_RAM2)
                0x00000000000000e0        0x4 LONG 0x0 SIZEOF (.data_RAM2)
                0x00000000000000e4                __data_section_table_end = .
                0x00000000000000e4                __bss_section_table = .
                0x00000000000000e4        0x4 LONG 0x10000004 ADDR (.bss)
                0x00000000000000e8        0x4 LONG 0x4 SIZEOF (.bss)
                0x00000000000000ec        0x4 LONG 0x2007c000 ADDR (.bss_RAM2)
                0x00000000000000f0        0x4 LONG 0x0 SIZEOF (.bss_RAM2)
                0x00000000000000f4                __bss_section_table_end = .
                0x00000000000000f4                __section_table_end = .
 *(.after_vectors*)
 .after_vectors
                0x00000000000000f4      0x130 ./src/cr_startup_lpc175x_6x.o
                0x00000000000000f4                data_init
                0x0000000000000138                bss_init
                0x0000000000000170                ResetISR
                0x00000000000001e8                NMI_Handler
                0x00000000000001ee                HardFault_Handler
                0x00000000000001f4                MemManage_Handler
                0x00000000000001fa                BusFault_Handler
                0x0000000000000200                UsageFault_Handler
                0x0000000000000206                SVC_Handler
                0x000000000000020c                DebugMon_Handler
                0x0000000000000212                PendSV_Handler
                0x0000000000000218                SysTick_Handler
                0x000000000000021e                TIMER2_IRQHandler
                0x000000000000021e                RIT_IRQHandler
                0x000000000000021e                I2C0_IRQHandler
                0x000000000000021e                USBActivity_IRQHandler
                0x000000000000021e                PWM1_IRQHandler
                0x000000000000021e                I2C1_IRQHandler
                0x000000000000021e                UART1_IRQHandler
                0x000000000000021e                EINT3_IRQHandler
                0x000000000000021e                CANActivity_IRQHandler
                0x000000000000021e                TIMER3_IRQHandler
                0x000000000000021e                UART0_IRQHandler
                0x000000000000021e                IntDefaultHandler
                0x000000000000021e                PLL0_IRQHandler
                0x000000000000021e                CAN_IRQHandler
                0x000000000000021e                PLL1_IRQHandler
                0x000000000000021e                SSP0_IRQHandler
                0x000000000000021e                I2S_IRQHandler
                0x000000000000021e                I2C2_IRQHandler
                0x000000000000021e                RTC_IRQHandler
                0x000000000000021e                TIMER0_IRQHandler
                0x000000000000021e                SPI_IRQHandler
                0x000000000000021e                TIMER1_IRQHandler
                0x000000000000021e                UART2_IRQHandler
                0x000000000000021e                SSP1_IRQHandler
                0x000000000000021e                USB_IRQHandler
                0x000000000000021e                BOD_IRQHandler
                0x000000000000021e                WDT_IRQHandler
                0x000000000000021e                QEI_IRQHandler
                0x000000000000021e                DMA_IRQHandler
                0x000000000000021e                UART3_IRQHandler
                0x000000000000021e                MCPWM_IRQHandler
                0x000000000000021e                ENET_IRQHandler
                0x00000000000002fc                . = 0x2fc
 *fill*         0x0000000000000224       0xd8 ff
                0x00000000000002fc                PROVIDE (__CRP_WORD_START__ = .)
 *(.crp)
 .crp           0x00000000000002fc        0x4 ./src/crp.o
                0x00000000000002fc                CRP_WORD
                0x0000000000000300                PROVIDE (__CRP_WORD_END__ = .)
                0x0000000000000001                ASSERT (! ((__CRP_WORD_START__ == __CRP_WORD_END__)), Linker CRP Enabled, but no CRP_WORD provided within application)
 *(.text*)
 .text.main     0x0000000000000300        0xa ./src/TP_FINAL_Cabrera_Caramuti.o
                0x0000000000000300                main
 *fill*         0x000000000000030a        0x2 ff
 .text.EINT0_IRQHandler
                0x000000000000030c       0x48 ./src/TP_FINAL_Cabrera_Caramuti.o
                0x000000000000030c                EINT0_IRQHandler
 .text.EINT1_IRQHandler
                0x0000000000000354       0x48 ./src/TP_FINAL_Cabrera_Caramuti.o
                0x0000000000000354                EINT1_IRQHandler
 .text.EINT2_IRQHandler
                0x000000000000039c       0x48 ./src/TP_FINAL_Cabrera_Caramuti.o
                0x000000000000039c                EINT2_IRQHandler
 .text.ADC_IRQHandler
                0x00000000000003e4       0x30 ./src/TP_FINAL_Cabrera_Caramuti.o
                0x00000000000003e4                ADC_IRQHandler
 .text.NVIC_EnableIRQ
                0x0000000000000414       0x30 ./src/initialconfig.o
 .text.initialConfigurations
                0x0000000000000444       0x1a ./src/initialconfig.o
                0x0000000000000444                initialConfigurations
 *fill*         0x000000000000045e        0x2 ff
 .text.configEINT
                0x0000000000000460       0x90 ./src/initialconfig.o
 .text.configPIN
                0x00000000000004f0       0x3c ./src/initialconfig.o
 .text.configADC
                0x000000000000052c       0x60 ./src/initialconfig.o
 .text.configTIMER
                0x000000000000058c       0x68 ./src/initialconfig.o
 .text.SystemInit
                0x00000000000005f4       0xd8 /home/francabrera/Desktop/Electrónica Digital III/TP_FINAL_LPC1769_CORTEXM3/CMSISv2p00_LPC17xx/Debug/libCMSISv2p00_LPC17xx.a(system_LPC17xx.o)
                0x00000000000005f4                SystemInit
 .text.ADC_Init
                0x00000000000006cc       0x58 /home/francabrera/Desktop/Electrónica Digital III/TP_FINAL_LPC1769_CORTEXM3/CMSISv2p00_LPC17xx/Debug/libCMSISv2p00_LPC17xx.a(lpc17xx_adc.o)
                0x00000000000006cc                ADC_Init
 .text.ADC_StartCmd
                0x0000000000000724       0x3c /home/francabrera/Desktop/Electrónica Digital III/TP_FINAL_LPC1769_CORTEXM3/CMSISv2p00_LPC17xx/Debug/libCMSISv2p00_LPC17xx.a(lpc17xx_adc.o)
                0x0000000000000724                ADC_StartCmd
 .text.ADC_EdgeStartConfig
                0x0000000000000760       0x3c /home/francabrera/Desktop/Electrónica Digital III/TP_FINAL_LPC1769_CORTEXM3/CMSISv2p00_LPC17xx/Debug/libCMSISv2p00_LPC17xx.a(lpc17xx_adc.o)
                0x0000000000000760                ADC_EdgeStartConfig
 .text.ADC_IntConfig
                0x000000000000079c       0x44 /home/francabrera/Desktop/Electrónica Digital III/TP_FINAL_LPC1769_CORTEXM3/CMSISv2p00_LPC17xx/Debug/libCMSISv2p00_LPC17xx.a(lpc17xx_adc.o)
                0x000000000000079c                ADC_IntConfig
 .text.ADC_ChannelCmd
                0x00000000000007e0       0x34 /home/francabrera/Desktop/Electrónica Digital III/TP_FINAL_LPC1769_CORTEXM3/CMSISv2p00_LPC17xx/Debug/libCMSISv2p00_LPC17xx.a(lpc17xx_adc.o)
                0x00000000000007e0                ADC_ChannelCmd
 .text.CLKPWR_SetPCLKDiv
                0x0000000000000814       0x4c /home/francabrera/Desktop/Electrónica Digital III/TP_FINAL_LPC1769_CORTEXM3/CMSISv2p00_LPC17xx/Debug/libCMSISv2p00_LPC17xx.a(lpc17xx_clkpwr.o)
                0x0000000000000814                CLKPWR_SetPCLKDiv
 .text.CLKPWR_GetPCLKSEL
                0x0000000000000860       0x20 /home/francabrera/Desktop/Electrónica Digital III/TP_FINAL_LPC1769_CORTEXM3/CMSISv2p00_LPC17xx/Debug/libCMSISv2p00_LPC17xx.a(lpc17xx_clkpwr.o)
                0x0000000000000860                CLKPWR_GetPCLKSEL
 .text.CLKPWR_GetPCLK
                0x0000000000000880       0x20 /home/francabrera/Desktop/Electrónica Digital III/TP_FINAL_LPC1769_CORTEXM3/CMSISv2p00_LPC17xx/Debug/libCMSISv2p00_LPC17xx.a(lpc17xx_clkpwr.o)
                0x0000000000000880                CLKPWR_GetPCLK
 .text.CLKPWR_ConfigPPWR
                0x00000000000008a0       0x34 /home/francabrera/Desktop/Electrónica Digital III/TP_FINAL_LPC1769_CORTEXM3/CMSISv2p00_LPC17xx/Debug/libCMSISv2p00_LPC17xx.a(lpc17xx_clkpwr.o)
                0x00000000000008a0                CLKPWR_ConfigPPWR
 .text.check_failed
                0x00000000000008d4        0x2 /home/francabrera/Desktop/Electrónica Digital III/TP_FINAL_LPC1769_CORTEXM3/CMSISv2p00_LPC17xx/Debug/libCMSISv2p00_LPC17xx.a(lpc17xx_libcfg_default.o)
                0x00000000000008d4                check_failed
 *fill*         0x00000000000008d6        0x2 ff
 .text.TIM_Init
                0x00000000000008d8      0x15c /home/francabrera/Desktop/Electrónica Digital III/TP_FINAL_LPC1769_CORTEXM3/CMSISv2p00_LPC17xx/Debug/libCMSISv2p00_LPC17xx.a(lpc17xx_timer.o)
                0x00000000000008d8                TIM_Init
 .text.TIM_Cmd  0x0000000000000a34       0x48 /home/francabrera/Desktop/Electrónica Digital III/TP_FINAL_LPC1769_CORTEXM3/CMSISv2p00_LPC17xx/Debug/libCMSISv2p00_LPC17xx.a(lpc17xx_timer.o)
                0x0000000000000a34                TIM_Cmd
 .text.TIM_ConfigMatch
                0x0000000000000a7c       0xcc /home/francabrera/Desktop/Electrónica Digital III/TP_FINAL_LPC1769_CORTEXM3/CMSISv2p00_LPC17xx/Debug/libCMSISv2p00_LPC17xx.a(lpc17xx_timer.o)
                0x0000000000000a7c                TIM_ConfigMatch
 .text.__weak_main
                0x0000000000000b48        0x4 /usr/local/mcuxpressoide-11.6.0_8187/ide/plugins/com.nxp.mcuxpresso.tools.linux_11.6.0.202112161359/tools/bin/../lib/gcc/arm-none-eabi/10.3.1/../../../../arm-none-eabi/lib/thumb/v7-m/nofp/libcr_c.a(__weak__main.o)
                0x0000000000000b48                __main
                0x0000000000000b48                __weak_main
 .text.__aeabi_division_uldivmod
                0x0000000000000b4c      0x174 /usr/local/mcuxpressoide-11.6.0_8187/ide/plugins/com.nxp.mcuxpresso.tools.linux_11.6.0.202112161359/tools/bin/../lib/gcc/arm-none-eabi/10.3.1/thumb/v7-m/nofp/libcr_eabihelpers.a(division_64.o)
                0x0000000000000b4c                __aeabi_uldivmod
                0x0000000000000b50                __bhs_ldivmod1
 .text.__aeabi_division_idiv0
                0x0000000000000cc0        0x2 /usr/local/mcuxpressoide-11.6.0_8187/ide/plugins/com.nxp.mcuxpresso.tools.linux_11.6.0.202112161359/tools/bin/../lib/gcc/arm-none-eabi/10.3.1/thumb/v7-m/nofp/libcr_eabihelpers.a(division_idiv0.o)
                0x0000000000000cc0                __aeabi_idiv0
 *(.rodata .rodata.* .constdata .constdata.*)
 .rodata.ADC_Init.str1.1
                0x0000000000000cc2        0xe /home/francabrera/Desktop/Electrónica Digital III/TP_FINAL_LPC1769_CORTEXM3/CMSISv2p00_LPC17xx/Debug/libCMSISv2p00_LPC17xx.a(lpc17xx_adc.o)
 .rodata.CSWTCH.5
                0x0000000000000cd0        0x4 /home/francabrera/Desktop/Electrónica Digital III/TP_FINAL_LPC1769_CORTEXM3/CMSISv2p00_LPC17xx/Debug/libCMSISv2p00_LPC17xx.a(lpc17xx_clkpwr.o)
 .rodata.TIM_GetIntStatus.str1.1
                0x0000000000000cd4       0x10 /home/francabrera/Desktop/Electrónica Digital III/TP_FINAL_LPC1769_CORTEXM3/CMSISv2p00_LPC17xx/Debug/libCMSISv2p00_LPC17xx.a(lpc17xx_timer.o)
                0x0000000000000ce4                . = ALIGN (0x4)

.glue_7         0x0000000000000ce4        0x0
 .glue_7        0x0000000000000ce4        0x0 linker stubs

.glue_7t        0x0000000000000ce4        0x0
 .glue_7t       0x0000000000000ce4        0x0 linker stubs

.vfp11_veneer   0x0000000000000ce4        0x0
 .vfp11_veneer  0x0000000000000ce4        0x0 linker stubs

.v4_bx          0x0000000000000ce4        0x0
 .v4_bx         0x0000000000000ce4        0x0 linker stubs

.iplt           0x0000000000000ce4        0x0
 .iplt          0x0000000000000ce4        0x0 ./src/TP_FINAL_Cabrera_Caramuti.o

.rel.dyn        0x0000000000000ce4        0x0
 .rel.iplt      0x0000000000000ce4        0x0 ./src/TP_FINAL_Cabrera_Caramuti.o

.ARM.extab
 *(.ARM.extab* .gnu.linkonce.armextab.*)

.ARM.exidx      0x0000000000000ce4        0x0
                0x0000000000000ce4                __exidx_start = .
 *(.ARM.exidx* .gnu.linkonce.armexidx.*)
                0x0000000000000ce4                __exidx_end = .
                0x0000000000000ce4                _etext = .

.data_RAM2      0x000000002007c000        0x0 load address 0x0000000000000ce4
 FILL mask 0xff
                [!provide]                        PROVIDE (__start_data_RAM2 = .)
                [!provide]                        PROVIDE (__start_data_RamAHB32 = .)
 *(.ramfunc.$RAM2)
 *(.ramfunc.$RamAHB32)
 *(.data.$RAM2)
 *(.data.$RamAHB32)
 *(.data.$RAM2.*)
 *(.data.$RamAHB32.*)
                0x000000002007c000                . = ALIGN (0x4)
                [!provide]                        PROVIDE (__end_data_RAM2 = .)
                [!provide]                        PROVIDE (__end_data_RamAHB32 = .)

.uninit_RESERVED
                0x0000000010000000        0x0
                0x0000000010000000                _start_uninit_RESERVED = .
 *(.bss.$RESERVED*)
                0x0000000010000000                . = ALIGN (0x4)
                0x0000000010000000                _end_uninit_RESERVED = .

.data           0x0000000010000000        0x4 load address 0x0000000000000ce4
 FILL mask 0xff
                0x0000000010000000                _data = .
                [!provide]                        PROVIDE (__start_data_RAM = .)
                [!provide]                        PROVIDE (__start_data_RamLoc32 = .)
 *(vtable)
 *(.ramfunc*)
 *(CodeQuickAccess)
 *(DataQuickAccess)
 *(RamFunction)
 *(.data*)
 .data.SystemCoreClock
                0x0000000010000000        0x4 /home/francabrera/Desktop/Electrónica Digital III/TP_FINAL_LPC1769_CORTEXM3/CMSISv2p00_LPC17xx/Debug/libCMSISv2p00_LPC17xx.a(system_LPC17xx.o)
                0x0000000010000000                SystemCoreClock
                0x0000000010000004                . = ALIGN (0x4)
                0x0000000010000004                _edata = .
                [!provide]                        PROVIDE (__end_data_RAM = .)
                [!provide]                        PROVIDE (__end_data_RamLoc32 = .)

.igot.plt       0x0000000010000004        0x0 load address 0x0000000000000ce8
 .igot.plt      0x0000000010000004        0x0 ./src/TP_FINAL_Cabrera_Caramuti.o

.bss_RAM2       0x000000002007c000        0x0
                [!provide]                        PROVIDE (__start_bss_RAM2 = .)
                [!provide]                        PROVIDE (__start_bss_RamAHB32 = .)
 *(.bss.$RAM2)
 *(.bss.$RamAHB32)
 *(.bss.$RAM2.*)
 *(.bss.$RamAHB32.*)
                0x000000002007c000                . = ALIGN ((. != 0x0)?0x4:0x1)
                [!provide]                        PROVIDE (__end_bss_RAM2 = .)
                [!provide]                        PROVIDE (__end_bss_RamAHB32 = .)

.bss            0x0000000010000004        0x4
                0x0000000010000004                _bss = .
                [!provide]                        PROVIDE (__start_bss_RAM = .)
                [!provide]                        PROVIDE (__start_bss_RamLoc32 = .)
 *(.bss*)
 .bss.ADC0Value
                0x0000000010000004        0x4 ./src/TP_FINAL_Cabrera_Caramuti.o
                0x0000000010000004                ADC0Value
 *(COMMON)
                0x0000000010000008                . = ALIGN (0x4)
                0x0000000010000008                _ebss = .
                [!provide]                        PROVIDE (__end_bss_RAM = .)
                [!provide]                        PROVIDE (__end_bss_RamLoc32 = .)
                [!provide]                        PROVIDE (end = .)

.noinit_RAM2    0x000000002007c000        0x0
                [!provide]                        PROVIDE (__start_noinit_RAM2 = .)
                [!provide]                        PROVIDE (__start_noinit_RamAHB32 = .)
 *(.noinit.$RAM2)
 *(.noinit.$RamAHB32)
 *(.noinit.$RAM2.*)
 *(.noinit.$RamAHB32.*)
                0x000000002007c000                . = ALIGN (0x4)
                [!provide]                        PROVIDE (__end_noinit_RAM2 = .)
                [!provide]                        PROVIDE (__end_noinit_RamAHB32 = .)

.noinit         0x0000000010000008        0x0
                0x0000000010000008                _noinit = .
                [!provide]                        PROVIDE (__start_noinit_RAM = .)
                [!provide]                        PROVIDE (__start_noinit_RamLoc32 = .)
 *(.noinit*)
                0x0000000010000008                . = ALIGN (0x4)
                0x0000000010000008                _end_noinit = .
                [!provide]                        PROVIDE (__end_noinit_RAM = .)
                [!provide]                        PROVIDE (__end_noinit_RamLoc32 = .)
                [!provide]                        PROVIDE (_pvHeapStart = DEFINED (__user_heap_base)?__user_heap_base:.)
                0x0000000010008000                PROVIDE (_vStackTop = DEFINED (__user_stack_top)?__user_stack_top:(__top_RamLoc32 - 0x0))
                0xffffffffefff74c6                PROVIDE (__valid_user_code_checksum = (0x0 - ((((((_vStackTop + (ResetISR + 0x1)) + (NMI_Handler + 0x1)) + (HardFault_Handler + 0x1)) + (DEFINED (MemManage_Handler)?MemManage_Handler:0x0 + 0x1)) + (DEFINED (BusFault_Handler)?BusFault_Handler:0x0 + 0x1)) + (DEFINED (UsageFault_Handler)?UsageFault_Handler:0x0 + 0x1))))
                0x0000000000000000                _image_start = LOADADDR (.text)
                0x0000000000000ce8                _image_end = (LOADADDR (.data) + SIZEOF (.data))
                0x0000000000000ce8                _image_size = (_image_end - _image_start)
OUTPUT(TP_FINAL_Cabrera_Caramuti.axf elf32-littlearm)
LOAD linker stubs

.debug_info     0x0000000000000000     0x3835
 .debug_info    0x0000000000000000      0x72f ./src/TP_FINAL_Cabrera_Caramuti.o
 .debug_info    0x000000000000072f      0x27f ./src/cr_startup_lpc175x_6x.o
 .debug_info    0x00000000000009ae       0x40 ./src/crp.o
 .debug_info    0x00000000000009ee      0xe1e ./src/initialconfig.o
 .debug_info    0x000000000000180c      0x347 /home/francabrera/Desktop/Electrónica Digital III/TP_FINAL_LPC1769_CORTEXM3/CMSISv2p00_LPC17xx/Debug/libCMSISv2p00_LPC17xx.a(system_LPC17xx.o)
 .debug_info    0x0000000000001b53      0x8f0 /home/francabrera/Desktop/Electrónica Digital III/TP_FINAL_LPC1769_CORTEXM3/CMSISv2p00_LPC17xx/Debug/libCMSISv2p00_LPC17xx.a(lpc17xx_adc.o)
 .debug_info    0x0000000000002443      0x6ca /home/francabrera/Desktop/Electrónica Digital III/TP_FINAL_LPC1769_CORTEXM3/CMSISv2p00_LPC17xx/Debug/libCMSISv2p00_LPC17xx.a(lpc17xx_clkpwr.o)
 .debug_info    0x0000000000002b0d       0xd4 /home/francabrera/Desktop/Electrónica Digital III/TP_FINAL_LPC1769_CORTEXM3/CMSISv2p00_LPC17xx/Debug/libCMSISv2p00_LPC17xx.a(lpc17xx_libcfg_default.o)
 .debug_info    0x0000000000002be1      0xc54 /home/francabrera/Desktop/Electrónica Digital III/TP_FINAL_LPC1769_CORTEXM3/CMSISv2p00_LPC17xx/Debug/libCMSISv2p00_LPC17xx.a(lpc17xx_timer.o)

.debug_abbrev   0x0000000000000000      0xca2
 .debug_abbrev  0x0000000000000000      0x153 ./src/TP_FINAL_Cabrera_Caramuti.o
 .debug_abbrev  0x0000000000000153      0x122 ./src/cr_startup_lpc175x_6x.o
 .debug_abbrev  0x0000000000000275       0x38 ./src/crp.o
 .debug_abbrev  0x00000000000002ad      0x1fe ./src/initialconfig.o
 .debug_abbrev  0x00000000000004ab      0x10e /home/francabrera/Desktop/Electrónica Digital III/TP_FINAL_LPC1769_CORTEXM3/CMSISv2p00_LPC17xx/Debug/libCMSISv2p00_LPC17xx.a(system_LPC17xx.o)
 .debug_abbrev  0x00000000000005b9      0x1bb /home/francabrera/Desktop/Electrónica Digital III/TP_FINAL_LPC1769_CORTEXM3/CMSISv2p00_LPC17xx/Debug/libCMSISv2p00_LPC17xx.a(lpc17xx_adc.o)
 .debug_abbrev  0x0000000000000774      0x1f1 /home/francabrera/Desktop/Electrónica Digital III/TP_FINAL_LPC1769_CORTEXM3/CMSISv2p00_LPC17xx/Debug/libCMSISv2p00_LPC17xx.a(lpc17xx_clkpwr.o)
 .debug_abbrev  0x0000000000000965       0x75 /home/francabrera/Desktop/Electrónica Digital III/TP_FINAL_LPC1769_CORTEXM3/CMSISv2p00_LPC17xx/Debug/libCMSISv2p00_LPC17xx.a(lpc17xx_libcfg_default.o)
 .debug_abbrev  0x00000000000009da      0x2c8 /home/francabrera/Desktop/Electrónica Digital III/TP_FINAL_LPC1769_CORTEXM3/CMSISv2p00_LPC17xx/Debug/libCMSISv2p00_LPC17xx.a(lpc17xx_timer.o)

.debug_aranges  0x0000000000000000      0x2c0
 .debug_aranges
                0x0000000000000000       0x40 ./src/TP_FINAL_Cabrera_Caramuti.o
 .debug_aranges
                0x0000000000000040       0x80 ./src/cr_startup_lpc175x_6x.o
 .debug_aranges
                0x00000000000000c0       0x18 ./src/crp.o
 .debug_aranges
                0x00000000000000d8       0x48 ./src/initialconfig.o
 .debug_aranges
                0x0000000000000120       0x28 /home/francabrera/Desktop/Electrónica Digital III/TP_FINAL_LPC1769_CORTEXM3/CMSISv2p00_LPC17xx/Debug/libCMSISv2p00_LPC17xx.a(system_LPC17xx.o)
 .debug_aranges
                0x0000000000000148       0x80 /home/francabrera/Desktop/Electrónica Digital III/TP_FINAL_LPC1769_CORTEXM3/CMSISv2p00_LPC17xx/Debug/libCMSISv2p00_LPC17xx.a(lpc17xx_adc.o)
 .debug_aranges
                0x00000000000001c8       0x58 /home/francabrera/Desktop/Electrónica Digital III/TP_FINAL_LPC1769_CORTEXM3/CMSISv2p00_LPC17xx/Debug/libCMSISv2p00_LPC17xx.a(lpc17xx_clkpwr.o)
 .debug_aranges
                0x0000000000000220       0x20 /home/francabrera/Desktop/Electrónica Digital III/TP_FINAL_LPC1769_CORTEXM3/CMSISv2p00_LPC17xx/Debug/libCMSISv2p00_LPC17xx.a(lpc17xx_libcfg_default.o)
 .debug_aranges
                0x0000000000000240       0x80 /home/francabrera/Desktop/Electrónica Digital III/TP_FINAL_LPC1769_CORTEXM3/CMSISv2p00_LPC17xx/Debug/libCMSISv2p00_LPC17xx.a(lpc17xx_timer.o)

.debug_ranges   0x0000000000000000      0x2a0
 .debug_ranges  0x0000000000000000       0x30 ./src/TP_FINAL_Cabrera_Caramuti.o
 .debug_ranges  0x0000000000000030       0x70 ./src/cr_startup_lpc175x_6x.o
 .debug_ranges  0x00000000000000a0       0x38 ./src/initialconfig.o
 .debug_ranges  0x00000000000000d8       0x18 /home/francabrera/Desktop/Electrónica Digital III/TP_FINAL_LPC1769_CORTEXM3/CMSISv2p00_LPC17xx/Debug/libCMSISv2p00_LPC17xx.a(system_LPC17xx.o)
 .debug_ranges  0x00000000000000f0       0x70 /home/francabrera/Desktop/Electrónica Digital III/TP_FINAL_LPC1769_CORTEXM3/CMSISv2p00_LPC17xx/Debug/libCMSISv2p00_LPC17xx.a(lpc17xx_adc.o)
 .debug_ranges  0x0000000000000160       0x48 /home/francabrera/Desktop/Electrónica Digital III/TP_FINAL_LPC1769_CORTEXM3/CMSISv2p00_LPC17xx/Debug/libCMSISv2p00_LPC17xx.a(lpc17xx_clkpwr.o)
 .debug_ranges  0x00000000000001a8       0x10 /home/francabrera/Desktop/Electrónica Digital III/TP_FINAL_LPC1769_CORTEXM3/CMSISv2p00_LPC17xx/Debug/libCMSISv2p00_LPC17xx.a(lpc17xx_libcfg_default.o)
 .debug_ranges  0x00000000000001b8       0xe8 /home/francabrera/Desktop/Electrónica Digital III/TP_FINAL_LPC1769_CORTEXM3/CMSISv2p00_LPC17xx/Debug/libCMSISv2p00_LPC17xx.a(lpc17xx_timer.o)

.debug_macro    0x0000000000000000     0x3810
 .debug_macro   0x0000000000000000       0x7e ./src/TP_FINAL_Cabrera_Caramuti.o
 .debug_macro   0x000000000000007e      0xa7e ./src/TP_FINAL_Cabrera_Caramuti.o
 .debug_macro   0x0000000000000afc       0x1c ./src/TP_FINAL_Cabrera_Caramuti.o
 .debug_macro   0x0000000000000b18       0x2e ./src/TP_FINAL_Cabrera_Caramuti.o
 .debug_macro   0x0000000000000b46       0x10 ./src/TP_FINAL_Cabrera_Caramuti.o
 .debug_macro   0x0000000000000b56      0x12e ./src/TP_FINAL_Cabrera_Caramuti.o
 .debug_macro   0x0000000000000c84      0x5b3 ./src/TP_FINAL_Cabrera_Caramuti.o
 .debug_macro   0x0000000000001237       0x18 ./src/TP_FINAL_Cabrera_Caramuti.o
 .debug_macro   0x000000000000124f      0x7af ./src/TP_FINAL_Cabrera_Caramuti.o
 .debug_macro   0x00000000000019fe      0x2c7 ./src/TP_FINAL_Cabrera_Caramuti.o
 .debug_macro   0x0000000000001cc5       0x28 ./src/TP_FINAL_Cabrera_Caramuti.o
 .debug_macro   0x0000000000001ced       0x1d ./src/cr_startup_lpc175x_6x.o
 .debug_macro   0x0000000000001d0a       0x1a ./src/crp.o
 .debug_macro   0x0000000000001d24       0x34 ./src/crp.o
 .debug_macro   0x0000000000001d58       0x9f ./src/initialconfig.o
 .debug_macro   0x0000000000001df7       0x63 ./src/initialconfig.o
 .debug_macro   0x0000000000001e5a       0xe5 ./src/initialconfig.o
 .debug_macro   0x0000000000001f3f       0xea ./src/initialconfig.o
 .debug_macro   0x0000000000002029      0x12b /home/francabrera/Desktop/Electrónica Digital III/TP_FINAL_LPC1769_CORTEXM3/CMSISv2p00_LPC17xx/Debug/libCMSISv2p00_LPC17xx.a(system_LPC17xx.o)
 .debug_macro   0x0000000000002154      0xa78 /home/francabrera/Desktop/Electrónica Digital III/TP_FINAL_LPC1769_CORTEXM3/CMSISv2p00_LPC17xx/Debug/libCMSISv2p00_LPC17xx.a(system_LPC17xx.o)
 .debug_macro   0x0000000000002bcc       0x9f /home/francabrera/Desktop/Electrónica Digital III/TP_FINAL_LPC1769_CORTEXM3/CMSISv2p00_LPC17xx/Debug/libCMSISv2p00_LPC17xx.a(lpc17xx_adc.o)
 .debug_macro   0x0000000000002c6b      0x2f7 /home/francabrera/Desktop/Electrónica Digital III/TP_FINAL_LPC1769_CORTEXM3/CMSISv2p00_LPC17xx/Debug/libCMSISv2p00_LPC17xx.a(lpc17xx_adc.o)
 .debug_macro   0x0000000000002f62       0xd7 /home/francabrera/Desktop/Electrónica Digital III/TP_FINAL_LPC1769_CORTEXM3/CMSISv2p00_LPC17xx/Debug/libCMSISv2p00_LPC17xx.a(lpc17xx_adc.o)
 .debug_macro   0x0000000000003039       0x8d /home/francabrera/Desktop/Electrónica Digital III/TP_FINAL_LPC1769_CORTEXM3/CMSISv2p00_LPC17xx/Debug/libCMSISv2p00_LPC17xx.a(lpc17xx_clkpwr.o)
 .debug_macro   0x00000000000030c6      0x2f1 /home/francabrera/Desktop/Electrónica Digital III/TP_FINAL_LPC1769_CORTEXM3/CMSISv2p00_LPC17xx/Debug/libCMSISv2p00_LPC17xx.a(lpc17xx_clkpwr.o)
 .debug_macro   0x00000000000033b7       0x5a /home/francabrera/Desktop/Electrónica Digital III/TP_FINAL_LPC1769_CORTEXM3/CMSISv2p00_LPC17xx/Debug/libCMSISv2p00_LPC17xx.a(lpc17xx_libcfg_default.o)
 .debug_macro   0x0000000000003411       0x5d /home/francabrera/Desktop/Electrónica Digital III/TP_FINAL_LPC1769_CORTEXM3/CMSISv2p00_LPC17xx/Debug/libCMSISv2p00_LPC17xx.a(lpc17xx_libcfg_default.o)
 .debug_macro   0x000000000000346e       0xd1 /home/francabrera/Desktop/Electrónica Digital III/TP_FINAL_LPC1769_CORTEXM3/CMSISv2p00_LPC17xx/Debug/libCMSISv2p00_LPC17xx.a(lpc17xx_libcfg_default.o)
 .debug_macro   0x000000000000353f       0xa8 /home/francabrera/Desktop/Electrónica Digital III/TP_FINAL_LPC1769_CORTEXM3/CMSISv2p00_LPC17xx/Debug/libCMSISv2p00_LPC17xx.a(lpc17xx_timer.o)
 .debug_macro   0x00000000000035e7       0xe4 /home/francabrera/Desktop/Electrónica Digital III/TP_FINAL_LPC1769_CORTEXM3/CMSISv2p00_LPC17xx/Debug/libCMSISv2p00_LPC17xx.a(lpc17xx_timer.o)
 .debug_macro   0x00000000000036cb      0x145 /home/francabrera/Desktop/Electrónica Digital III/TP_FINAL_LPC1769_CORTEXM3/CMSISv2p00_LPC17xx/Debug/libCMSISv2p00_LPC17xx.a(lpc17xx_timer.o)

.debug_line     0x0000000000000000     0x23c5
 .debug_line    0x0000000000000000      0x2d9 ./src/TP_FINAL_Cabrera_Caramuti.o
 .debug_line    0x00000000000002d9      0x160 ./src/cr_startup_lpc175x_6x.o
 .debug_line    0x0000000000000439       0xb5 ./src/crp.o
 .debug_line    0x00000000000004ee      0x3c6 ./src/initialconfig.o
 .debug_line    0x00000000000008b4      0x43c /home/francabrera/Desktop/Electrónica Digital III/TP_FINAL_LPC1769_CORTEXM3/CMSISv2p00_LPC17xx/Debug/libCMSISv2p00_LPC17xx.a(system_LPC17xx.o)
 .debug_line    0x0000000000000cf0      0x6b2 /home/francabrera/Desktop/Electrónica Digital III/TP_FINAL_LPC1769_CORTEXM3/CMSISv2p00_LPC17xx/Debug/libCMSISv2p00_LPC17xx.a(lpc17xx_adc.o)
 .debug_line    0x00000000000013a2      0x483 /home/francabrera/Desktop/Electrónica Digital III/TP_FINAL_LPC1769_CORTEXM3/CMSISv2p00_LPC17xx/Debug/libCMSISv2p00_LPC17xx.a(lpc17xx_clkpwr.o)
 .debug_line    0x0000000000001825      0x23d /home/francabrera/Desktop/Electrónica Digital III/TP_FINAL_LPC1769_CORTEXM3/CMSISv2p00_LPC17xx/Debug/libCMSISv2p00_LPC17xx.a(lpc17xx_libcfg_default.o)
 .debug_line    0x0000000000001a62      0x963 /home/francabrera/Desktop/Electrónica Digital III/TP_FINAL_LPC1769_CORTEXM3/CMSISv2p00_LPC17xx/Debug/libCMSISv2p00_LPC17xx.a(lpc17xx_timer.o)

.debug_str      0x0000000000000000     0xc42f
 .debug_str     0x0000000000000000     0x87f7 ./src/TP_FINAL_Cabrera_Caramuti.o
                                       0x8870 (size before relaxing)
 .debug_str     0x00000000000087f7      0x1c2 ./src/cr_startup_lpc175x_6x.o
                                       0x2eec (size before relaxing)
 .debug_str     0x00000000000089b9       0xe9 ./src/crp.o
                                       0x2e0d (size before relaxing)
 .debug_str     0x0000000000008aa2     0x16d7 ./src/initialconfig.o
                                       0x9ee8 (size before relaxing)
 .debug_str     0x000000000000a179      0x454 /home/francabrera/Desktop/Electrónica Digital III/TP_FINAL_LPC1769_CORTEXM3/CMSISv2p00_LPC17xx/Debug/libCMSISv2p00_LPC17xx.a(system_LPC17xx.o)
                                       0x88cc (size before relaxing)
 .debug_str     0x000000000000a5cd     0x15b2 /home/francabrera/Desktop/Electrónica Digital III/TP_FINAL_LPC1769_CORTEXM3/CMSISv2p00_LPC17xx/Debug/libCMSISv2p00_LPC17xx.a(lpc17xx_adc.o)
                                       0xa4ac (size before relaxing)
 .debug_str     0x000000000000bb7f      0x100 /home/francabrera/Desktop/Electrónica Digital III/TP_FINAL_LPC1769_CORTEXM3/CMSISv2p00_LPC17xx/Debug/libCMSISv2p00_LPC17xx.a(lpc17xx_clkpwr.o)
                                       0x9ac6 (size before relaxing)
 .debug_str     0x000000000000bc7f       0x2d /home/francabrera/Desktop/Electrónica Digital III/TP_FINAL_LPC1769_CORTEXM3/CMSISv2p00_LPC17xx/Debug/libCMSISv2p00_LPC17xx.a(lpc17xx_libcfg_default.o)
                                       0x46ec (size before relaxing)
 .debug_str     0x000000000000bcac      0x783 /home/francabrera/Desktop/Electrónica Digital III/TP_FINAL_LPC1769_CORTEXM3/CMSISv2p00_LPC17xx/Debug/libCMSISv2p00_LPC17xx.a(lpc17xx_timer.o)
                                       0xaae4 (size before relaxing)

.comment        0x0000000000000000       0x49
 .comment       0x0000000000000000       0x49 ./src/TP_FINAL_Cabrera_Caramuti.o
                                         0x4a (size before relaxing)
 .comment       0x0000000000000049       0x4a ./src/cr_startup_lpc175x_6x.o
 .comment       0x0000000000000049       0x4a ./src/crp.o
 .comment       0x0000000000000049       0x4a ./src/initialconfig.o
 .comment       0x0000000000000049       0x4a /home/francabrera/Desktop/Electrónica Digital III/TP_FINAL_LPC1769_CORTEXM3/CMSISv2p00_LPC17xx/Debug/libCMSISv2p00_LPC17xx.a(system_LPC17xx.o)
 .comment       0x0000000000000049       0x4a /home/francabrera/Desktop/Electrónica Digital III/TP_FINAL_LPC1769_CORTEXM3/CMSISv2p00_LPC17xx/Debug/libCMSISv2p00_LPC17xx.a(lpc17xx_adc.o)
 .comment       0x0000000000000049       0x4a /home/francabrera/Desktop/Electrónica Digital III/TP_FINAL_LPC1769_CORTEXM3/CMSISv2p00_LPC17xx/Debug/libCMSISv2p00_LPC17xx.a(lpc17xx_clkpwr.o)
 .comment       0x0000000000000049       0x4a /home/francabrera/Desktop/Electrónica Digital III/TP_FINAL_LPC1769_CORTEXM3/CMSISv2p00_LPC17xx/Debug/libCMSISv2p00_LPC17xx.a(lpc17xx_libcfg_default.o)
 .comment       0x0000000000000049       0x4a /home/francabrera/Desktop/Electrónica Digital III/TP_FINAL_LPC1769_CORTEXM3/CMSISv2p00_LPC17xx/Debug/libCMSISv2p00_LPC17xx.a(lpc17xx_timer.o)
 .comment       0x0000000000000049       0x4a /usr/local/mcuxpressoide-11.6.0_8187/ide/plugins/com.nxp.mcuxpresso.tools.linux_11.6.0.202112161359/tools/bin/../lib/gcc/arm-none-eabi/10.3.1/../../../../arm-none-eabi/lib/thumb/v7-m/nofp/libcr_c.a(__weak__main.o)

.ARM.attributes
                0x0000000000000000       0x2b
 .ARM.attributes
                0x0000000000000000       0x2d ./src/TP_FINAL_Cabrera_Caramuti.o
 .ARM.attributes
                0x000000000000002d       0x2d ./src/cr_startup_lpc175x_6x.o
 .ARM.attributes
                0x000000000000005a       0x2d ./src/crp.o
 .ARM.attributes
                0x0000000000000087       0x2d ./src/initialconfig.o
 .ARM.attributes
                0x00000000000000b4       0x2d /home/francabrera/Desktop/Electrónica Digital III/TP_FINAL_LPC1769_CORTEXM3/CMSISv2p00_LPC17xx/Debug/libCMSISv2p00_LPC17xx.a(system_LPC17xx.o)
 .ARM.attributes
                0x00000000000000e1       0x2d /home/francabrera/Desktop/Electrónica Digital III/TP_FINAL_LPC1769_CORTEXM3/CMSISv2p00_LPC17xx/Debug/libCMSISv2p00_LPC17xx.a(lpc17xx_adc.o)
 .ARM.attributes
                0x000000000000010e       0x2d /home/francabrera/Desktop/Electrónica Digital III/TP_FINAL_LPC1769_CORTEXM3/CMSISv2p00_LPC17xx/Debug/libCMSISv2p00_LPC17xx.a(lpc17xx_clkpwr.o)
 .ARM.attributes
                0x000000000000013b       0x2d /home/francabrera/Desktop/Electrónica Digital III/TP_FINAL_LPC1769_CORTEXM3/CMSISv2p00_LPC17xx/Debug/libCMSISv2p00_LPC17xx.a(lpc17xx_libcfg_default.o)
 .ARM.attributes
                0x0000000000000168       0x2d /home/francabrera/Desktop/Electrónica Digital III/TP_FINAL_LPC1769_CORTEXM3/CMSISv2p00_LPC17xx/Debug/libCMSISv2p00_LPC17xx.a(lpc17xx_timer.o)
 .ARM.attributes
                0x0000000000000195       0x2d /usr/local/mcuxpressoide-11.6.0_8187/ide/plugins/com.nxp.mcuxpresso.tools.linux_11.6.0.202112161359/tools/bin/../lib/gcc/arm-none-eabi/10.3.1/../../../../arm-none-eabi/lib/thumb/v7-m/nofp/libcr_c.a(__weak__main.o)
 .ARM.attributes
                0x00000000000001c2       0x1b /usr/local/mcuxpressoide-11.6.0_8187/ide/plugins/com.nxp.mcuxpresso.tools.linux_11.6.0.202112161359/tools/bin/../lib/gcc/arm-none-eabi/10.3.1/thumb/v7-m/nofp/libcr_eabihelpers.a(division_64.o)
 .ARM.attributes
                0x00000000000001dd       0x1b /usr/local/mcuxpressoide-11.6.0_8187/ide/plugins/com.nxp.mcuxpresso.tools.linux_11.6.0.202112161359/tools/bin/../lib/gcc/arm-none-eabi/10.3.1/thumb/v7-m/nofp/libcr_eabihelpers.a(division_idiv0.o)

.debug_frame    0x0000000000000000      0x6c8
 .debug_frame   0x0000000000000000       0xac ./src/TP_FINAL_Cabrera_Caramuti.o
 .debug_frame   0x00000000000000ac      0x170 ./src/cr_startup_lpc175x_6x.o
 .debug_frame   0x000000000000021c       0xd0 ./src/initialconfig.o
 .debug_frame   0x00000000000002ec       0x3c /home/francabrera/Desktop/Electrónica Digital III/TP_FINAL_LPC1769_CORTEXM3/CMSISv2p00_LPC17xx/Debug/libCMSISv2p00_LPC17xx.a(system_LPC17xx.o)
 .debug_frame   0x0000000000000328      0x16c /home/francabrera/Desktop/Electrónica Digital III/TP_FINAL_LPC1769_CORTEXM3/CMSISv2p00_LPC17xx/Debug/libCMSISv2p00_LPC17xx.a(lpc17xx_adc.o)
 .debug_frame   0x0000000000000494       0xa0 /home/francabrera/Desktop/Electrónica Digital III/TP_FINAL_LPC1769_CORTEXM3/CMSISv2p00_LPC17xx/Debug/libCMSISv2p00_LPC17xx.a(lpc17xx_clkpwr.o)
 .debug_frame   0x0000000000000534       0x20 /home/francabrera/Desktop/Electrónica Digital III/TP_FINAL_LPC1769_CORTEXM3/CMSISv2p00_LPC17xx/Debug/libCMSISv2p00_LPC17xx.a(lpc17xx_libcfg_default.o)
 .debug_frame   0x0000000000000554      0x174 /home/francabrera/Desktop/Electrónica Digital III/TP_FINAL_LPC1769_CORTEXM3/CMSISv2p00_LPC17xx/Debug/libCMSISv2p00_LPC17xx.a(lpc17xx_timer.o)

.debug_loc      0x0000000000000000      0xe97
 .debug_loc     0x0000000000000000      0x5a9 /home/francabrera/Desktop/Electrónica Digital III/TP_FINAL_LPC1769_CORTEXM3/CMSISv2p00_LPC17xx/Debug/libCMSISv2p00_LPC17xx.a(lpc17xx_adc.o)
 .debug_loc     0x00000000000005a9      0x1fa /home/francabrera/Desktop/Electrónica Digital III/TP_FINAL_LPC1769_CORTEXM3/CMSISv2p00_LPC17xx/Debug/libCMSISv2p00_LPC17xx.a(lpc17xx_clkpwr.o)
 .debug_loc     0x00000000000007a3       0x2a /home/francabrera/Desktop/Electrónica Digital III/TP_FINAL_LPC1769_CORTEXM3/CMSISv2p00_LPC17xx/Debug/libCMSISv2p00_LPC17xx.a(lpc17xx_libcfg_default.o)
 .debug_loc     0x00000000000007cd      0x6ca /home/francabrera/Desktop/Electrónica Digital III/TP_FINAL_LPC1769_CORTEXM3/CMSISv2p00_LPC17xx/Debug/libCMSISv2p00_LPC17xx.a(lpc17xx_timer.o)

Cross Reference Table

Symbol                                            File
ADC0Value                                         ./src/TP_FINAL_Cabrera_Caramuti.o
ADC_BurstCmd                                      /home/francabrera/Desktop/Electrónica Digital III/TP_FINAL_LPC1769_CORTEXM3/CMSISv2p00_LPC17xx/Debug/libCMSISv2p00_LPC17xx.a(lpc17xx_adc.o)
ADC_ChannelCmd                                    /home/francabrera/Desktop/Electrónica Digital III/TP_FINAL_LPC1769_CORTEXM3/CMSISv2p00_LPC17xx/Debug/libCMSISv2p00_LPC17xx.a(lpc17xx_adc.o)
                                                  ./src/initialconfig.o
ADC_ChannelGetData                                /home/francabrera/Desktop/Electrónica Digital III/TP_FINAL_LPC1769_CORTEXM3/CMSISv2p00_LPC17xx/Debug/libCMSISv2p00_LPC17xx.a(lpc17xx_adc.o)
ADC_ChannelGetStatus                              /home/francabrera/Desktop/Electrónica Digital III/TP_FINAL_LPC1769_CORTEXM3/CMSISv2p00_LPC17xx/Debug/libCMSISv2p00_LPC17xx.a(lpc17xx_adc.o)
ADC_DeInit                                        /home/francabrera/Desktop/Electrónica Digital III/TP_FINAL_LPC1769_CORTEXM3/CMSISv2p00_LPC17xx/Debug/libCMSISv2p00_LPC17xx.a(lpc17xx_adc.o)
ADC_EdgeStartConfig                               /home/francabrera/Desktop/Electrónica Digital III/TP_FINAL_LPC1769_CORTEXM3/CMSISv2p00_LPC17xx/Debug/libCMSISv2p00_LPC17xx.a(lpc17xx_adc.o)
                                                  ./src/initialconfig.o
ADC_GetData                                       /home/francabrera/Desktop/Electrónica Digital III/TP_FINAL_LPC1769_CORTEXM3/CMSISv2p00_LPC17xx/Debug/libCMSISv2p00_LPC17xx.a(lpc17xx_adc.o)
ADC_GlobalGetData                                 /home/francabrera/Desktop/Electrónica Digital III/TP_FINAL_LPC1769_CORTEXM3/CMSISv2p00_LPC17xx/Debug/libCMSISv2p00_LPC17xx.a(lpc17xx_adc.o)
ADC_GlobalGetStatus                               /home/francabrera/Desktop/Electrónica Digital III/TP_FINAL_LPC1769_CORTEXM3/CMSISv2p00_LPC17xx/Debug/libCMSISv2p00_LPC17xx.a(lpc17xx_adc.o)
ADC_IRQHandler                                    ./src/TP_FINAL_Cabrera_Caramuti.o
ADC_Init                                          /home/francabrera/Desktop/Electrónica Digital III/TP_FINAL_LPC1769_CORTEXM3/CMSISv2p00_LPC17xx/Debug/libCMSISv2p00_LPC17xx.a(lpc17xx_adc.o)
                                                  ./src/initialconfig.o
ADC_IntConfig                                     /home/francabrera/Desktop/Electrónica Digital III/TP_FINAL_LPC1769_CORTEXM3/CMSISv2p00_LPC17xx/Debug/libCMSISv2p00_LPC17xx.a(lpc17xx_adc.o)
                                                  ./src/initialconfig.o
ADC_PowerdownCmd                                  /home/francabrera/Desktop/Electrónica Digital III/TP_FINAL_LPC1769_CORTEXM3/CMSISv2p00_LPC17xx/Debug/libCMSISv2p00_LPC17xx.a(lpc17xx_adc.o)
ADC_StartCmd                                      /home/francabrera/Desktop/Electrónica Digital III/TP_FINAL_LPC1769_CORTEXM3/CMSISv2p00_LPC17xx/Debug/libCMSISv2p00_LPC17xx.a(lpc17xx_adc.o)
                                                  ./src/initialconfig.o
BOD_IRQHandler                                    ./src/cr_startup_lpc175x_6x.o
BusFault_Handler                                  ./src/cr_startup_lpc175x_6x.o
CANActivity_IRQHandler                            ./src/cr_startup_lpc175x_6x.o
CAN_IRQHandler                                    ./src/cr_startup_lpc175x_6x.o
CLKPWR_ConfigPPWR                                 /home/francabrera/Desktop/Electrónica Digital III/TP_FINAL_LPC1769_CORTEXM3/CMSISv2p00_LPC17xx/Debug/libCMSISv2p00_LPC17xx.a(lpc17xx_clkpwr.o)
                                                  /home/francabrera/Desktop/Electrónica Digital III/TP_FINAL_LPC1769_CORTEXM3/CMSISv2p00_LPC17xx/Debug/libCMSISv2p00_LPC17xx.a(lpc17xx_timer.o)
                                                  /home/francabrera/Desktop/Electrónica Digital III/TP_FINAL_LPC1769_CORTEXM3/CMSISv2p00_LPC17xx/Debug/libCMSISv2p00_LPC17xx.a(lpc17xx_adc.o)
CLKPWR_DeepPowerDown                              /home/francabrera/Desktop/Electrónica Digital III/TP_FINAL_LPC1769_CORTEXM3/CMSISv2p00_LPC17xx/Debug/libCMSISv2p00_LPC17xx.a(lpc17xx_clkpwr.o)
CLKPWR_DeepSleep                                  /home/francabrera/Desktop/Electrónica Digital III/TP_FINAL_LPC1769_CORTEXM3/CMSISv2p00_LPC17xx/Debug/libCMSISv2p00_LPC17xx.a(lpc17xx_clkpwr.o)
CLKPWR_GetPCLK                                    /home/francabrera/Desktop/Electrónica Digital III/TP_FINAL_LPC1769_CORTEXM3/CMSISv2p00_LPC17xx/Debug/libCMSISv2p00_LPC17xx.a(lpc17xx_clkpwr.o)
                                                  /home/francabrera/Desktop/Electrónica Digital III/TP_FINAL_LPC1769_CORTEXM3/CMSISv2p00_LPC17xx/Debug/libCMSISv2p00_LPC17xx.a(lpc17xx_timer.o)
                                                  /home/francabrera/Desktop/Electrónica Digital III/TP_FINAL_LPC1769_CORTEXM3/CMSISv2p00_LPC17xx/Debug/libCMSISv2p00_LPC17xx.a(lpc17xx_adc.o)
CLKPWR_GetPCLKSEL                                 /home/francabrera/Desktop/Electrónica Digital III/TP_FINAL_LPC1769_CORTEXM3/CMSISv2p00_LPC17xx/Debug/libCMSISv2p00_LPC17xx.a(lpc17xx_clkpwr.o)
CLKPWR_PowerDown                                  /home/francabrera/Desktop/Electrónica Digital III/TP_FINAL_LPC1769_CORTEXM3/CMSISv2p00_LPC17xx/Debug/libCMSISv2p00_LPC17xx.a(lpc17xx_clkpwr.o)
CLKPWR_SetPCLKDiv                                 /home/francabrera/Desktop/Electrónica Digital III/TP_FINAL_LPC1769_CORTEXM3/CMSISv2p00_LPC17xx/Debug/libCMSISv2p00_LPC17xx.a(lpc17xx_clkpwr.o)
                                                  /home/francabrera/Desktop/Electrónica Digital III/TP_FINAL_LPC1769_CORTEXM3/CMSISv2p00_LPC17xx/Debug/libCMSISv2p00_LPC17xx.a(lpc17xx_timer.o)
CLKPWR_Sleep                                      /home/francabrera/Desktop/Electrónica Digital III/TP_FINAL_LPC1769_CORTEXM3/CMSISv2p00_LPC17xx/Debug/libCMSISv2p00_LPC17xx.a(lpc17xx_clkpwr.o)
CRP_WORD                                          ./src/crp.o
DMA_IRQHandler                                    ./src/cr_startup_lpc175x_6x.o
DebugMon_Handler                                  ./src/cr_startup_lpc175x_6x.o
EINT0_IRQHandler                                  ./src/TP_FINAL_Cabrera_Caramuti.o
EINT1_IRQHandler                                  ./src/TP_FINAL_Cabrera_Caramuti.o
EINT2_IRQHandler                                  ./src/TP_FINAL_Cabrera_Caramuti.o
EINT3_IRQHandler                                  ./src/cr_startup_lpc175x_6x.o
ENET_IRQHandler                                   ./src/cr_startup_lpc175x_6x.o
HardFault_Handler                                 ./src/cr_startup_lpc175x_6x.o
I2C0_IRQHandler                                   ./src/cr_startup_lpc175x_6x.o
I2C1_IRQHandler                                   ./src/cr_startup_lpc175x_6x.o
I2C2_IRQHandler                                   ./src/cr_startup_lpc175x_6x.o
I2S_IRQHandler                                    ./src/cr_startup_lpc175x_6x.o
IntDefaultHandler                                 ./src/cr_startup_lpc175x_6x.o
MCPWM_IRQHandler                                  ./src/cr_startup_lpc175x_6x.o
MemManage_Handler                                 ./src/cr_startup_lpc175x_6x.o
NMI_Handler                                       ./src/cr_startup_lpc175x_6x.o
PLL0_IRQHandler                                   ./src/cr_startup_lpc175x_6x.o
PLL1_IRQHandler                                   ./src/cr_startup_lpc175x_6x.o
PWM1_IRQHandler                                   ./src/cr_startup_lpc175x_6x.o
PendSV_Handler                                    ./src/cr_startup_lpc175x_6x.o
QEI_IRQHandler                                    ./src/cr_startup_lpc175x_6x.o
RIT_IRQHandler                                    ./src/cr_startup_lpc175x_6x.o
RTC_IRQHandler                                    ./src/cr_startup_lpc175x_6x.o
ResetISR                                          ./src/cr_startup_lpc175x_6x.o
SPI_IRQHandler                                    ./src/cr_startup_lpc175x_6x.o
SSP0_IRQHandler                                   ./src/cr_startup_lpc175x_6x.o
SSP1_IRQHandler                                   ./src/cr_startup_lpc175x_6x.o
SVC_Handler                                       ./src/cr_startup_lpc175x_6x.o
SysTick_Handler                                   ./src/cr_startup_lpc175x_6x.o
SystemCoreClock                                   /home/francabrera/Desktop/Electrónica Digital III/TP_FINAL_LPC1769_CORTEXM3/CMSISv2p00_LPC17xx/Debug/libCMSISv2p00_LPC17xx.a(system_LPC17xx.o)
                                                  /home/francabrera/Desktop/Electrónica Digital III/TP_FINAL_LPC1769_CORTEXM3/CMSISv2p00_LPC17xx/Debug/libCMSISv2p00_LPC17xx.a(lpc17xx_clkpwr.o)
SystemCoreClockUpdate                             /home/francabrera/Desktop/Electrónica Digital III/TP_FINAL_LPC1769_CORTEXM3/CMSISv2p00_LPC17xx/Debug/libCMSISv2p00_LPC17xx.a(system_LPC17xx.o)
SystemInit                                        /home/francabrera/Desktop/Electrónica Digital III/TP_FINAL_LPC1769_CORTEXM3/CMSISv2p00_LPC17xx/Debug/libCMSISv2p00_LPC17xx.a(system_LPC17xx.o)
                                                  ./src/cr_startup_lpc175x_6x.o
TIMER0_IRQHandler                                 ./src/cr_startup_lpc175x_6x.o
TIMER1_IRQHandler                                 ./src/cr_startup_lpc175x_6x.o
TIMER2_IRQHandler                                 ./src/cr_startup_lpc175x_6x.o
TIMER3_IRQHandler                                 ./src/cr_startup_lpc175x_6x.o
TIM_ClearIntCapturePending                        /home/francabrera/Desktop/Electrónica Digital III/TP_FINAL_LPC1769_CORTEXM3/CMSISv2p00_LPC17xx/Debug/libCMSISv2p00_LPC17xx.a(lpc17xx_timer.o)
TIM_ClearIntPending                               /home/francabrera/Desktop/Electrónica Digital III/TP_FINAL_LPC1769_CORTEXM3/CMSISv2p00_LPC17xx/Debug/libCMSISv2p00_LPC17xx.a(lpc17xx_timer.o)
TIM_Cmd                                           /home/francabrera/Desktop/Electrónica Digital III/TP_FINAL_LPC1769_CORTEXM3/CMSISv2p00_LPC17xx/Debug/libCMSISv2p00_LPC17xx.a(lpc17xx_timer.o)
                                                  ./src/initialconfig.o
TIM_ConfigCapture                                 /home/francabrera/Desktop/Electrónica Digital III/TP_FINAL_LPC1769_CORTEXM3/CMSISv2p00_LPC17xx/Debug/libCMSISv2p00_LPC17xx.a(lpc17xx_timer.o)
TIM_ConfigMatch                                   /home/francabrera/Desktop/Electrónica Digital III/TP_FINAL_LPC1769_CORTEXM3/CMSISv2p00_LPC17xx/Debug/libCMSISv2p00_LPC17xx.a(lpc17xx_timer.o)
                                                  ./src/initialconfig.o
TIM_ConfigStructInit                              /home/francabrera/Desktop/Electrónica Digital III/TP_FINAL_LPC1769_CORTEXM3/CMSISv2p00_LPC17xx/Debug/libCMSISv2p00_LPC17xx.a(lpc17xx_timer.o)
TIM_DeInit                                        /home/francabrera/Desktop/Electrónica Digital III/TP_FINAL_LPC1769_CORTEXM3/CMSISv2p00_LPC17xx/Debug/libCMSISv2p00_LPC17xx.a(lpc17xx_timer.o)
TIM_GetCaptureValue                               /home/francabrera/Desktop/Electrónica Digital III/TP_FINAL_LPC1769_CORTEXM3/CMSISv2p00_LPC17xx/Debug/libCMSISv2p00_LPC17xx.a(lpc17xx_timer.o)
TIM_GetIntCaptureStatus                           /home/francabrera/Desktop/Electrónica Digital III/TP_FINAL_LPC1769_CORTEXM3/CMSISv2p00_LPC17xx/Debug/libCMSISv2p00_LPC17xx.a(lpc17xx_timer.o)
TIM_GetIntStatus                                  /home/francabrera/Desktop/Electrónica Digital III/TP_FINAL_LPC1769_CORTEXM3/CMSISv2p00_LPC17xx/Debug/libCMSISv2p00_LPC17xx.a(lpc17xx_timer.o)
TIM_Init                                          /home/francabrera/Desktop/Electrónica Digital III/TP_FINAL_LPC1769_CORTEXM3/CMSISv2p00_LPC17xx/Debug/libCMSISv2p00_LPC17xx.a(lpc17xx_timer.o)
                                                  ./src/initialconfig.o
TIM_ResetCounter                                  /home/francabrera/Desktop/Electrónica Digital III/TP_FINAL_LPC1769_CORTEXM3/CMSISv2p00_LPC17xx/Debug/libCMSISv2p00_LPC17xx.a(lpc17xx_timer.o)
TIM_UpdateMatchValue                              /home/francabrera/Desktop/Electrónica Digital III/TP_FINAL_LPC1769_CORTEXM3/CMSISv2p00_LPC17xx/Debug/libCMSISv2p00_LPC17xx.a(lpc17xx_timer.o)
UART0_IRQHandler                                  ./src/cr_startup_lpc175x_6x.o
UART1_IRQHandler                                  ./src/cr_startup_lpc175x_6x.o
UART2_IRQHandler                                  ./src/cr_startup_lpc175x_6x.o
UART3_IRQHandler                                  ./src/cr_startup_lpc175x_6x.o
USBActivity_IRQHandler                            ./src/cr_startup_lpc175x_6x.o
USB_IRQHandler                                    ./src/cr_startup_lpc175x_6x.o
UsageFault_Handler                                ./src/cr_startup_lpc175x_6x.o
WDT_IRQHandler                                    ./src/cr_startup_lpc175x_6x.o
__aeabi_idiv0                                     /usr/local/mcuxpressoide-11.6.0_8187/ide/plugins/com.nxp.mcuxpresso.tools.linux_11.6.0.202112161359/tools/bin/../lib/gcc/arm-none-eabi/10.3.1/thumb/v7-m/nofp/libcr_eabihelpers.a(division_idiv0.o)
                                                  /usr/local/mcuxpressoide-11.6.0_8187/ide/plugins/com.nxp.mcuxpresso.tools.linux_11.6.0.202112161359/tools/bin/../lib/gcc/arm-none-eabi/10.3.1/thumb/v7-m/nofp/libcr_eabihelpers.a(division_64.o)
__aeabi_ldivmod                                   /usr/local/mcuxpressoide-11.6.0_8187/ide/plugins/com.nxp.mcuxpresso.tools.linux_11.6.0.202112161359/tools/bin/../lib/gcc/arm-none-eabi/10.3.1/thumb/v7-m/nofp/libcr_eabihelpers.a(division_64.o)
                                                  /home/francabrera/Desktop/Electrónica Digital III/TP_FINAL_LPC1769_CORTEXM3/CMSISv2p00_LPC17xx/Debug/libCMSISv2p00_LPC17xx.a(system_LPC17xx.o)
__aeabi_uldivmod                                  /usr/local/mcuxpressoide-11.6.0_8187/ide/plugins/com.nxp.mcuxpresso.tools.linux_11.6.0.202112161359/tools/bin/../lib/gcc/arm-none-eabi/10.3.1/thumb/v7-m/nofp/libcr_eabihelpers.a(division_64.o)
                                                  /home/francabrera/Desktop/Electrónica Digital III/TP_FINAL_LPC1769_CORTEXM3/CMSISv2p00_LPC17xx/Debug/libCMSISv2p00_LPC17xx.a(lpc17xx_timer.o)
                                                  /home/francabrera/Desktop/Electrónica Digital III/TP_FINAL_LPC1769_CORTEXM3/CMSISv2p00_LPC17xx/Debug/libCMSISv2p00_LPC17xx.a(system_LPC17xx.o)
__bhs_ldivmod1                                    /usr/local/mcuxpressoide-11.6.0_8187/ide/plugins/com.nxp.mcuxpresso.tools.linux_11.6.0.202112161359/tools/bin/../lib/gcc/arm-none-eabi/10.3.1/thumb/v7-m/nofp/libcr_eabihelpers.a(division_64.o)
__bss_section_table_end                           ./src/cr_startup_lpc175x_6x.o
__data_section_table                              ./src/cr_startup_lpc175x_6x.o
__data_section_table_end                          ./src/cr_startup_lpc175x_6x.o
__main                                            /usr/local/mcuxpressoide-11.6.0_8187/ide/plugins/com.nxp.mcuxpresso.tools.linux_11.6.0.202112161359/tools/bin/../lib/gcc/arm-none-eabi/10.3.1/../../../../arm-none-eabi/lib/thumb/v7-m/nofp/libcr_c.a(__weak__main.o)
                                                  ./src/cr_startup_lpc175x_6x.o
__valid_user_code_checksum                        ./src/cr_startup_lpc175x_6x.o
__weak_main                                       /usr/local/mcuxpressoide-11.6.0_8187/ide/plugins/com.nxp.mcuxpresso.tools.linux_11.6.0.202112161359/tools/bin/../lib/gcc/arm-none-eabi/10.3.1/../../../../arm-none-eabi/lib/thumb/v7-m/nofp/libcr_c.a(__weak__main.o)
_vStackTop                                        ./src/cr_startup_lpc175x_6x.o
bss_init                                          ./src/cr_startup_lpc175x_6x.o
check_failed                                      /home/francabrera/Desktop/Electrónica Digital III/TP_FINAL_LPC1769_CORTEXM3/CMSISv2p00_LPC17xx/Debug/libCMSISv2p00_LPC17xx.a(lpc17xx_libcfg_default.o)
                                                  /home/francabrera/Desktop/Electrónica Digital III/TP_FINAL_LPC1769_CORTEXM3/CMSISv2p00_LPC17xx/Debug/libCMSISv2p00_LPC17xx.a(lpc17xx_timer.o)
                                                  /home/francabrera/Desktop/Electrónica Digital III/TP_FINAL_LPC1769_CORTEXM3/CMSISv2p00_LPC17xx/Debug/libCMSISv2p00_LPC17xx.a(lpc17xx_adc.o)
data_init                                         ./src/cr_startup_lpc175x_6x.o
g_pfnVectors                                      ./src/cr_startup_lpc175x_6x.o
initialConfigurations                             ./src/initialconfig.o
                                                  ./src/TP_FINAL_Cabrera_Caramuti.o
main                                              ./src/TP_FINAL_Cabrera_Caramuti.o
                                                  /usr/local/mcuxpressoide-11.6.0_8187/ide/plugins/com.nxp.mcuxpresso.tools.linux_11.6.0.202112161359/tools/bin/../lib/gcc/arm-none-eabi/10.3.1/../../../../arm-none-eabi/lib/thumb/v7-m/nofp/libcr_c.a(__weak__main.o)
