../src/TP_FINAL_Cabrera_Caramuti.c:30:5:main	16	static
../src/TP_FINAL_Cabrera_Caramuti.c:51:6:EINT0_IRQHandler	8	static
../src/TP_FINAL_Cabrera_Caramuti.c:61:6:EINT1_IRQHandler	8	static
../src/TP_FINAL_Cabrera_Caramuti.c:71:6:EINT2_IRQHandler	8	static
../src/TP_FINAL_Cabrera_Caramuti.c:76:6:EINT3_IRQHandler	4	static
../src/TP_FINAL_Cabrera_Caramuti.c:83:6:ADC_IRQHandler	24	static
../src/TP_FINAL_Cabrera_Caramuti.c:97:6:sendData	32	static
../src/TP_FINAL_Cabrera_Caramuti.c:112:6:finish	8	static
../src/TP_FINAL_Cabrera_Caramuti.c:121:6:TIMER1_IRQHandler	8	static
